../../Drivers/CMSIS/Include/core_cm4.h:1933:34:__NVIC_SystemReset	4	static,ignoring_inline_asm
../../Drivers/STM32WBxx_HAL_Driver/Inc/stm32wbxx_ll_system.h:2162:26:LL_FLASH_IsActiveFlag_OperationSuspended	4	static
F:/Nejc/Projekti/BLEMeshHomeAutomation/BLE_MeshLightingPRFNode/STM32_WPAN/app/appli_mesh.c:247:13:Appli_ShortButtonPress	8	static
F:/Nejc/Projekti/BLEMeshHomeAutomation/BLE_MeshLightingPRFNode/STM32_WPAN/app/appli_mesh.c:258:13:Appli_LongButtonPress	8	static
F:/Nejc/Projekti/BLEMeshHomeAutomation/BLE_MeshLightingPRFNode/STM32_WPAN/app/appli_mesh.c:397:13:Appli_UpdateButtonState	24	static
F:/Nejc/Projekti/BLEMeshHomeAutomation/BLE_MeshLightingPRFNode/STM32_WPAN/app/appli_mesh.c:422:13:Mesh_Task	8	static
F:/Nejc/Projekti/BLEMeshHomeAutomation/BLE_MeshLightingPRFNode/STM32_WPAN/app/appli_mesh.c:450:13:Appli_Task	8	static
F:/Nejc/Projekti/BLEMeshHomeAutomation/BLE_MeshLightingPRFNode/STM32_WPAN/app/appli_mesh.c:468:6:Appli_LedCtrl	8	static
F:/Nejc/Projekti/BLEMeshHomeAutomation/BLE_MeshLightingPRFNode/STM32_WPAN/app/appli_mesh.c:489:14:Appli_LedBlink	8	static
F:/Nejc/Projekti/BLEMeshHomeAutomation/BLE_MeshLightingPRFNode/STM32_WPAN/app/appli_mesh.c:509:14:Appli_LedStateCtrlCb	16	static
F:/Nejc/Projekti/BLEMeshHomeAutomation/BLE_MeshLightingPRFNode/STM32_WPAN/app/appli_mesh.c:532:14:Appli_BleStackInitCb	4	static
F:/Nejc/Projekti/BLEMeshHomeAutomation/BLE_MeshLightingPRFNode/STM32_WPAN/app/appli_mesh.c:544:14:Appli_BleSetTxPowerCb	16	static
F:/Nejc/Projekti/BLEMeshHomeAutomation/BLE_MeshLightingPRFNode/STM32_WPAN/app/appli_mesh.c:564:14:Appli_BleSetUUIDCb	32	static
F:/Nejc/Projekti/BLEMeshHomeAutomation/BLE_MeshLightingPRFNode/STM32_WPAN/app/appli_mesh.c:602:14:Appli_BleSetProductInfoCB	24	static
F:/Nejc/Projekti/BLEMeshHomeAutomation/BLE_MeshLightingPRFNode/STM32_WPAN/app/appli_mesh.c:626:6:Appli_BleGattConnectionCompleteCb	8	static
F:/Nejc/Projekti/BLEMeshHomeAutomation/BLE_MeshLightingPRFNode/STM32_WPAN/app/appli_mesh.c:640:6:Appli_BleGattDisconnectionCompleteCb	8	static
F:/Nejc/Projekti/BLEMeshHomeAutomation/BLE_MeshLightingPRFNode/STM32_WPAN/app/appli_mesh.c:654:6:Appli_BleUnprovisionedIdentifyCb	16	static
F:/Nejc/Projekti/BLEMeshHomeAutomation/BLE_MeshLightingPRFNode/STM32_WPAN/app/appli_mesh.c:667:12:Appli_BleSetNumberOfElementsCb	8	static
F:/Nejc/Projekti/BLEMeshHomeAutomation/BLE_MeshLightingPRFNode/STM32_WPAN/app/appli_mesh.c:692:14:Appli_BleAttentionTimerCb	4	static
F:/Nejc/Projekti/BLEMeshHomeAutomation/BLE_MeshLightingPRFNode/STM32_WPAN/app/appli_mesh.c:708:6:Appli_BleOutputOOBAuthCb	16	static
F:/Nejc/Projekti/BLEMeshHomeAutomation/BLE_MeshLightingPRFNode/STM32_WPAN/app/appli_mesh.c:767:13:Appli_BleInputOOBAuthCb	16	static
F:/Nejc/Projekti/BLEMeshHomeAutomation/BLE_MeshLightingPRFNode/STM32_WPAN/app/appli_mesh.c:812:6:Appli_BleSerialInputOOBValue	16	static
F:/Nejc/Projekti/BLEMeshHomeAutomation/BLE_MeshLightingPRFNode/STM32_WPAN/app/appli_mesh.c:833:12:Appli_BleDisableFilterCb	4	static
F:/Nejc/Projekti/BLEMeshHomeAutomation/BLE_MeshLightingPRFNode/STM32_WPAN/app/appli_mesh.c:843:6:Appli_CheckForUnprovision	16	static
F:/Nejc/Projekti/BLEMeshHomeAutomation/BLE_MeshLightingPRFNode/STM32_WPAN/app/appli_mesh.c:912:6:Appli_Unprovision	8	static
F:/Nejc/Projekti/BLEMeshHomeAutomation/BLE_MeshLightingPRFNode/STM32_WPAN/app/appli_mesh.c:936:5:Appli_CheckBdMacAddr	24	static
F:/Nejc/Projekti/BLEMeshHomeAutomation/BLE_MeshLightingPRFNode/STM32_WPAN/app/appli_mesh.c:1002:13:Appli_GetMACfromUniqueNumber	16	static
F:/Nejc/Projekti/BLEMeshHomeAutomation/BLE_MeshLightingPRFNode/STM32_WPAN/app/appli_mesh.c:1074:6:BLEMesh_UnprovisionCallback	16	static
F:/Nejc/Projekti/BLEMeshHomeAutomation/BLE_MeshLightingPRFNode/STM32_WPAN/app/appli_mesh.c:1103:14:BLEMesh_ScanDevices	24	static
F:/Nejc/Projekti/BLEMeshHomeAutomation/BLE_MeshLightingPRFNode/STM32_WPAN/app/appli_mesh.c:1131:14:BLEMesh_ProvisionDevice	24	static
F:/Nejc/Projekti/BLEMeshHomeAutomation/BLE_MeshLightingPRFNode/STM32_WPAN/app/appli_mesh.c:1147:6:BLEMesh_PbAdvLinkOpenCb	8	static
F:/Nejc/Projekti/BLEMeshHomeAutomation/BLE_MeshLightingPRFNode/STM32_WPAN/app/appli_mesh.c:1165:6:BLEMesh_PbAdvLinkCloseCb	8	static
F:/Nejc/Projekti/BLEMeshHomeAutomation/BLE_MeshLightingPRFNode/STM32_WPAN/app/appli_mesh.c:1182:6:BLEMesh_ProvisionCallback	8	static
F:/Nejc/Projekti/BLEMeshHomeAutomation/BLE_MeshLightingPRFNode/STM32_WPAN/app/appli_mesh.c:1202:6:BLEMesh_ConfigurationCallback	4	static
F:/Nejc/Projekti/BLEMeshHomeAutomation/BLE_MeshLightingPRFNode/STM32_WPAN/app/appli_mesh.c:1226:6:BLEMesh_FnFriendshipEstablishedCallback	16	static
F:/Nejc/Projekti/BLEMeshHomeAutomation/BLE_MeshLightingPRFNode/STM32_WPAN/app/appli_mesh.c:1252:6:BLEMesh_FnFriendshipClearedCallback	16	static
F:/Nejc/Projekti/BLEMeshHomeAutomation/BLE_MeshLightingPRFNode/STM32_WPAN/app/appli_mesh.c:1278:6:BLEMesh_LpnFriendshipEstablishedCallback	16	static
F:/Nejc/Projekti/BLEMeshHomeAutomation/BLE_MeshLightingPRFNode/STM32_WPAN/app/appli_mesh.c:1291:6:BLEMesh_LpnFriendshipClearedCallback	16	static
F:/Nejc/Projekti/BLEMeshHomeAutomation/BLE_MeshLightingPRFNode/STM32_WPAN/app/appli_mesh.c:1315:6:BLEMesh_NeighborAppearedCallback	32	static
F:/Nejc/Projekti/BLEMeshHomeAutomation/BLE_MeshLightingPRFNode/STM32_WPAN/app/appli_mesh.c:1380:6:BLEMesh_NeighborRefreshedCallback	32	static
F:/Nejc/Projekti/BLEMeshHomeAutomation/BLE_MeshLightingPRFNode/STM32_WPAN/app/appli_mesh.c:1488:6:BLEMesh_CustomBeaconGeneratorCallback	32	static
F:/Nejc/Projekti/BLEMeshHomeAutomation/BLE_MeshLightingPRFNode/STM32_WPAN/app/appli_mesh.c:1508:6:Appli_LowPowerProcess	4	static
F:/Nejc/Projekti/BLEMeshHomeAutomation/BLE_MeshLightingPRFNode/STM32_WPAN/app/appli_mesh.c:1545:6:Appli_IntensityControlPublishing	16	static
F:/Nejc/Projekti/BLEMeshHomeAutomation/BLE_MeshLightingPRFNode/STM32_WPAN/app/appli_mesh.c:1583:6:IntensityPublish	4	static
F:/Nejc/Projekti/BLEMeshHomeAutomation/BLE_MeshLightingPRFNode/STM32_WPAN/app/appli_mesh.c:1611:6:Appli_Process	4	static
F:/Nejc/Projekti/BLEMeshHomeAutomation/BLE_MeshLightingPRFNode/STM32_WPAN/app/appli_mesh.c:1639:13:UnprovisionedDeviceBeaconApp	8	static
F:/Nejc/Projekti/BLEMeshHomeAutomation/BLE_MeshLightingPRFNode/STM32_WPAN/app/appli_mesh.c:1644:13:UnprovisionedDeviceBeaconTask	8	static
F:/Nejc/Projekti/BLEMeshHomeAutomation/BLE_MeshLightingPRFNode/STM32_WPAN/app/appli_mesh.c:1667:13:AppliMeshSW1Task	8	static
F:/Nejc/Projekti/BLEMeshHomeAutomation/BLE_MeshLightingPRFNode/STM32_WPAN/app/appli_mesh.c:1750:6:Appli_Init	16	static
F:/Nejc/Projekti/BLEMeshHomeAutomation/BLE_MeshLightingPRFNode/STM32_WPAN/app/appli_mesh.c:1833:6:Appli_GetPublicationParamsCb	16	static
F:/Nejc/Projekti/BLEMeshHomeAutomation/BLE_MeshLightingPRFNode/STM32_WPAN/app/appli_mesh.c:1849:13:PWM_CoolValue	24	static
F:/Nejc/Projekti/BLEMeshHomeAutomation/BLE_MeshLightingPRFNode/STM32_WPAN/app/appli_mesh.c:1868:13:PWM_WarmValue	24	static
F:/Nejc/Projekti/BLEMeshHomeAutomation/BLE_MeshLightingPRFNode/STM32_WPAN/app/appli_mesh.c:1887:13:PwmValueMapping	24	static
F:/Nejc/Projekti/BLEMeshHomeAutomation/BLE_MeshLightingPRFNode/STM32_WPAN/app/appli_mesh.c:1968:1:SerialPrvn_ProvisioningStatusUpdateCb	16	static
