F:/Nejc/Projekti/BLEMeshHomeAutomation/BLE_MeshLightingPRFNode/STM32_WPAN/app/appli_light.c:1114:6:Appli_Light_PwmInit	8	static
F:/Nejc/Projekti/BLEMeshHomeAutomation/BLE_MeshLightingPRFNode/STM32_WPAN/app/appli_light.c:1229:6:Rgb_LedOffState	4	static
F:/Nejc/Projekti/BLEMeshHomeAutomation/BLE_MeshLightingPRFNode/STM32_WPAN/app/appli_light.c:1243:6:Ctl_LedOffState	4	static
F:/Nejc/Projekti/BLEMeshHomeAutomation/BLE_MeshLightingPRFNode/STM32_WPAN/app/appli_light.c:1255:6:Light_UpdateLedValue	24	static
