F:/Nejc/Projekti/BLEMeshHomeAutomation/H7MeshProvisioner/Drivers/STM32H7xx_HAL_Driver/Src/stm32h7xx_hal_flash.c:741:13:HAL_FLASH_EndOfOperationCallback	0	static
F:/Nejc/Projekti/BLEMeshHomeAutomation/H7MeshProvisioner/Drivers/STM32H7xx_HAL_Driver/Src/stm32h7xx_hal_flash.c:759:13:HAL_FLASH_OperationErrorCallback	0	static
F:/Nejc/Projekti/BLEMeshHomeAutomation/H7MeshProvisioner/Drivers/STM32H7xx_HAL_Driver/Src/stm32h7xx_hal_flash.c:471:6:HAL_FLASH_IRQHandler	8	static
F:/Nejc/Projekti/BLEMeshHomeAutomation/H7MeshProvisioner/Drivers/STM32H7xx_HAL_Driver/Src/stm32h7xx_hal_flash.c:792:19:HAL_FLASH_Unlock	0	static
F:/Nejc/Projekti/BLEMeshHomeAutomation/H7MeshProvisioner/Drivers/STM32H7xx_HAL_Driver/Src/stm32h7xx_hal_flash.c:829:19:HAL_FLASH_Lock	0	static
F:/Nejc/Projekti/BLEMeshHomeAutomation/H7MeshProvisioner/Drivers/STM32H7xx_HAL_Driver/Src/stm32h7xx_hal_flash.c:858:19:HAL_FLASH_OB_Unlock	0	static
F:/Nejc/Projekti/BLEMeshHomeAutomation/H7MeshProvisioner/Drivers/STM32H7xx_HAL_Driver/Src/stm32h7xx_hal_flash.c:880:19:HAL_FLASH_OB_Lock	0	static
F:/Nejc/Projekti/BLEMeshHomeAutomation/H7MeshProvisioner/Drivers/STM32H7xx_HAL_Driver/Src/stm32h7xx_hal_flash.c:976:10:HAL_FLASH_GetError	0	static
F:/Nejc/Projekti/BLEMeshHomeAutomation/H7MeshProvisioner/Drivers/STM32H7xx_HAL_Driver/Src/stm32h7xx_hal_flash.c:1001:19:FLASH_WaitForLastOperation	16	static
F:/Nejc/Projekti/BLEMeshHomeAutomation/H7MeshProvisioner/Drivers/STM32H7xx_HAL_Driver/Src/stm32h7xx_hal_flash.c:154:19:HAL_FLASH_Program	16	static,ignoring_inline_asm
F:/Nejc/Projekti/BLEMeshHomeAutomation/H7MeshProvisioner/Drivers/STM32H7xx_HAL_Driver/Src/stm32h7xx_hal_flash.c:317:19:HAL_FLASH_Program_IT	16	static,ignoring_inline_asm
F:/Nejc/Projekti/BLEMeshHomeAutomation/H7MeshProvisioner/Drivers/STM32H7xx_HAL_Driver/Src/stm32h7xx_hal_flash.c:1085:19:FLASH_OB_WaitForLastOperation	16	static
F:/Nejc/Projekti/BLEMeshHomeAutomation/H7MeshProvisioner/Drivers/STM32H7xx_HAL_Driver/Src/stm32h7xx_hal_flash.c:1124:19:FLASH_CRC_WaitForLastOperation	24	static
F:/Nejc/Projekti/BLEMeshHomeAutomation/H7MeshProvisioner/Drivers/STM32H7xx_HAL_Driver/Src/stm32h7xx_hal_flash.c:898:19:HAL_FLASH_OB_Launch	8	static
