../../Drivers/CMSIS/Include/core_cm7.h:1902:22:__NVIC_EnableIRQ	0	static,ignoring_inline_asm
../../Drivers/CMSIS/Include/core_cm7.h:1940:22:__NVIC_DisableIRQ	0	static,ignoring_inline_asm
../../Drivers/CMSIS/Include/core_cm7.h:2032:22:__NVIC_SetPriority	0	static
../../Drivers/CMSIS/Include/core_cm7.h:2054:26:__NVIC_GetPriority	0	static
../../Drivers/CMSIS/Include/core_cm7.h:2079:26:NVIC_EncodePriority	4	static
../../Drivers/CMSIS/Include/core_cm7.h:2106:22:NVIC_DecodePriority	8	static
../../Drivers/CMSIS/Include/core_cm7.h:2156:34:__NVIC_SystemReset	0	static,ignoring_inline_asm
F:/Nejc/Projekti/BLEMeshHomeAutomation/H7MeshProvisioner/Drivers/STM32H7xx_HAL_Driver/Src/stm32h7xx_hal_cortex.c:142:6:HAL_NVIC_SetPriorityGrouping	0	static
F:/Nejc/Projekti/BLEMeshHomeAutomation/H7MeshProvisioner/Drivers/STM32H7xx_HAL_Driver/Src/stm32h7xx_hal_cortex.c:164:6:HAL_NVIC_SetPriority	8	static
F:/Nejc/Projekti/BLEMeshHomeAutomation/H7MeshProvisioner/Drivers/STM32H7xx_HAL_Driver/Src/stm32h7xx_hal_cortex.c:186:6:HAL_NVIC_EnableIRQ	8	static
F:/Nejc/Projekti/BLEMeshHomeAutomation/H7MeshProvisioner/Drivers/STM32H7xx_HAL_Driver/Src/stm32h7xx_hal_cortex.c:202:6:HAL_NVIC_DisableIRQ	8	static
F:/Nejc/Projekti/BLEMeshHomeAutomation/H7MeshProvisioner/Drivers/STM32H7xx_HAL_Driver/Src/stm32h7xx_hal_cortex.c:215:6:HAL_NVIC_SystemReset	8	static
F:/Nejc/Projekti/BLEMeshHomeAutomation/H7MeshProvisioner/Drivers/STM32H7xx_HAL_Driver/Src/stm32h7xx_hal_cortex.c:228:10:HAL_SYSTICK_Config	0	static
F:/Nejc/Projekti/BLEMeshHomeAutomation/H7MeshProvisioner/Drivers/STM32H7xx_HAL_Driver/Src/stm32h7xx_hal_cortex.c:256:6:HAL_MPU_Disable	0	static,ignoring_inline_asm
F:/Nejc/Projekti/BLEMeshHomeAutomation/H7MeshProvisioner/Drivers/STM32H7xx_HAL_Driver/Src/stm32h7xx_hal_cortex.c:279:6:HAL_MPU_Enable	0	static,ignoring_inline_asm
F:/Nejc/Projekti/BLEMeshHomeAutomation/H7MeshProvisioner/Drivers/STM32H7xx_HAL_Driver/Src/stm32h7xx_hal_cortex.c:297:6:HAL_MPU_ConfigRegion	0	static
F:/Nejc/Projekti/BLEMeshHomeAutomation/H7MeshProvisioner/Drivers/STM32H7xx_HAL_Driver/Src/stm32h7xx_hal_cortex.c:341:10:HAL_NVIC_GetPriorityGrouping	0	static
F:/Nejc/Projekti/BLEMeshHomeAutomation/H7MeshProvisioner/Drivers/STM32H7xx_HAL_Driver/Src/stm32h7xx_hal_cortex.c:368:6:HAL_NVIC_GetPriority	16	static
F:/Nejc/Projekti/BLEMeshHomeAutomation/H7MeshProvisioner/Drivers/STM32H7xx_HAL_Driver/Src/stm32h7xx_hal_cortex.c:383:6:HAL_NVIC_SetPendingIRQ	0	static
F:/Nejc/Projekti/BLEMeshHomeAutomation/H7MeshProvisioner/Drivers/STM32H7xx_HAL_Driver/Src/stm32h7xx_hal_cortex.c:401:10:HAL_NVIC_GetPendingIRQ	0	static
F:/Nejc/Projekti/BLEMeshHomeAutomation/H7MeshProvisioner/Drivers/STM32H7xx_HAL_Driver/Src/stm32h7xx_hal_cortex.c:417:6:HAL_NVIC_ClearPendingIRQ	0	static
F:/Nejc/Projekti/BLEMeshHomeAutomation/H7MeshProvisioner/Drivers/STM32H7xx_HAL_Driver/Src/stm32h7xx_hal_cortex.c:434:10:HAL_NVIC_GetActive	0	static
F:/Nejc/Projekti/BLEMeshHomeAutomation/H7MeshProvisioner/Drivers/STM32H7xx_HAL_Driver/Src/stm32h7xx_hal_cortex.c:451:6:HAL_SYSTICK_CLKSourceConfig	0	static
F:/Nejc/Projekti/BLEMeshHomeAutomation/H7MeshProvisioner/Drivers/STM32H7xx_HAL_Driver/Src/stm32h7xx_hal_cortex.c:478:13:HAL_SYSTICK_Callback	0	static
F:/Nejc/Projekti/BLEMeshHomeAutomation/H7MeshProvisioner/Drivers/STM32H7xx_HAL_Driver/Src/stm32h7xx_hal_cortex.c:469:6:HAL_SYSTICK_IRQHandler	8	static
F:/Nejc/Projekti/BLEMeshHomeAutomation/H7MeshProvisioner/Drivers/STM32H7xx_HAL_Driver/Src/stm32h7xx_hal_cortex.c:509:10:HAL_GetCurrentCPUID	0	static
