../Application/User/libs/communication_ex.c:114:20:debugMessage	16	static
../Application/User/libs/communication_ex.c:121:20:Protocol_ConvertMessage	24	static
../Application/User/libs/communication_ex.c:131:17:Protocol_CalcChecksum	24	static
../Application/User/libs/communication_ex.c:142:12:Protocol_CheckChecksum	24	static
../Application/User/libs/communication_ex.c:148:24:_SendData	24	static
../Application/User/libs/communication_ex.c:161:24:_ReceiveData	24	static
../Application/User/libs/communication_ex.c:174:17:Protocol_Send	32	static
../Application/User/libs/communication_ex.c:197:17:Protocol_Receive	24	static
../Application/User/libs/communication_ex.c:214:6:FSM_HandleEvent	24	static
../Application/User/libs/communication_ex.c:228:6:FSM_RegisterEvent	32	static
../Application/User/libs/communication_ex.c:251:20:FSM_GetEvent	24	static
../Application/User/libs/communication_ex.c:261:6:FSM_FreeEvent	16	static
../Application/User/libs/communication_ex.c:270:6:FSM_FreeEventsDeleteQueue	16	static
../Application/User/libs/communication_ex.c:282:6:FSM_Idle	16	static
../Application/User/libs/communication_ex.c:290:6:FSM_Setup	16	static
../Application/User/libs/communication_ex.c:312:6:FSM_Transmit	64	static
../Application/User/libs/communication_ex.c:337:6:FSM_Receive	16	static
../Application/User/libs/communication_ex.c:347:6:FSM_Execute	320	static
../Application/User/libs/communication_ex.c:389:6:FSM_Error	120	static
../Application/User/libs/communication_ex.c:421:13:Protocol_Process_Messsage	8	static
../Application/User/libs/communication_ex.c:481:6:HAL_GPIO_EXTI_Callback	16	static
