../Application/User/libs/communication_ex.c:120:20:debugMessage	16	static
../Application/User/libs/communication_ex.c:127:20:Protocol_ConvertMessage	24	static
../Application/User/libs/communication_ex.c:137:17:Protocol_CalcChecksum	24	static
../Application/User/libs/communication_ex.c:148:12:Protocol_CheckChecksum	24	static
../Application/User/libs/communication_ex.c:154:24:_SendData	24	static
../Application/User/libs/communication_ex.c:167:24:_ReceiveData	24	static
../Application/User/libs/communication_ex.c:180:17:Protocol_Send	32	static
../Application/User/libs/communication_ex.c:203:17:Protocol_Receive	24	static
../Application/User/libs/communication_ex.c:220:6:FSM_HandleEvent	24	static
../Application/User/libs/communication_ex.c:234:6:FSM_RegisterEvent	32	static
../Application/User/libs/communication_ex.c:257:20:FSM_GetEvent	24	static
../Application/User/libs/communication_ex.c:267:6:FSM_FreeEvent	16	static
../Application/User/libs/communication_ex.c:276:6:FSM_FreeEventsDeleteQueue	16	static
../Application/User/libs/communication_ex.c:288:6:FSM_Idle	16	static
../Application/User/libs/communication_ex.c:296:6:FSM_Setup	16	static
../Application/User/libs/communication_ex.c:318:6:FSM_Transmit	64	static
../Application/User/libs/communication_ex.c:346:6:FSM_Receive	16	static
../Application/User/libs/communication_ex.c:356:6:FSM_Execute	320	static
../Application/User/libs/communication_ex.c:414:6:FSM_Error	120	static
../Application/User/libs/communication_ex.c:446:13:Protocol_Process_Messsage	8	static
../Application/User/libs/communication_ex.c:506:6:GUI_QueueMessage	16	static
../Application/User/libs/communication_ex.c:516:5:GUI_NofitfyProvision	32	static
../Application/User/libs/communication_ex.c:532:5:GUI_NotifyScan	32	static
../Application/User/libs/communication_ex.c:550:6:HAL_GPIO_EXTI_Callback	16	static
