../Application/User/libs/communication_ex.c:118:20:debugMessage	16	static
../Application/User/libs/communication_ex.c:125:20:Protocol_ConvertMessage	24	static
../Application/User/libs/communication_ex.c:135:17:Protocol_CalcChecksum	24	static
../Application/User/libs/communication_ex.c:146:12:Protocol_CheckChecksum	24	static
../Application/User/libs/communication_ex.c:152:24:_SendData	24	static
../Application/User/libs/communication_ex.c:165:24:_ReceiveData	24	static
../Application/User/libs/communication_ex.c:178:17:Protocol_Send	32	static
../Application/User/libs/communication_ex.c:201:17:Protocol_Receive	24	static
../Application/User/libs/communication_ex.c:218:6:FSM_HandleEvent	24	static
../Application/User/libs/communication_ex.c:232:6:FSM_RegisterEvent	32	static
../Application/User/libs/communication_ex.c:255:20:FSM_GetEvent	24	static
../Application/User/libs/communication_ex.c:265:6:FSM_FreeEvent	16	static
../Application/User/libs/communication_ex.c:274:6:FSM_FreeEventsDeleteQueue	16	static
../Application/User/libs/communication_ex.c:286:6:FSM_Idle	16	static
../Application/User/libs/communication_ex.c:294:6:FSM_Setup	16	static
../Application/User/libs/communication_ex.c:316:6:FSM_Transmit	64	static
../Application/User/libs/communication_ex.c:348:6:FSM_Receive	16	static
../Application/User/libs/communication_ex.c:358:6:FSM_Execute	320	static
../Application/User/libs/communication_ex.c:403:6:FSM_Error	120	static
../Application/User/libs/communication_ex.c:435:13:Protocol_Process_Messsage	8	static
../Application/User/libs/communication_ex.c:495:6:GUI_QueueMessage	16	static
../Application/User/libs/communication_ex.c:505:6:HAL_GPIO_EXTI_Callback	16	static
