../Application/User/libs/communication_ex.c:111:20:debugMessage	16	static
../Application/User/libs/communication_ex.c:118:20:Protocol_ConvertMessage	24	static
../Application/User/libs/communication_ex.c:128:17:Protocol_CalcChecksum	24	static
../Application/User/libs/communication_ex.c:139:12:Protocol_CheckChecksum	24	static
../Application/User/libs/communication_ex.c:145:24:_SendData	24	static
../Application/User/libs/communication_ex.c:158:24:_ReceiveData	24	static
../Application/User/libs/communication_ex.c:171:17:Protocol_Send	32	static
../Application/User/libs/communication_ex.c:194:17:Protocol_Receive	24	static
../Application/User/libs/communication_ex.c:211:6:FSM_HandleEvent	24	static
../Application/User/libs/communication_ex.c:225:6:FSM_RegisterEvent	32	static
../Application/User/libs/communication_ex.c:248:20:FSM_GetEvent	24	static
../Application/User/libs/communication_ex.c:258:6:FSM_FreeEvent	16	static
../Application/User/libs/communication_ex.c:267:6:FSM_FreeEventsDeleteQueue	16	static
../Application/User/libs/communication_ex.c:279:6:FSM_Idle	16	static
../Application/User/libs/communication_ex.c:287:6:FSM_Setup	16	static
../Application/User/libs/communication_ex.c:309:6:FSM_Transmit	64	static
../Application/User/libs/communication_ex.c:334:6:FSM_Receive	16	static
../Application/User/libs/communication_ex.c:344:6:FSM_Execute	312	static
../Application/User/libs/communication_ex.c:376:6:FSM_Error	120	static
../Application/User/libs/communication_ex.c:408:13:Protocol_Process_Messsage	8	static
../Application/User/libs/communication_ex.c:468:6:HAL_GPIO_EXTI_Callback	16	static
