../Application/User/libs/communication_ex.c:128:20:Protocol_ConvertMessage	0	static
../Application/User/libs/communication_ex.c:138:17:Protocol_CalcChecksum	0	static
../Application/User/libs/communication_ex.c:149:12:Protocol_CheckChecksum	8	static
../Application/User/libs/communication_ex.c:155:24:_SendData	24	static
../Application/User/libs/communication_ex.c:170:24:_ReceiveData	24	static
../Application/User/libs/communication_ex.c:500:13:Protocol_Process_Messsage	8	static
../Application/User/libs/communication_ex.c:121:20:debugMessage	8	static
../Application/User/libs/communication_ex.c:293:6:FSM_Idle	8	static
../Application/User/libs/communication_ex.c:185:17:Protocol_Send	40	static
../Application/User/libs/communication_ex.c:208:17:Protocol_Receive	16	static
../Application/User/libs/communication_ex.c:225:6:FSM_HandleEvent	16	static
../Application/User/libs/communication_ex.c:239:6:FSM_RegisterEvent	24	static
../Application/User/libs/communication_ex.c:301:6:FSM_Setup	16	static
../Application/User/libs/communication_ex.c:323:6:FSM_Transmit	64	static
../Application/User/libs/communication_ex.c:363:6:FSM_Receive	16	static
../Application/User/libs/communication_ex.c:262:20:FSM_GetEvent	8	static
../Application/User/libs/communication_ex.c:272:6:FSM_FreeEvent	8	static
../Application/User/libs/communication_ex.c:281:6:FSM_FreeEventsDeleteQueue	8	static
../Application/User/libs/communication_ex.c:560:6:GUI_QueueMessage	16	static
../Application/User/libs/communication_ex.c:480:6:GUI_ReportError	72	static
../Application/User/libs/communication_ex.c:449:6:FSM_Error	56	static
../Application/User/libs/communication_ex.c:570:6:HAL_GPIO_EXTI_Callback	8	static
../Application/User/libs/communication_ex.c:585:6:FSM_EncodePayload	24	static
../Application/User/libs/communication_ex.c:599:23:FSM_DecodePayload	24	static
../Application/User/libs/communication_ex.c:651:6:FSM_FreeDecodedPayload	8	static
../Application/User/libs/communication_ex.c:385:6:FSM_Execute	56	static
