../Application/User/libs/communication_ex.c:115:20:debugMessage	16	static
../Application/User/libs/communication_ex.c:122:20:Protocol_ConvertMessage	24	static
../Application/User/libs/communication_ex.c:132:17:Protocol_CalcChecksum	24	static
../Application/User/libs/communication_ex.c:143:12:Protocol_CheckChecksum	24	static
../Application/User/libs/communication_ex.c:149:24:_SendData	24	static
../Application/User/libs/communication_ex.c:162:24:_ReceiveData	24	static
../Application/User/libs/communication_ex.c:175:17:Protocol_Send	32	static
../Application/User/libs/communication_ex.c:198:17:Protocol_Receive	24	static
../Application/User/libs/communication_ex.c:215:6:FSM_HandleEvent	24	static
../Application/User/libs/communication_ex.c:229:6:FSM_RegisterEvent	32	static
../Application/User/libs/communication_ex.c:252:20:FSM_GetEvent	24	static
../Application/User/libs/communication_ex.c:262:6:FSM_FreeEvent	16	static
../Application/User/libs/communication_ex.c:271:6:FSM_FreeEventsDeleteQueue	16	static
../Application/User/libs/communication_ex.c:283:6:FSM_Idle	16	static
../Application/User/libs/communication_ex.c:291:6:FSM_Setup	16	static
../Application/User/libs/communication_ex.c:313:6:FSM_Transmit	64	static
../Application/User/libs/communication_ex.c:341:6:FSM_Receive	16	static
../Application/User/libs/communication_ex.c:351:6:FSM_Execute	320	static
../Application/User/libs/communication_ex.c:401:6:FSM_Error	120	static
../Application/User/libs/communication_ex.c:433:13:Protocol_Process_Messsage	8	static
../Application/User/libs/communication_ex.c:493:6:HAL_GPIO_EXTI_Callback	16	static
