../../Drivers/CMSIS/Include/core_cm7.h:2156:34:__NVIC_SystemReset	0	static,ignoring_inline_asm
../Application/User/libs/node_config.c:80:20:debugMessage	8	static
../Application/User/libs/node_config.c:87:6:NC_Init	8	static
../Application/User/libs/node_config.c:164:6:NC_ReportItems	8	static
../Application/User/libs/node_config.c:174:6:NC_AddSubscription	120	static
../Application/User/libs/node_config.c:190:6:NC_RemoveSubscription	120	static
../Application/User/libs/node_config.c:206:9:NC_HexCharToInt	0	static
../Application/User/libs/node_config.c:153:6:NC_CheckEnabledModelsFeatures	16	static
../Application/User/libs/node_config.c:219:24:NC_GetNodeFromAddress	0	static
../Application/User/libs/node_config.c:231:16:NC_GetConfigNodeFromAddress	0	static
../Application/User/libs/node_config.c:243:24:NC_GetNodeNetworkAddress	0	static
../Application/User/libs/node_config.c:249:24:NC_GetNodeNetworkAddressArray	0	static
../Application/User/libs/node_config.c:255:16:NC_GetNodeConfigArray	0	static
../Application/User/libs/node_config.c:261:10:NC_GetNumOfConfNodes	0	static
../Application/User/libs/node_config.c:267:6:NC_IncrementNumOfConfNodes	0	static
../Application/User/libs/node_config.c:273:6:NC_DecrementNumOfConfNodes	0	static
../Application/User/libs/node_config.c:279:5:NC_GetNumOfModels	0	static
../Application/User/libs/node_config.c:290:20:NC_GetAllModels	0	static
../Application/User/libs/node_config.c:296:20:NC_GetAllFeatures	0	static
../Application/User/libs/node_config.c:302:20:NC_GetAllGroupAddresses	0	static
../Application/User/libs/node_config.c:308:5:NC_GetPopCount	8	static
../Application/User/libs/node_config.c:314:20:NC_GetNodeFeature	24	static
../Application/User/libs/node_config.c:339:7:NC_GetNodeModelString	16	static
../Application/User/libs/node_config.c:351:7:NC_GetNodeFeatureString	16	static
../Application/User/libs/node_config.c:363:6:NC_AddModel	0	static
../Application/User/libs/node_config.c:369:6:NC_FillMissingNodeModels	8	static
../Application/User/libs/node_config.c:384:6:NC_DeleteConfiguredNode	16	static
../Application/User/libs/node_config.c:422:10:NC_GetValueFromBitmask	0	static
../Application/User/libs/node_config.c:434:6:NC_ChangeNodeName	8	static
../Application/User/libs/node_config.c:446:6:NC_ClearNodeNetworkAddressArray	4	static
../Application/User/libs/node_config.c:132:6:NC_ReportFoundNodes	48	static
../Application/User/libs/node_config.c:399:5:NC_ProvisionNode	32	static
../Application/User/libs/node_config.c:454:6:NC_ResetDevice	8	static
../Application/User/libs/node_config.c:464:5:NC_IsDeviceConfigured	0	static
../Application/User/libs/node_config.c:470:6:NC_SetDeviceConfiguredFlag	0	static
