../Application/User/libs/node_config.c:66:6:NC_Init	8	static
../Application/User/libs/node_config.c:79:6:NC_ReportFoundNodes	48	static
../Application/User/libs/node_config.c:110:6:NC_ReportItems	8	static
../Application/User/libs/node_config.c:120:6:NC_AddSubscription	4	static
../Application/User/libs/node_config.c:131:9:NC_HexCharToInt	0	static
../Application/User/libs/node_config.c:99:6:NC_CheckEnabledModelsFeatures	16	static
../Application/User/libs/node_config.c:144:24:NC_GetNodeFromAddress	0	static
../Application/User/libs/node_config.c:156:24:NC_GetNodeNetworkAddress	0	static
../Application/User/libs/node_config.c:162:24:NC_GetNodeNetworkAddressArray	0	static
../Application/User/libs/node_config.c:168:16:NC_GetNodeConfigArray	0	static
../Application/User/libs/node_config.c:174:10:NC_GetNumOfConfModels	0	static
../Application/User/libs/node_config.c:180:6:NC_IncrementNumOfConfModels	0	static
../Application/User/libs/node_config.c:186:5:NC_GetNumOfModels	0	static
../Application/User/libs/node_config.c:197:20:NC_GetAllModels	0	static
../Application/User/libs/node_config.c:203:20:NC_GetAllFeatures	0	static
../Application/User/libs/node_config.c:209:20:NC_GetAllGroupAddresses	0	static
../Application/User/libs/node_config.c:215:5:NC_GetPopCount	8	static
../Application/User/libs/node_config.c:221:20:NC_GetNodeFeature	24	static
../Application/User/libs/node_config.c:246:7:NC_GetNodeModelString	16	static
../Application/User/libs/node_config.c:258:7:NC_GetNodeFeatureString	16	static
