../../Middlewares/ST/touchgfx/framework/include/touchgfx/Drawable.hpp:121:18:virtual void touchgfx::Drawable::invalidateContent() const	16	static
../../Middlewares/ST/touchgfx/framework/include/touchgfx/Drawable.hpp:233:10:void touchgfx::Drawable::setPosition(int16_t, int16_t, int16_t, int16_t)	24	static
../../Middlewares/ST/touchgfx/framework/include/touchgfx/Drawable.hpp:343:10:void touchgfx::Drawable::setXY(int16_t, int16_t)	16	static
../../Middlewares/ST/touchgfx/framework/include/touchgfx/Drawable.hpp:413:10:void touchgfx::Drawable::setWidthHeight(int16_t, int16_t)	16	static
../../Middlewares/ST/touchgfx/framework/include/touchgfx/Drawable.hpp:515:10:void touchgfx::Drawable::setVisible(bool)	16	static
../../Middlewares/ST/touchgfx/framework/include/touchgfx/Screen.hpp:104:18:virtual void touchgfx::Screen::afterTransition()	16	static
../../Middlewares/ST/touchgfx/framework/include/touchgfx/Screen.hpp:115:18:virtual void touchgfx::Screen::tearDownScreen()	16	static
../../Middlewares/ST/touchgfx/framework/include/touchgfx/Screen.hpp:154:18:virtual void touchgfx::Screen::handleKeyEvent(uint8_t)	16	static
../../TouchGFX/generated/gui_generated/include/gui_generated/adddevicescreen_screen/AddDeviceScreenViewBase.hpp:34:18:virtual void AddDeviceScreenViewBase::GUI_ProvisionNode()	16	static
../../TouchGFX/gui/include/gui/containers/DeviceAdd.hpp:16:10:void DeviceAdd::setTextUUID(const char*)	16	static
../../TouchGFX/gui/include/gui/containers/DeviceAdd.hpp:20:10:void DeviceAdd::setTextModels(const char*)	16	static
../../TouchGFX/gui/include/gui/containers/DeviceAdd.hpp:24:10:void DeviceAdd::setTextFeatures(const char*)	16	static
../../TouchGFX/gui/include/gui/containers/DeviceAdd.hpp:28:10:void DeviceAdd::setButtonAction(touchgfx::GenericCallback<int>&, int)	24	static
../../TouchGFX/gui/include/gui/adddevicescreen_screen/AddDeviceScreenView.hpp:13:13:AddDeviceScreenView::~AddDeviceScreenView()	24	static
../../TouchGFX/gui/include/gui/adddevicescreen_screen/AddDeviceScreenView.hpp:13:13:virtual AddDeviceScreenView::~AddDeviceScreenView()	16	static
F:/Nejc/Projekti/BLEMeshHomeAutomation/H7MeshProvisioner/TouchGFX/gui/src/adddevicescreen_screen/AddDeviceScreenView.cpp:10:1:AddDeviceScreenView::AddDeviceScreenView()	32	static
F:/Nejc/Projekti/BLEMeshHomeAutomation/H7MeshProvisioner/TouchGFX/gui/src/adddevicescreen_screen/AddDeviceScreenView.cpp:15:6:virtual void AddDeviceScreenView::setupScreen()	32	static
F:/Nejc/Projekti/BLEMeshHomeAutomation/H7MeshProvisioner/TouchGFX/gui/src/adddevicescreen_screen/AddDeviceScreenView.cpp:35:6:virtual void AddDeviceScreenView::tearDownScreen()	16	static
F:/Nejc/Projekti/BLEMeshHomeAutomation/H7MeshProvisioner/TouchGFX/gui/src/adddevicescreen_screen/AddDeviceScreenView.cpp:40:6:virtual void AddDeviceScreenView::handleTickEvent()	32	static
F:/Nejc/Projekti/BLEMeshHomeAutomation/H7MeshProvisioner/TouchGFX/gui/src/adddevicescreen_screen/AddDeviceScreenView.cpp:67:6:virtual void AddDeviceScreenView::GUI_SetDevicesFound(Node_NetworkAddress_t*)	24	static
F:/Nejc/Projekti/BLEMeshHomeAutomation/H7MeshProvisioner/TouchGFX/gui/src/adddevicescreen_screen/AddDeviceScreenView.cpp:83:6:void AddDeviceScreenView::handleButtonClicked(int)	40	static
F:/Nejc/Projekti/BLEMeshHomeAutomation/H7MeshProvisioner/TouchGFX/gui/src/adddevicescreen_screen/AddDeviceScreenView.cpp:99:6:virtual void AddDeviceScreenView::GUI_SwitchScreenAfterProv()	16	static
../../Middlewares/ST/touchgfx/framework/include/touchgfx/Callback.hpp:134:7:constexpr touchgfx::GenericCallback<int>::GenericCallback()	16	static
../../Middlewares/ST/touchgfx/framework/include/touchgfx/Callback.hpp:373:5:touchgfx::Callback<dest_type, T1, void, void>::Callback(dest_type*, void (dest_type::*)(T1)) [with dest_type = AddDeviceScreenView; T1 = int]	24	static
../../Middlewares/ST/touchgfx/framework/include/touchgfx/Callback.hpp:138:13:touchgfx::GenericCallback<T1, void, void>::~GenericCallback() [with T1 = int]	16	static
../../Middlewares/ST/touchgfx/framework/include/touchgfx/Callback.hpp:138:13:touchgfx::GenericCallback<T1, void, void>::~GenericCallback() [with T1 = int]	16	static
../../Middlewares/ST/touchgfx/framework/include/touchgfx/Callback.hpp:357:8:touchgfx::Callback<AddDeviceScreenView, int>::~Callback()	16	static
../../Middlewares/ST/touchgfx/framework/include/touchgfx/Callback.hpp:357:8:virtual touchgfx::Callback<AddDeviceScreenView, int>::~Callback()	16	static
../../Middlewares/ST/touchgfx/framework/include/touchgfx/Callback.hpp:386:18:void touchgfx::Callback<dest_type, T1, void, void>::execute(T1) [with dest_type = AddDeviceScreenView; T1 = int]	16	static
../../Middlewares/ST/touchgfx/framework/include/touchgfx/Callback.hpp:396:18:bool touchgfx::Callback<dest_type, T1, void, void>::isValid() const [with dest_type = AddDeviceScreenView; T1 = int]	16	static
