../../Middlewares/ST/touchgfx/framework/include/touchgfx/Bitmap.hpp:142:14:touchgfx::BitmapId touchgfx::Bitmap::getId() const	16	static
../../Middlewares/ST/touchgfx/framework/include/touchgfx/Drawable.hpp:121:18:virtual void touchgfx::Drawable::invalidateContent() const	16	static
../../Middlewares/ST/touchgfx/framework/include/touchgfx/Drawable.hpp:233:10:void touchgfx::Drawable::setPosition(int16_t, int16_t, int16_t, int16_t)	24	static
../../Middlewares/ST/touchgfx/framework/include/touchgfx/Drawable.hpp:343:10:void touchgfx::Drawable::setXY(int16_t, int16_t)	16	static
../../Middlewares/ST/touchgfx/framework/include/touchgfx/Drawable.hpp:413:10:void touchgfx::Drawable::setWidthHeight(int16_t, int16_t)	16	static
../../Middlewares/ST/touchgfx/framework/include/touchgfx/Drawable.hpp:515:10:void touchgfx::Drawable::setVisible(bool)	16	static
../../Middlewares/ST/touchgfx/framework/include/touchgfx/Drawable.hpp:525:10:void touchgfx::Drawable::setTouchable(bool)	16	static
../../Middlewares/ST/touchgfx/framework/include/touchgfx/Screen.hpp:104:18:virtual void touchgfx::Screen::afterTransition()	16	static
../../Middlewares/ST/touchgfx/framework/include/touchgfx/Screen.hpp:115:18:virtual void touchgfx::Screen::tearDownScreen()	16	static
../../Middlewares/ST/touchgfx/framework/include/touchgfx/Screen.hpp:154:18:virtual void touchgfx::Screen::handleKeyEvent(uint8_t)	16	static
../../TouchGFX/gui/include/gui/model/Model.hpp:30:20:Node_Config_t* Model::GUI_GetDeviceToConfigure()	16	static
../../TouchGFX/gui/include/gui/model/Model.hpp:42:24:NC_MaskedFeatures* Model::GUI_GetAllModels()	16	static
../../TouchGFX/gui/include/gui/configurenodescreen_screen/ConfigureNodeScreenPresenter.hpp:33:20:Node_Config_t* ConfigureNodeScreenPresenter::GUI_GetDeviceToConfigureFromModel()	16	static
../../TouchGFX/gui/include/gui/configurenodescreen_screen/ConfigureNodeScreenPresenter.hpp:39:24:NC_MaskedFeatures* ConfigureNodeScreenPresenter::GUI_GetAllMaskedModels()	16	static
../../TouchGFX/gui/include/gui/containers/ScreenTitleBar.hpp:14:10:void ScreenTitleBar::GUI_SetTextTitleBar(const char*, const char*)	24	static
../../TouchGFX/gui/include/gui/containers/Loader.hpp:14:10:void Loader::GUI_ProgressLoader()	32	static
../../TouchGFX/gui/include/gui/containers/Loader.hpp:40:10:void Loader::GUI_SetLoaderText(const char*)	16	static
../../TouchGFX/gui/include/gui/containers/Loader.hpp:47:10:void Loader::GUI_SetDisable(bool)	16	static
../../TouchGFX/gui/include/gui/containers/Loader.hpp:59:10:void Loader::GUI_ResetProgressValue()	16	static
../../Middlewares/ST/touchgfx/framework/include/touchgfx/widgets/ToggleButton.hpp:58:10:bool touchgfx::ToggleButton::getState() const	24	static
../../TouchGFX/gui/include/gui/containers/DeviceSubs.hpp:16:10:void DeviceSubs::setButtonAction(touchgfx::GenericCallback<int>&, int)	24	static
../../TouchGFX/gui/include/gui/containers/DeviceSubs.hpp:21:10:void DeviceSubs::setTextAddressName(const char*)	16	static
../../TouchGFX/gui/include/gui/containers/DeviceSubs.hpp:27:10:void DeviceSubs::setButtonState(bool)	16	static
../../TouchGFX/gui/include/gui/containers/DeviceSubs.hpp:32:10:void DeviceSubs::setButtonEnable(bool)	16	static
../../TouchGFX/gui/include/gui/containers/DeviceSubs.hpp:39:9:int DeviceSubs::getInstanceID()	16	static
../../TouchGFX/gui/include/gui/containers/DeviceSubs.hpp:45:10:bool DeviceSubs::isButtonOn()	16	static
../../TouchGFX/gui/include/gui/configurenodescreen_screen/ConfigureNodeScreenView.hpp:13:13:ConfigureNodeScreenView::~ConfigureNodeScreenView()	24	static
../../TouchGFX/gui/include/gui/configurenodescreen_screen/ConfigureNodeScreenView.hpp:13:13:virtual ConfigureNodeScreenView::~ConfigureNodeScreenView()	16	static
../../TouchGFX/gui/include/gui/configurenodescreen_screen/ConfigureNodeScreenView.hpp:26:10:void ConfigureNodeScreenView::setTextNodeUUID(const char*)	16	static
../../TouchGFX/gui/include/gui/configurenodescreen_screen/ConfigureNodeScreenView.hpp:32:10:void ConfigureNodeScreenView::setTextNodeName(const char*)	16	static
../../TouchGFX/gui/include/gui/configurenodescreen_screen/ConfigureNodeScreenView.hpp:38:10:void ConfigureNodeScreenView::setTextVendor(const char*)	16	static
F:/Nejc/Projekti/BLEMeshHomeAutomation/H7MeshProvisioner/TouchGFX/gui/src/configurenodescreen_screen/ConfigureNodeScreenView.cpp:10:1:ConfigureNodeScreenView::ConfigureNodeScreenView()	32	static
F:/Nejc/Projekti/BLEMeshHomeAutomation/H7MeshProvisioner/TouchGFX/gui/src/configurenodescreen_screen/ConfigureNodeScreenView.cpp:15:6:virtual void ConfigureNodeScreenView::setupScreen()	40	static
F:/Nejc/Projekti/BLEMeshHomeAutomation/H7MeshProvisioner/TouchGFX/gui/src/configurenodescreen_screen/ConfigureNodeScreenView.cpp:50:6:virtual void ConfigureNodeScreenView::tearDownScreen()	16	static
F:/Nejc/Projekti/BLEMeshHomeAutomation/H7MeshProvisioner/TouchGFX/gui/src/configurenodescreen_screen/ConfigureNodeScreenView.cpp:55:6:virtual void ConfigureNodeScreenView::handleTickEvent()	16	static
F:/Nejc/Projekti/BLEMeshHomeAutomation/H7MeshProvisioner/TouchGFX/gui/src/configurenodescreen_screen/ConfigureNodeScreenView.cpp:69:6:void ConfigureNodeScreenView::handleButtonClicked(int)	32	static
F:/Nejc/Projekti/BLEMeshHomeAutomation/H7MeshProvisioner/TouchGFX/gui/src/configurenodescreen_screen/ConfigureNodeScreenView.cpp:124:6:virtual void ConfigureNodeScreenView::GUI_SaveConfNode()	48	static
F:/Nejc/Projekti/BLEMeshHomeAutomation/H7MeshProvisioner/TouchGFX/gui/src/configurenodescreen_screen/ConfigureNodeScreenView.cpp:149:6:virtual void ConfigureNodeScreenView::GUI_ConfBtnClicked()	16	static
F:/Nejc/Projekti/BLEMeshHomeAutomation/H7MeshProvisioner/TouchGFX/gui/src/configurenodescreen_screen/ConfigureNodeScreenView.cpp:156:6:virtual void ConfigureNodeScreenView::GUI_CancelBtnClicked()	16	static
F:/Nejc/Projekti/BLEMeshHomeAutomation/H7MeshProvisioner/TouchGFX/gui/src/configurenodescreen_screen/ConfigureNodeScreenView.cpp:162:6:virtual void ConfigureNodeScreenView::GUI_ShowPopup()	16	static
F:/Nejc/Projekti/BLEMeshHomeAutomation/H7MeshProvisioner/TouchGFX/gui/src/configurenodescreen_screen/ConfigureNodeScreenView.cpp:171:6:virtual void ConfigureNodeScreenView::GUI_SetDeviceToConfigure(Node_Config_t*)	16	static
F:/Nejc/Projekti/BLEMeshHomeAutomation/H7MeshProvisioner/TouchGFX/gui/src/configurenodescreen_screen/ConfigureNodeScreenView.cpp:177:6:void ConfigureNodeScreenView::GUI_ErrorOccured()	16	static
../../Middlewares/ST/touchgfx/framework/include/touchgfx/Callback.hpp:134:7:constexpr touchgfx::GenericCallback<int>::GenericCallback()	16	static
../../Middlewares/ST/touchgfx/framework/include/touchgfx/Callback.hpp:373:5:touchgfx::Callback<dest_type, T1, void, void>::Callback(dest_type*, void (dest_type::*)(T1)) [with dest_type = ConfigureNodeScreenView; T1 = int]	24	static
../../Middlewares/ST/touchgfx/framework/include/touchgfx/Callback.hpp:138:13:touchgfx::GenericCallback<T1, void, void>::~GenericCallback() [with T1 = int]	16	static
../../Middlewares/ST/touchgfx/framework/include/touchgfx/Callback.hpp:138:13:touchgfx::GenericCallback<T1, void, void>::~GenericCallback() [with T1 = int]	16	static
../../Middlewares/ST/touchgfx/framework/include/touchgfx/Callback.hpp:357:8:touchgfx::Callback<ConfigureNodeScreenView, int>::~Callback()	16	static
../../Middlewares/ST/touchgfx/framework/include/touchgfx/Callback.hpp:357:8:virtual touchgfx::Callback<ConfigureNodeScreenView, int>::~Callback()	16	static
../../Middlewares/ST/touchgfx/framework/include/touchgfx/Callback.hpp:386:18:void touchgfx::Callback<dest_type, T1, void, void>::execute(T1) [with dest_type = ConfigureNodeScreenView; T1 = int]	16	static
../../Middlewares/ST/touchgfx/framework/include/touchgfx/Callback.hpp:396:18:bool touchgfx::Callback<dest_type, T1, void, void>::isValid() const [with dest_type = ConfigureNodeScreenView; T1 = int]	16	static
