../../Middlewares/ST/touchgfx/framework/include/mvp/Presenter.hpp:37:18:virtual void touchgfx::Presenter::activate()	16	static
../../Middlewares/ST/touchgfx/framework/include/mvp/Presenter.hpp:47:18:virtual void touchgfx::Presenter::deactivate()	16	static
../../Middlewares/ST/touchgfx/framework/include/mvp/Presenter.hpp:52:13:touchgfx::Presenter::~Presenter()	16	static
../../Middlewares/ST/touchgfx/framework/include/mvp/Presenter.hpp:52:13:virtual touchgfx::Presenter::~Presenter()	16	static
../../Middlewares/ST/touchgfx/framework/include/mvp/Presenter.hpp:58:5:touchgfx::Presenter::Presenter()	16	static
../../TouchGFX/gui/include/gui/model/Model.hpp:29:28:Node_NetworkAddress_t* Model::GUI_GetDeviceToConfigure()	16	static
../../TouchGFX/gui/include/gui/model/ModelListener.hpp:9:5:ModelListener::ModelListener()	16	static
../../TouchGFX/gui/include/gui/model/ModelListener.hpp:11:13:ModelListener::~ModelListener()	16	static
../../TouchGFX/gui/include/gui/model/ModelListener.hpp:11:13:virtual ModelListener::~ModelListener()	16	static
../../TouchGFX/gui/include/gui/model/ModelListener.hpp:18:18:virtual void ModelListener::GUI_DevicesFound()	16	static
../../TouchGFX/gui/include/gui/model/ModelListener.hpp:19:18:virtual void ModelListener::GUI_ChangeScreen()	16	static
../../TouchGFX/gui/include/gui/model/ModelListener.hpp:20:18:virtual void ModelListener::GUI_ConfigureDevice()	16	static
../../TouchGFX/gui/include/gui/configurenodescreen_screen/ConfigureNodeScreenPresenter.hpp:29:13:ConfigureNodeScreenPresenter::~ConfigureNodeScreenPresenter()	16	static
../../TouchGFX/gui/include/gui/configurenodescreen_screen/ConfigureNodeScreenPresenter.hpp:29:13:virtual ConfigureNodeScreenPresenter::~ConfigureNodeScreenPresenter()	16	static
F:/Nejc/Projekti/BLEMeshHomeAutomation/H7MeshProvisioner/TouchGFX/gui/src/configurenodescreen_screen/ConfigureNodeScreenPresenter.cpp:4:1:ConfigureNodeScreenPresenter::ConfigureNodeScreenPresenter(ConfigureNodeScreenView&)	16	static
F:/Nejc/Projekti/BLEMeshHomeAutomation/H7MeshProvisioner/TouchGFX/gui/src/configurenodescreen_screen/ConfigureNodeScreenPresenter.cpp:10:6:virtual void ConfigureNodeScreenPresenter::activate()	16	static
F:/Nejc/Projekti/BLEMeshHomeAutomation/H7MeshProvisioner/TouchGFX/gui/src/configurenodescreen_screen/ConfigureNodeScreenPresenter.cpp:15:6:virtual void ConfigureNodeScreenPresenter::deactivate()	16	static
F:/Nejc/Projekti/BLEMeshHomeAutomation/H7MeshProvisioner/TouchGFX/gui/src/configurenodescreen_screen/ConfigureNodeScreenPresenter.cpp:20:6:virtual void ConfigureNodeScreenPresenter::GUI_ConfigureDevice()	24	static
F:/Nejc/Projekti/BLEMeshHomeAutomation/H7MeshProvisioner/TouchGFX/gui/src/configurenodescreen_screen/ConfigureNodeScreenPresenter.cpp:26:6:virtual void ConfigureNodeScreenPresenter::GUI_SendCommand(CMD_CommandGet_t*)	16	static
