../../Middlewares/ST/touchgfx/framework/include/mvp/Presenter.hpp:37:18:virtual void touchgfx::Presenter::activate()	16	static
../../Middlewares/ST/touchgfx/framework/include/mvp/Presenter.hpp:47:18:virtual void touchgfx::Presenter::deactivate()	16	static
../../Middlewares/ST/touchgfx/framework/include/mvp/Presenter.hpp:52:13:touchgfx::Presenter::~Presenter()	16	static
../../Middlewares/ST/touchgfx/framework/include/mvp/Presenter.hpp:52:13:virtual touchgfx::Presenter::~Presenter()	16	static
../../Middlewares/ST/touchgfx/framework/include/mvp/Presenter.hpp:58:5:touchgfx::Presenter::Presenter()	16	static
../../TouchGFX/gui/include/gui/model/ModelListener.hpp:9:5:ModelListener::ModelListener()	16	static
../../TouchGFX/gui/include/gui/model/ModelListener.hpp:11:13:ModelListener::~ModelListener()	16	static
../../TouchGFX/gui/include/gui/model/ModelListener.hpp:11:13:virtual ModelListener::~ModelListener()	16	static
../../TouchGFX/gui/include/gui/model/ModelListener.hpp:18:18:virtual void ModelListener::GUI_DevicesFound()	16	static
../../TouchGFX/gui/include/gui/model/ModelListener.hpp:19:18:virtual void ModelListener::GUI_ChangeScreen()	16	static
../../TouchGFX/gui/include/gui/model/ModelListener.hpp:20:18:virtual void ModelListener::GUI_ConfigureDevice()	16	static
../../TouchGFX/gui/include/gui/debugscreen_screen/DebugScreenPresenter.hpp:28:13:DebugScreenPresenter::~DebugScreenPresenter()	16	static
../../TouchGFX/gui/include/gui/debugscreen_screen/DebugScreenPresenter.hpp:28:13:virtual DebugScreenPresenter::~DebugScreenPresenter()	16	static
F:/Nejc/Projekti/BLEMeshHomeAutomation/H7MeshProvisioner/TouchGFX/gui/src/debugscreen_screen/DebugScreenPresenter.cpp:4:1:DebugScreenPresenter::DebugScreenPresenter(DebugScreenView&)	16	static
F:/Nejc/Projekti/BLEMeshHomeAutomation/H7MeshProvisioner/TouchGFX/gui/src/debugscreen_screen/DebugScreenPresenter.cpp:10:6:virtual void DebugScreenPresenter::activate()	16	static
F:/Nejc/Projekti/BLEMeshHomeAutomation/H7MeshProvisioner/TouchGFX/gui/src/debugscreen_screen/DebugScreenPresenter.cpp:15:6:virtual void DebugScreenPresenter::deactivate()	16	static
