../../Middlewares/ST/touchgfx/framework/include/touchgfx/Screen.hpp:104:18:virtual void touchgfx::Screen::afterTransition()	16	static
../../Middlewares/ST/touchgfx/framework/include/touchgfx/Screen.hpp:115:18:virtual void touchgfx::Screen::tearDownScreen()	16	static
../../Middlewares/ST/touchgfx/framework/include/touchgfx/Screen.hpp:144:18:virtual void touchgfx::Screen::handleTickEvent()	16	static
../../Middlewares/ST/touchgfx/framework/include/touchgfx/Screen.hpp:154:18:virtual void touchgfx::Screen::handleKeyEvent(uint8_t)	16	static
../../TouchGFX/gui/include/gui/containers/ScreenTitleBar.hpp:14:10:void ScreenTitleBar::GUI_SetTextTitleBar(const char*, const char*)	24	static
../../TouchGFX/gui/include/gui/debugscreen_screen/DebugScreenView.hpp:11:13:DebugScreenView::~DebugScreenView()	16	static
../../TouchGFX/gui/include/gui/debugscreen_screen/DebugScreenView.hpp:11:13:virtual DebugScreenView::~DebugScreenView()	16	static
F:/Nejc/Projekti/BLEMeshHomeAutomation/H7MeshProvisioner/TouchGFX/gui/src/debugscreen_screen/DebugScreenView.cpp:6:1:DebugScreenView::DebugScreenView()	16	static
F:/Nejc/Projekti/BLEMeshHomeAutomation/H7MeshProvisioner/TouchGFX/gui/src/debugscreen_screen/DebugScreenView.cpp:11:6:virtual void DebugScreenView::setupScreen()	16	static
F:/Nejc/Projekti/BLEMeshHomeAutomation/H7MeshProvisioner/TouchGFX/gui/src/debugscreen_screen/DebugScreenView.cpp:17:6:virtual void DebugScreenView::tearDownScreen()	16	static
F:/Nejc/Projekti/BLEMeshHomeAutomation/H7MeshProvisioner/TouchGFX/gui/src/debugscreen_screen/DebugScreenView.cpp:22:6:virtual void DebugScreenView::GUI_DebugAtepRoot()	24	static
F:/Nejc/Projekti/BLEMeshHomeAutomation/H7MeshProvisioner/TouchGFX/gui/src/debugscreen_screen/DebugScreenView.cpp:34:6:virtual void DebugScreenView::GUI_UnprovEm()	16	static
F:/Nejc/Projekti/BLEMeshHomeAutomation/H7MeshProvisioner/TouchGFX/gui/src/debugscreen_screen/DebugScreenView.cpp:38:6:virtual void DebugScreenView::GUI_DebugKitGrpAddr()	24	static
F:/Nejc/Projekti/BLEMeshHomeAutomation/H7MeshProvisioner/TouchGFX/gui/src/debugscreen_screen/DebugScreenView.cpp:50:6:virtual void DebugScreenView::GUI_DebugLivRoomGrpAddr()	16	static
F:/Nejc/Projekti/BLEMeshHomeAutomation/H7MeshProvisioner/TouchGFX/gui/src/debugscreen_screen/DebugScreenView.cpp:62:6:virtual void DebugScreenView::GUI_DebugTestProStruct()	24	static
