../../Middlewares/ST/touchgfx/framework/include/touchgfx/Screen.hpp:104:18:virtual void touchgfx::Screen::afterTransition()	16	static
../../Middlewares/ST/touchgfx/framework/include/touchgfx/Screen.hpp:115:18:virtual void touchgfx::Screen::tearDownScreen()	16	static
../../Middlewares/ST/touchgfx/framework/include/touchgfx/Screen.hpp:144:18:virtual void touchgfx::Screen::handleTickEvent()	16	static
../../Middlewares/ST/touchgfx/framework/include/touchgfx/Screen.hpp:154:18:virtual void touchgfx::Screen::handleKeyEvent(uint8_t)	16	static
../../TouchGFX/generated/gui_generated/include/gui_generated/devicescreen_screen/DeviceScreenViewBase.hpp:24:18:virtual void DeviceScreenViewBase::GUI_OnBtn()	16	static
../../TouchGFX/generated/gui_generated/include/gui_generated/devicescreen_screen/DeviceScreenViewBase.hpp:28:18:virtual void DeviceScreenViewBase::GUI_OffBtn()	16	static
../../TouchGFX/gui/include/gui/devicescreen_screen/DeviceScreenView.hpp:11:13:DeviceScreenView::~DeviceScreenView()	16	static
../../TouchGFX/gui/include/gui/devicescreen_screen/DeviceScreenView.hpp:11:13:virtual DeviceScreenView::~DeviceScreenView()	16	static
F:/Nejc/Projekti/BLEMeshHomeAutomation/H7MeshProvisioner/TouchGFX/gui/src/devicescreen_screen/DeviceScreenView.cpp:3:1:DeviceScreenView::DeviceScreenView()	16	static
F:/Nejc/Projekti/BLEMeshHomeAutomation/H7MeshProvisioner/TouchGFX/gui/src/devicescreen_screen/DeviceScreenView.cpp:8:6:virtual void DeviceScreenView::setupScreen()	16	static
F:/Nejc/Projekti/BLEMeshHomeAutomation/H7MeshProvisioner/TouchGFX/gui/src/devicescreen_screen/DeviceScreenView.cpp:13:6:virtual void DeviceScreenView::tearDownScreen()	16	static
