../../Middlewares/ST/touchgfx/framework/include/touchgfx/Screen.hpp:104:18:virtual void touchgfx::Screen::afterTransition()	16	static
../../Middlewares/ST/touchgfx/framework/include/touchgfx/Screen.hpp:115:18:virtual void touchgfx::Screen::tearDownScreen()	16	static
../../Middlewares/ST/touchgfx/framework/include/touchgfx/Screen.hpp:144:18:virtual void touchgfx::Screen::handleTickEvent()	16	static
../../Middlewares/ST/touchgfx/framework/include/touchgfx/Screen.hpp:154:18:virtual void touchgfx::Screen::handleKeyEvent(uint8_t)	16	static
../../TouchGFX/gui/include/gui/model/Model.hpp:157:17:const char* Model::GUI_GetErrorString()	16	static
../../TouchGFX/gui/include/gui/errorscreen_screen/ErrorScreenPresenter.hpp:30:17:const char* ErrorScreenPresenter::GUI_GetErrorString()	16	static
../../TouchGFX/gui/include/gui/containers/ScreenTitleBar.hpp:14:10:void ScreenTitleBar::GUI_SetTextTitleBar(const char*, const char*)	24	static
../../TouchGFX/gui/include/gui/errorscreen_screen/ErrorScreenView.hpp:11:13:ErrorScreenView::~ErrorScreenView()	16	static
../../TouchGFX/gui/include/gui/errorscreen_screen/ErrorScreenView.hpp:11:13:virtual ErrorScreenView::~ErrorScreenView()	16	static
../../TouchGFX/gui/include/gui/errorscreen_screen/ErrorScreenView.hpp:17:10:void ErrorScreenView::GUI_SetTextErrorDesc(const char*)	16	static
F:/Nejc/Projekti/BLEMeshHomeAutomation/H7MeshProvisioner/TouchGFX/gui/src/errorscreen_screen/ErrorScreenView.cpp:3:1:ErrorScreenView::ErrorScreenView()	16	static
F:/Nejc/Projekti/BLEMeshHomeAutomation/H7MeshProvisioner/TouchGFX/gui/src/errorscreen_screen/ErrorScreenView.cpp:8:6:virtual void ErrorScreenView::setupScreen()	16	static
F:/Nejc/Projekti/BLEMeshHomeAutomation/H7MeshProvisioner/TouchGFX/gui/src/errorscreen_screen/ErrorScreenView.cpp:15:6:virtual void ErrorScreenView::tearDownScreen()	16	static
F:/Nejc/Projekti/BLEMeshHomeAutomation/H7MeshProvisioner/TouchGFX/gui/src/errorscreen_screen/ErrorScreenView.cpp:20:6:virtual void ErrorScreenView::GUI_ResetDevice()	16	static
