../../Middlewares/ST/touchgfx/framework/include/touchgfx/Screen.hpp:104:18:virtual void touchgfx::Screen::afterTransition()	16	static
../../Middlewares/ST/touchgfx/framework/include/touchgfx/Screen.hpp:115:18:virtual void touchgfx::Screen::tearDownScreen()	16	static
../../Middlewares/ST/touchgfx/framework/include/touchgfx/Screen.hpp:154:18:virtual void touchgfx::Screen::handleKeyEvent(uint8_t)	16	static
../../TouchGFX/gui/include/gui/homescreen_screen/HomeScreenView.hpp:11:13:HomeScreenView::~HomeScreenView()	16	static
../../TouchGFX/gui/include/gui/homescreen_screen/HomeScreenView.hpp:11:13:virtual HomeScreenView::~HomeScreenView()	16	static
F:/Nejc/Projekti/BLEMeshHomeAutomation/H7MeshProvisioner/TouchGFX/gui/src/homescreen_screen/HomeScreenView.cpp:3:1:HomeScreenView::HomeScreenView()	16	static
F:/Nejc/Projekti/BLEMeshHomeAutomation/H7MeshProvisioner/TouchGFX/gui/src/homescreen_screen/HomeScreenView.cpp:8:6:virtual void HomeScreenView::setupScreen()	16	static
F:/Nejc/Projekti/BLEMeshHomeAutomation/H7MeshProvisioner/TouchGFX/gui/src/homescreen_screen/HomeScreenView.cpp:17:6:virtual void HomeScreenView::tearDownScreen()	16	static
F:/Nejc/Projekti/BLEMeshHomeAutomation/H7MeshProvisioner/TouchGFX/gui/src/homescreen_screen/HomeScreenView.cpp:22:6:virtual void HomeScreenView::handleTickEvent()	16	static
