F:/Nejc/Projekti/BLEMeshHomeAutomation/BLE_MeshLightingProvisioner/STM32_WPAN/app/appli_config_client.c:715:6:Appli_ConfigClientStartNodeConfiguration	16	static
F:/Nejc/Projekti/BLEMeshHomeAutomation/BLE_MeshLightingProvisioner/STM32_WPAN/app/appli_config_client.c:733:14:Appli_ConfigClient_Init	8	static
F:/Nejc/Projekti/BLEMeshHomeAutomation/BLE_MeshLightingProvisioner/STM32_WPAN/app/appli_config_client.c:749:14:Appli_ConfigClient_Process	8	static
F:/Nejc/Projekti/BLEMeshHomeAutomation/BLE_MeshLightingProvisioner/STM32_WPAN/app/appli_config_client.c:763:14:Appli_ConfigClient_ConfigureNode	280	static
F:/Nejc/Projekti/BLEMeshHomeAutomation/BLE_MeshLightingProvisioner/STM32_WPAN/app/appli_config_client.c:913:14:Appli_ConfigClient_GetCompositionData	16	static
F:/Nejc/Projekti/BLEMeshHomeAutomation/BLE_MeshLightingProvisioner/STM32_WPAN/app/appli_config_client.c:976:14:Appli_ConfigClient_DefaultAppKeyAdd	24	static
F:/Nejc/Projekti/BLEMeshHomeAutomation/BLE_MeshLightingProvisioner/STM32_WPAN/app/appli_config_client.c:1046:14:Appli_ConfigClient_DefaultAppKeyBind	24	static
F:/Nejc/Projekti/BLEMeshHomeAutomation/BLE_MeshLightingProvisioner/STM32_WPAN/app/appli_config_client.c:1217:14:AppliConfigClient_SubscriptionAddDefault	16	static
F:/Nejc/Projekti/BLEMeshHomeAutomation/BLE_MeshLightingProvisioner/STM32_WPAN/app/appli_config_client.c:1376:14:AppliConfigClient_PublicationSetDefault	56	static
F:/Nejc/Projekti/BLEMeshHomeAutomation/BLE_MeshLightingProvisioner/STM32_WPAN/app/appli_config_client.c:1551:14:AppliConfigClient_SelfPublicationSetDefault	64	static
F:/Nejc/Projekti/BLEMeshHomeAutomation/BLE_MeshLightingProvisioner/STM32_WPAN/app/appli_config_client.c:1649:14:AppliConfigClient_SelfSubscriptionSetDefault	24	static
F:/Nejc/Projekti/BLEMeshHomeAutomation/BLE_MeshLightingProvisioner/STM32_WPAN/app/appli_config_client.c:1722:14:Appli_ConfigClient_SelfDefaultAppKeyBind	24	static
F:/Nejc/Projekti/BLEMeshHomeAutomation/BLE_MeshLightingProvisioner/STM32_WPAN/app/appli_config_client.c:1796:6:Appli_CompositionDataStatusCb	16	static
F:/Nejc/Projekti/BLEMeshHomeAutomation/BLE_MeshLightingProvisioner/STM32_WPAN/app/appli_config_client.c:1808:6:Appli_AppKeyStatusCb	16	static
F:/Nejc/Projekti/BLEMeshHomeAutomation/BLE_MeshLightingProvisioner/STM32_WPAN/app/appli_config_client.c:1821:6:Appli_AppBindModelStatusCb	16	static
F:/Nejc/Projekti/BLEMeshHomeAutomation/BLE_MeshLightingProvisioner/STM32_WPAN/app/appli_config_client.c:1834:6:Appli_SubscriptionAddStatusCb	16	static
F:/Nejc/Projekti/BLEMeshHomeAutomation/BLE_MeshLightingProvisioner/STM32_WPAN/app/appli_config_client.c:1851:6:Appli_PublicationStatusCb	16	static
F:/Nejc/Projekti/BLEMeshHomeAutomation/BLE_MeshLightingProvisioner/STM32_WPAN/app/appli_config_client.c:1868:6:Appli_NodeResetStatusCb	8	static
F:/Nejc/Projekti/BLEMeshHomeAutomation/BLE_MeshLightingProvisioner/STM32_WPAN/app/appli_config_client.c:1883:13:GetSIGModelToBindApp	24	static
F:/Nejc/Projekti/BLEMeshHomeAutomation/BLE_MeshLightingProvisioner/STM32_WPAN/app/appli_config_client.c:1919:13:GetVendorModelToBindApp	16	static
F:/Nejc/Projekti/BLEMeshHomeAutomation/BLE_MeshLightingProvisioner/STM32_WPAN/app/appli_config_client.c:1930:12:GetCountSIGModelToBindApp	16	static
F:/Nejc/Projekti/BLEMeshHomeAutomation/BLE_MeshLightingProvisioner/STM32_WPAN/app/appli_config_client.c:1941:12:GetCountVendorModelToBindApp	16	static
F:/Nejc/Projekti/BLEMeshHomeAutomation/BLE_MeshLightingProvisioner/STM32_WPAN/app/appli_config_client.c:1954:13:GetSIGModelToPublish	16	static
F:/Nejc/Projekti/BLEMeshHomeAutomation/BLE_MeshLightingProvisioner/STM32_WPAN/app/appli_config_client.c:1971:13:GetVendorModelToPublish	16	static
F:/Nejc/Projekti/BLEMeshHomeAutomation/BLE_MeshLightingProvisioner/STM32_WPAN/app/appli_config_client.c:1982:12:GetCountSIGModelToPublish	16	static
F:/Nejc/Projekti/BLEMeshHomeAutomation/BLE_MeshLightingProvisioner/STM32_WPAN/app/appli_config_client.c:1993:12:GetCountVendorModelToPublish	16	static
F:/Nejc/Projekti/BLEMeshHomeAutomation/BLE_MeshLightingProvisioner/STM32_WPAN/app/appli_config_client.c:2006:13:GetSIGModelToSubscribe	16	static
F:/Nejc/Projekti/BLEMeshHomeAutomation/BLE_MeshLightingProvisioner/STM32_WPAN/app/appli_config_client.c:2023:13:GetVendorModelToSubscribe	16	static
F:/Nejc/Projekti/BLEMeshHomeAutomation/BLE_MeshLightingProvisioner/STM32_WPAN/app/appli_config_client.c:2035:12:GetCountSIGModelToSubscribe	16	static
F:/Nejc/Projekti/BLEMeshHomeAutomation/BLE_MeshLightingProvisioner/STM32_WPAN/app/appli_config_client.c:2047:12:GetCountVendorModelToSubscribe	16	static
F:/Nejc/Projekti/BLEMeshHomeAutomation/BLE_MeshLightingProvisioner/STM32_WPAN/app/appli_config_client.c:2060:12:AppliConfigClient_SendMessageDefault	16	static
F:/Nejc/Projekti/BLEMeshHomeAutomation/BLE_MeshLightingProvisioner/STM32_WPAN/app/appli_config_client.c:2065:21:Appli_SFGetOpStatus	4	static
F:/Nejc/Projekti/BLEMeshHomeAutomation/BLE_MeshLightingProvisioner/STM32_WPAN/app/appli_config_client.c:2071:6:Appli_SFResetStatus	4	static
F:/Nejc/Projekti/BLEMeshHomeAutomation/BLE_MeshLightingProvisioner/STM32_WPAN/app/appli_config_client.c:2077:6:Appli_SFSetStatus	16	static
F:/Nejc/Projekti/BLEMeshHomeAutomation/BLE_MeshLightingProvisioner/STM32_WPAN/app/appli_config_client.c:2083:6:Appli_SFSetAccess	16	static
