F:/Nejc/Projekti/BLEMeshHomeAutomation/BLE_MeshLightingProvisioner/STM32_WPAN/app/appli_config_client.c:706:6:Appli_ConfigClientStartNodeConfiguration	16	static
F:/Nejc/Projekti/BLEMeshHomeAutomation/BLE_MeshLightingProvisioner/STM32_WPAN/app/appli_config_client.c:724:14:Appli_ConfigClient_Init	8	static
F:/Nejc/Projekti/BLEMeshHomeAutomation/BLE_MeshLightingProvisioner/STM32_WPAN/app/appli_config_client.c:740:14:Appli_ConfigClient_Process	8	static
F:/Nejc/Projekti/BLEMeshHomeAutomation/BLE_MeshLightingProvisioner/STM32_WPAN/app/appli_config_client.c:754:14:Appli_ConfigClient_ConfigureNode	16	static
F:/Nejc/Projekti/BLEMeshHomeAutomation/BLE_MeshLightingProvisioner/STM32_WPAN/app/appli_config_client.c:898:14:Appli_ConfigClient_GetCompositionData	16	static
F:/Nejc/Projekti/BLEMeshHomeAutomation/BLE_MeshLightingProvisioner/STM32_WPAN/app/appli_config_client.c:961:14:Appli_ConfigClient_DefaultAppKeyAdd	24	static
F:/Nejc/Projekti/BLEMeshHomeAutomation/BLE_MeshLightingProvisioner/STM32_WPAN/app/appli_config_client.c:1031:14:Appli_ConfigClient_DefaultAppKeyBind	24	static
F:/Nejc/Projekti/BLEMeshHomeAutomation/BLE_MeshLightingProvisioner/STM32_WPAN/app/appli_config_client.c:1202:14:AppliConfigClient_SubscriptionAddDefault	16	static
F:/Nejc/Projekti/BLEMeshHomeAutomation/BLE_MeshLightingProvisioner/STM32_WPAN/app/appli_config_client.c:1361:14:AppliConfigClient_PublicationSetDefault	56	static
F:/Nejc/Projekti/BLEMeshHomeAutomation/BLE_MeshLightingProvisioner/STM32_WPAN/app/appli_config_client.c:1536:14:AppliConfigClient_SelfPublicationSetDefault	64	static
F:/Nejc/Projekti/BLEMeshHomeAutomation/BLE_MeshLightingProvisioner/STM32_WPAN/app/appli_config_client.c:1634:14:AppliConfigClient_SelfSubscriptionSetDefault	24	static
F:/Nejc/Projekti/BLEMeshHomeAutomation/BLE_MeshLightingProvisioner/STM32_WPAN/app/appli_config_client.c:1707:14:Appli_ConfigClient_SelfDefaultAppKeyBind	24	static
F:/Nejc/Projekti/BLEMeshHomeAutomation/BLE_MeshLightingProvisioner/STM32_WPAN/app/appli_config_client.c:1781:6:Appli_CompositionDataStatusCb	16	static
F:/Nejc/Projekti/BLEMeshHomeAutomation/BLE_MeshLightingProvisioner/STM32_WPAN/app/appli_config_client.c:1793:6:Appli_AppKeyStatusCb	16	static
F:/Nejc/Projekti/BLEMeshHomeAutomation/BLE_MeshLightingProvisioner/STM32_WPAN/app/appli_config_client.c:1806:6:Appli_AppBindModelStatusCb	16	static
F:/Nejc/Projekti/BLEMeshHomeAutomation/BLE_MeshLightingProvisioner/STM32_WPAN/app/appli_config_client.c:1819:6:Appli_SubscriptionAddStatusCb	16	static
F:/Nejc/Projekti/BLEMeshHomeAutomation/BLE_MeshLightingProvisioner/STM32_WPAN/app/appli_config_client.c:1832:6:Appli_PublicationStatusCb	16	static
F:/Nejc/Projekti/BLEMeshHomeAutomation/BLE_MeshLightingProvisioner/STM32_WPAN/app/appli_config_client.c:1845:6:Appli_NodeResetStatusCb	8	static
F:/Nejc/Projekti/BLEMeshHomeAutomation/BLE_MeshLightingProvisioner/STM32_WPAN/app/appli_config_client.c:1860:13:GetSIGModelToBindApp	24	static
F:/Nejc/Projekti/BLEMeshHomeAutomation/BLE_MeshLightingProvisioner/STM32_WPAN/app/appli_config_client.c:1896:13:GetVendorModelToBindApp	16	static
F:/Nejc/Projekti/BLEMeshHomeAutomation/BLE_MeshLightingProvisioner/STM32_WPAN/app/appli_config_client.c:1907:12:GetCountSIGModelToBindApp	16	static
F:/Nejc/Projekti/BLEMeshHomeAutomation/BLE_MeshLightingProvisioner/STM32_WPAN/app/appli_config_client.c:1918:12:GetCountVendorModelToBindApp	16	static
F:/Nejc/Projekti/BLEMeshHomeAutomation/BLE_MeshLightingProvisioner/STM32_WPAN/app/appli_config_client.c:1931:13:GetSIGModelToPublish	16	static
F:/Nejc/Projekti/BLEMeshHomeAutomation/BLE_MeshLightingProvisioner/STM32_WPAN/app/appli_config_client.c:1948:13:GetVendorModelToPublish	16	static
F:/Nejc/Projekti/BLEMeshHomeAutomation/BLE_MeshLightingProvisioner/STM32_WPAN/app/appli_config_client.c:1959:12:GetCountSIGModelToPublish	16	static
F:/Nejc/Projekti/BLEMeshHomeAutomation/BLE_MeshLightingProvisioner/STM32_WPAN/app/appli_config_client.c:1970:12:GetCountVendorModelToPublish	16	static
F:/Nejc/Projekti/BLEMeshHomeAutomation/BLE_MeshLightingProvisioner/STM32_WPAN/app/appli_config_client.c:1983:13:GetSIGModelToSubscribe	16	static
F:/Nejc/Projekti/BLEMeshHomeAutomation/BLE_MeshLightingProvisioner/STM32_WPAN/app/appli_config_client.c:2000:13:GetVendorModelToSubscribe	16	static
F:/Nejc/Projekti/BLEMeshHomeAutomation/BLE_MeshLightingProvisioner/STM32_WPAN/app/appli_config_client.c:2012:12:GetCountSIGModelToSubscribe	16	static
F:/Nejc/Projekti/BLEMeshHomeAutomation/BLE_MeshLightingProvisioner/STM32_WPAN/app/appli_config_client.c:2024:12:GetCountVendorModelToSubscribe	16	static
F:/Nejc/Projekti/BLEMeshHomeAutomation/BLE_MeshLightingProvisioner/STM32_WPAN/app/appli_config_client.c:2037:12:AppliConfigClient_SendMessageDefault	16	static
