../../Drivers/CMSIS/Include/core_cm4.h:1933:34:__NVIC_SystemReset	4	static,ignoring_inline_asm
../../Drivers/STM32WBxx_HAL_Driver/Inc/stm32wbxx_ll_system.h:2162:26:LL_FLASH_IsActiveFlag_OperationSuspended	4	static
F:/Nejc/Projekti/BLEMeshHomeAutomation/BLE_MeshLightingProvisioner/STM32_WPAN/app/appli_mesh.c:265:13:Appli_ShortButtonPress	8	static
F:/Nejc/Projekti/BLEMeshHomeAutomation/BLE_MeshLightingProvisioner/STM32_WPAN/app/appli_mesh.c:276:13:Appli_LongButtonPress	8	static
F:/Nejc/Projekti/BLEMeshHomeAutomation/BLE_MeshLightingProvisioner/STM32_WPAN/app/appli_mesh.c:415:13:Appli_UpdateButtonState	24	static
F:/Nejc/Projekti/BLEMeshHomeAutomation/BLE_MeshLightingProvisioner/STM32_WPAN/app/appli_mesh.c:440:13:Mesh_Task	8	static
F:/Nejc/Projekti/BLEMeshHomeAutomation/BLE_MeshLightingProvisioner/STM32_WPAN/app/appli_mesh.c:473:13:Appli_Task	8	static
F:/Nejc/Projekti/BLEMeshHomeAutomation/BLE_MeshLightingProvisioner/STM32_WPAN/app/appli_mesh.c:491:6:Appli_LedCtrl	8	static
F:/Nejc/Projekti/BLEMeshHomeAutomation/BLE_MeshLightingProvisioner/STM32_WPAN/app/appli_mesh.c:512:14:Appli_LedBlink	8	static
F:/Nejc/Projekti/BLEMeshHomeAutomation/BLE_MeshLightingProvisioner/STM32_WPAN/app/appli_mesh.c:532:14:Appli_LedStateCtrlCb	16	static
F:/Nejc/Projekti/BLEMeshHomeAutomation/BLE_MeshLightingProvisioner/STM32_WPAN/app/appli_mesh.c:555:14:Appli_BleStackInitCb	4	static
F:/Nejc/Projekti/BLEMeshHomeAutomation/BLE_MeshLightingProvisioner/STM32_WPAN/app/appli_mesh.c:567:14:Appli_BleSetTxPowerCb	16	static
F:/Nejc/Projekti/BLEMeshHomeAutomation/BLE_MeshLightingProvisioner/STM32_WPAN/app/appli_mesh.c:587:14:Appli_BleSetUUIDCb	32	static
F:/Nejc/Projekti/BLEMeshHomeAutomation/BLE_MeshLightingProvisioner/STM32_WPAN/app/appli_mesh.c:625:14:Appli_BleSetProductInfoCB	24	static
F:/Nejc/Projekti/BLEMeshHomeAutomation/BLE_MeshLightingProvisioner/STM32_WPAN/app/appli_mesh.c:649:6:Appli_BleGattConnectionCompleteCb	8	static
F:/Nejc/Projekti/BLEMeshHomeAutomation/BLE_MeshLightingProvisioner/STM32_WPAN/app/appli_mesh.c:663:6:Appli_BleGattDisconnectionCompleteCb	8	static
F:/Nejc/Projekti/BLEMeshHomeAutomation/BLE_MeshLightingProvisioner/STM32_WPAN/app/appli_mesh.c:677:6:Appli_BleUnprovisionedIdentifyCb	16	static
F:/Nejc/Projekti/BLEMeshHomeAutomation/BLE_MeshLightingProvisioner/STM32_WPAN/app/appli_mesh.c:690:12:Appli_BleSetNumberOfElementsCb	8	static
F:/Nejc/Projekti/BLEMeshHomeAutomation/BLE_MeshLightingProvisioner/STM32_WPAN/app/appli_mesh.c:715:14:Appli_BleAttentionTimerCb	4	static
F:/Nejc/Projekti/BLEMeshHomeAutomation/BLE_MeshLightingProvisioner/STM32_WPAN/app/appli_mesh.c:731:6:Appli_BleOutputOOBAuthCb	16	static
F:/Nejc/Projekti/BLEMeshHomeAutomation/BLE_MeshLightingProvisioner/STM32_WPAN/app/appli_mesh.c:790:13:Appli_BleInputOOBAuthCb	16	static
F:/Nejc/Projekti/BLEMeshHomeAutomation/BLE_MeshLightingProvisioner/STM32_WPAN/app/appli_mesh.c:835:6:Appli_BleSerialInputOOBValue	16	static
F:/Nejc/Projekti/BLEMeshHomeAutomation/BLE_MeshLightingProvisioner/STM32_WPAN/app/appli_mesh.c:856:12:Appli_BleDisableFilterCb	4	static
F:/Nejc/Projekti/BLEMeshHomeAutomation/BLE_MeshLightingProvisioner/STM32_WPAN/app/appli_mesh.c:866:6:Appli_CheckForUnprovision	16	static
F:/Nejc/Projekti/BLEMeshHomeAutomation/BLE_MeshLightingProvisioner/STM32_WPAN/app/appli_mesh.c:935:6:Appli_Unprovision	8	static
F:/Nejc/Projekti/BLEMeshHomeAutomation/BLE_MeshLightingProvisioner/STM32_WPAN/app/appli_mesh.c:976:5:Appli_CheckBdMacAddr	24	static
F:/Nejc/Projekti/BLEMeshHomeAutomation/BLE_MeshLightingProvisioner/STM32_WPAN/app/appli_mesh.c:1042:13:Appli_GetMACfromUniqueNumber	16	static
F:/Nejc/Projekti/BLEMeshHomeAutomation/BLE_MeshLightingProvisioner/STM32_WPAN/app/appli_mesh.c:1114:6:BLEMesh_UnprovisionCallback	16	static
F:/Nejc/Projekti/BLEMeshHomeAutomation/BLE_MeshLightingProvisioner/STM32_WPAN/app/appli_mesh.c:1147:6:Appli_ProvisionerInit	8	static
F:/Nejc/Projekti/BLEMeshHomeAutomation/BLE_MeshLightingProvisioner/STM32_WPAN/app/appli_mesh.c:1158:6:SaveProvisionedNodeAddress	8	static
F:/Nejc/Projekti/BLEMeshHomeAutomation/BLE_MeshLightingProvisioner/STM32_WPAN/app/appli_mesh.c:1176:13:GetNewProvNodeDevKey	4	static
F:/Nejc/Projekti/BLEMeshHomeAutomation/BLE_MeshLightingProvisioner/STM32_WPAN/app/appli_mesh.c:1187:13:GetNewProvNodeAppKey	4	static
F:/Nejc/Projekti/BLEMeshHomeAutomation/BLE_MeshLightingProvisioner/STM32_WPAN/app/appli_mesh.c:1198:15:GetAddressToConfigure	4	static
F:/Nejc/Projekti/BLEMeshHomeAutomation/BLE_MeshLightingProvisioner/STM32_WPAN/app/appli_mesh.c:1209:15:GetNewAddressToProvision	4	static
F:/Nejc/Projekti/BLEMeshHomeAutomation/BLE_MeshLightingProvisioner/STM32_WPAN/app/appli_mesh.c:1220:13:BLEMesh_PvnrDataInputCallback	40	static
F:/Nejc/Projekti/BLEMeshHomeAutomation/BLE_MeshLightingProvisioner/STM32_WPAN/app/appli_mesh.c:1269:6:Appli_StartProvisionerMode	40	static
F:/Nejc/Projekti/BLEMeshHomeAutomation/BLE_MeshLightingProvisioner/STM32_WPAN/app/appli_mesh.c:1314:6:Start_SelfConfiguration	4	static
F:/Nejc/Projekti/BLEMeshHomeAutomation/BLE_MeshLightingProvisioner/STM32_WPAN/app/appli_mesh.c:1324:6:Appli_SelfConfigurationProcess	8	static
F:/Nejc/Projekti/BLEMeshHomeAutomation/BLE_MeshLightingProvisioner/STM32_WPAN/app/appli_mesh.c:1424:14:BLEMesh_ScanDevices	24	static
F:/Nejc/Projekti/BLEMeshHomeAutomation/BLE_MeshLightingProvisioner/STM32_WPAN/app/appli_mesh.c:1452:14:BLEMesh_ProvisionDevice	24	static
F:/Nejc/Projekti/BLEMeshHomeAutomation/BLE_MeshLightingProvisioner/STM32_WPAN/app/appli_mesh.c:1468:6:BLEMesh_PbAdvLinkOpenCb	8	static
F:/Nejc/Projekti/BLEMeshHomeAutomation/BLE_MeshLightingProvisioner/STM32_WPAN/app/appli_mesh.c:1489:6:BLEMesh_PbAdvLinkCloseCb	8	static
F:/Nejc/Projekti/BLEMeshHomeAutomation/BLE_MeshLightingProvisioner/STM32_WPAN/app/appli_mesh.c:1518:6:BLEMesh_ProvisionCallback	8	static
F:/Nejc/Projekti/BLEMeshHomeAutomation/BLE_MeshLightingProvisioner/STM32_WPAN/app/appli_mesh.c:1534:6:BLEMesh_ConfigurationCallback	4	static
F:/Nejc/Projekti/BLEMeshHomeAutomation/BLE_MeshLightingProvisioner/STM32_WPAN/app/appli_mesh.c:1558:6:BLEMesh_FnFriendshipEstablishedCallback	16	static
F:/Nejc/Projekti/BLEMeshHomeAutomation/BLE_MeshLightingProvisioner/STM32_WPAN/app/appli_mesh.c:1584:6:BLEMesh_FnFriendshipClearedCallback	16	static
F:/Nejc/Projekti/BLEMeshHomeAutomation/BLE_MeshLightingProvisioner/STM32_WPAN/app/appli_mesh.c:1610:6:BLEMesh_LpnFriendshipEstablishedCallback	16	static
F:/Nejc/Projekti/BLEMeshHomeAutomation/BLE_MeshLightingProvisioner/STM32_WPAN/app/appli_mesh.c:1623:6:BLEMesh_LpnFriendshipClearedCallback	16	static
F:/Nejc/Projekti/BLEMeshHomeAutomation/BLE_MeshLightingProvisioner/STM32_WPAN/app/appli_mesh.c:1647:6:BLEMesh_NeighborAppearedCallback	32	static
F:/Nejc/Projekti/BLEMeshHomeAutomation/BLE_MeshLightingProvisioner/STM32_WPAN/app/appli_mesh.c:1712:6:BLEMesh_NeighborRefreshedCallback	32	static
F:/Nejc/Projekti/BLEMeshHomeAutomation/BLE_MeshLightingProvisioner/STM32_WPAN/app/appli_mesh.c:1821:6:BLEMesh_CustomBeaconGeneratorCallback	32	static
F:/Nejc/Projekti/BLEMeshHomeAutomation/BLE_MeshLightingProvisioner/STM32_WPAN/app/appli_mesh.c:1841:6:Appli_LowPowerProcess	4	static
F:/Nejc/Projekti/BLEMeshHomeAutomation/BLE_MeshLightingProvisioner/STM32_WPAN/app/appli_mesh.c:1878:6:Appli_IntensityControlPublishing	16	static
F:/Nejc/Projekti/BLEMeshHomeAutomation/BLE_MeshLightingProvisioner/STM32_WPAN/app/appli_mesh.c:1916:6:IntensityPublish	4	static
F:/Nejc/Projekti/BLEMeshHomeAutomation/BLE_MeshLightingProvisioner/STM32_WPAN/app/appli_mesh.c:1944:6:Appli_Process	8	static
F:/Nejc/Projekti/BLEMeshHomeAutomation/BLE_MeshLightingProvisioner/STM32_WPAN/app/appli_mesh.c:1983:13:UnprovisionedDeviceBeaconApp	8	static
F:/Nejc/Projekti/BLEMeshHomeAutomation/BLE_MeshLightingProvisioner/STM32_WPAN/app/appli_mesh.c:1988:13:UnprovisionedDeviceBeaconTask	8	static
F:/Nejc/Projekti/BLEMeshHomeAutomation/BLE_MeshLightingProvisioner/STM32_WPAN/app/appli_mesh.c:2011:13:AppliMeshSW1Task	8	static
F:/Nejc/Projekti/BLEMeshHomeAutomation/BLE_MeshLightingProvisioner/STM32_WPAN/app/appli_mesh.c:2094:6:Appli_Init	16	static
F:/Nejc/Projekti/BLEMeshHomeAutomation/BLE_MeshLightingProvisioner/STM32_WPAN/app/appli_mesh.c:2190:6:Appli_GetPublicationParamsCb	16	static
F:/Nejc/Projekti/BLEMeshHomeAutomation/BLE_MeshLightingProvisioner/STM32_WPAN/app/appli_mesh.c:2206:13:PWM_CoolValue	24	static
F:/Nejc/Projekti/BLEMeshHomeAutomation/BLE_MeshLightingProvisioner/STM32_WPAN/app/appli_mesh.c:2225:13:PWM_WarmValue	24	static
F:/Nejc/Projekti/BLEMeshHomeAutomation/BLE_MeshLightingProvisioner/STM32_WPAN/app/appli_mesh.c:2244:13:PwmValueMapping	24	static
F:/Nejc/Projekti/BLEMeshHomeAutomation/BLE_MeshLightingProvisioner/STM32_WPAN/app/appli_mesh.c:2325:1:SerialPrvn_ProvisioningStatusUpdateCb	16	static
