F:/Nejc/Projekti/BLEMeshHomeAutomation/BLE_MeshLightingProvisioner/STM32_WPAN/app/appli_config_client.c:710:6:Appli_ConfigClientStartNodeConfiguration	16	static
F:/Nejc/Projekti/BLEMeshHomeAutomation/BLE_MeshLightingProvisioner/STM32_WPAN/app/appli_config_client.c:728:14:Appli_ConfigClient_Init	8	static
F:/Nejc/Projekti/BLEMeshHomeAutomation/BLE_MeshLightingProvisioner/STM32_WPAN/app/appli_config_client.c:744:14:Appli_ConfigClient_Process	8	static
F:/Nejc/Projekti/BLEMeshHomeAutomation/BLE_MeshLightingProvisioner/STM32_WPAN/app/appli_config_client.c:758:14:Appli_ConfigClient_ConfigureNode	288	static
F:/Nejc/Projekti/BLEMeshHomeAutomation/BLE_MeshLightingProvisioner/STM32_WPAN/app/appli_config_client.c:908:14:Appli_ConfigClient_GetCompositionData	16	static
F:/Nejc/Projekti/BLEMeshHomeAutomation/BLE_MeshLightingProvisioner/STM32_WPAN/app/appli_config_client.c:971:14:Appli_ConfigClient_DefaultAppKeyAdd	24	static
F:/Nejc/Projekti/BLEMeshHomeAutomation/BLE_MeshLightingProvisioner/STM32_WPAN/app/appli_config_client.c:1041:14:Appli_ConfigClient_DefaultAppKeyBind	24	static
F:/Nejc/Projekti/BLEMeshHomeAutomation/BLE_MeshLightingProvisioner/STM32_WPAN/app/appli_config_client.c:1212:14:AppliConfigClient_SubscriptionAddDefault	16	static
F:/Nejc/Projekti/BLEMeshHomeAutomation/BLE_MeshLightingProvisioner/STM32_WPAN/app/appli_config_client.c:1371:14:AppliConfigClient_PublicationSetDefault	56	static
F:/Nejc/Projekti/BLEMeshHomeAutomation/BLE_MeshLightingProvisioner/STM32_WPAN/app/appli_config_client.c:1546:14:AppliConfigClient_SelfPublicationSetDefault	64	static
F:/Nejc/Projekti/BLEMeshHomeAutomation/BLE_MeshLightingProvisioner/STM32_WPAN/app/appli_config_client.c:1644:14:AppliConfigClient_SelfSubscriptionSetDefault	24	static
F:/Nejc/Projekti/BLEMeshHomeAutomation/BLE_MeshLightingProvisioner/STM32_WPAN/app/appli_config_client.c:1717:14:Appli_ConfigClient_SelfDefaultAppKeyBind	24	static
F:/Nejc/Projekti/BLEMeshHomeAutomation/BLE_MeshLightingProvisioner/STM32_WPAN/app/appli_config_client.c:1791:6:Appli_CompositionDataStatusCb	16	static
F:/Nejc/Projekti/BLEMeshHomeAutomation/BLE_MeshLightingProvisioner/STM32_WPAN/app/appli_config_client.c:1803:6:Appli_AppKeyStatusCb	16	static
F:/Nejc/Projekti/BLEMeshHomeAutomation/BLE_MeshLightingProvisioner/STM32_WPAN/app/appli_config_client.c:1816:6:Appli_AppBindModelStatusCb	16	static
F:/Nejc/Projekti/BLEMeshHomeAutomation/BLE_MeshLightingProvisioner/STM32_WPAN/app/appli_config_client.c:1829:6:Appli_SubscriptionAddStatusCb	16	static
F:/Nejc/Projekti/BLEMeshHomeAutomation/BLE_MeshLightingProvisioner/STM32_WPAN/app/appli_config_client.c:1842:6:Appli_PublicationStatusCb	16	static
F:/Nejc/Projekti/BLEMeshHomeAutomation/BLE_MeshLightingProvisioner/STM32_WPAN/app/appli_config_client.c:1855:6:Appli_NodeResetStatusCb	8	static
F:/Nejc/Projekti/BLEMeshHomeAutomation/BLE_MeshLightingProvisioner/STM32_WPAN/app/appli_config_client.c:1870:13:GetSIGModelToBindApp	24	static
F:/Nejc/Projekti/BLEMeshHomeAutomation/BLE_MeshLightingProvisioner/STM32_WPAN/app/appli_config_client.c:1906:13:GetVendorModelToBindApp	16	static
F:/Nejc/Projekti/BLEMeshHomeAutomation/BLE_MeshLightingProvisioner/STM32_WPAN/app/appli_config_client.c:1917:12:GetCountSIGModelToBindApp	16	static
F:/Nejc/Projekti/BLEMeshHomeAutomation/BLE_MeshLightingProvisioner/STM32_WPAN/app/appli_config_client.c:1928:12:GetCountVendorModelToBindApp	16	static
F:/Nejc/Projekti/BLEMeshHomeAutomation/BLE_MeshLightingProvisioner/STM32_WPAN/app/appli_config_client.c:1941:13:GetSIGModelToPublish	16	static
F:/Nejc/Projekti/BLEMeshHomeAutomation/BLE_MeshLightingProvisioner/STM32_WPAN/app/appli_config_client.c:1958:13:GetVendorModelToPublish	16	static
F:/Nejc/Projekti/BLEMeshHomeAutomation/BLE_MeshLightingProvisioner/STM32_WPAN/app/appli_config_client.c:1969:12:GetCountSIGModelToPublish	16	static
F:/Nejc/Projekti/BLEMeshHomeAutomation/BLE_MeshLightingProvisioner/STM32_WPAN/app/appli_config_client.c:1980:12:GetCountVendorModelToPublish	16	static
F:/Nejc/Projekti/BLEMeshHomeAutomation/BLE_MeshLightingProvisioner/STM32_WPAN/app/appli_config_client.c:1993:13:GetSIGModelToSubscribe	16	static
F:/Nejc/Projekti/BLEMeshHomeAutomation/BLE_MeshLightingProvisioner/STM32_WPAN/app/appli_config_client.c:2010:13:GetVendorModelToSubscribe	16	static
F:/Nejc/Projekti/BLEMeshHomeAutomation/BLE_MeshLightingProvisioner/STM32_WPAN/app/appli_config_client.c:2022:12:GetCountSIGModelToSubscribe	16	static
F:/Nejc/Projekti/BLEMeshHomeAutomation/BLE_MeshLightingProvisioner/STM32_WPAN/app/appli_config_client.c:2034:12:GetCountVendorModelToSubscribe	16	static
F:/Nejc/Projekti/BLEMeshHomeAutomation/BLE_MeshLightingProvisioner/STM32_WPAN/app/appli_config_client.c:2047:12:AppliConfigClient_SendMessageDefault	16	static
