F:/Nejc/Projekti/BLEMeshHomeAutomation/BLE_MeshLightingProvisioner/STM32_WPAN/app/models_if.c:369:6:GetApplicationVendorModels	16	static
F:/Nejc/Projekti/BLEMeshHomeAutomation/BLE_MeshLightingProvisioner/STM32_WPAN/app/models_if.c:384:6:BLEMesh_ModelsInit	96	static
F:/Nejc/Projekti/BLEMeshHomeAutomation/BLE_MeshLightingProvisioner/STM32_WPAN/app/models_if.c:438:6:BLEMesh_ModelsProcess	8	static
F:/Nejc/Projekti/BLEMeshHomeAutomation/BLE_MeshLightingProvisioner/STM32_WPAN/app/models_if.c:474:6:BLEMesh_ModelsCommand	8	static
F:/Nejc/Projekti/BLEMeshHomeAutomation/BLE_MeshLightingProvisioner/STM32_WPAN/app/models_if.c:975:12:BLEMesh_ModelsGetElementNumber	24	static
F:/Nejc/Projekti/BLEMeshHomeAutomation/BLE_MeshLightingProvisioner/STM32_WPAN/app/models_if.c:992:12:BLEMesh_ModelsGetElementIndex	24	static
F:/Nejc/Projekti/BLEMeshHomeAutomation/BLE_MeshLightingProvisioner/STM32_WPAN/app/models_if.c:1016:6:BLEMesh_ModelsDelayPacket	48	static
F:/Nejc/Projekti/BLEMeshHomeAutomation/BLE_MeshLightingProvisioner/STM32_WPAN/app/models_if.c:1071:6:BLEMesh_ModelsSendDelayedPacket	48	static
F:/Nejc/Projekti/BLEMeshHomeAutomation/BLE_MeshLightingProvisioner/STM32_WPAN/app/models_if.c:1119:14:MeshClient_SetRemotePublication	48	static
F:/Nejc/Projekti/BLEMeshHomeAutomation/BLE_MeshLightingProvisioner/STM32_WPAN/app/models_if.c:1142:12:BLEMesh_ModelsASCII_To_Char	16	static
F:/Nejc/Projekti/BLEMeshHomeAutomation/BLE_MeshLightingProvisioner/STM32_WPAN/app/models_if.c:1148:13:Test_Process	4	static
