F:\Nejc\Programi\STM32CubeIDE_1.10.1\STM32CubeIDE\plugins\com.st.stm32cube.ide.mcu.externaltools.gnu-tools-for-stm32.12.3.rel1.win32_1.0.100.202403111256\tools\bin/../lib/gcc/arm-none-eabi/12.3.1/../../../../arm-none-eabi/include/c++/12.3.1/new:174:33:void* operator new(std::size_t, void*)	16	static
../../Middlewares/ST/touchgfx/framework/include/touchgfx/hal/Types.hpp:91:5:touchgfx::colortype::colortype(uint32_t)	16	static
../../Middlewares/ST/touchgfx/framework/include/touchgfx/hal/Types.hpp:140:5:touchgfx::Rect::Rect(int16_t, int16_t, int16_t, int16_t)	24	static
../../Middlewares/ST/touchgfx/framework/include/touchgfx/Drawable.hpp:62:13:touchgfx::Drawable::~Drawable()	16	static
../../Middlewares/ST/touchgfx/framework/include/touchgfx/Drawable.hpp:62:13:virtual touchgfx::Drawable::~Drawable()	16	static
../../Middlewares/ST/touchgfx/framework/include/touchgfx/Drawable.hpp:121:18:virtual void touchgfx::Drawable::invalidateContent() const	16	static
../../Middlewares/ST/touchgfx/framework/include/touchgfx/Drawable.hpp:136:15:touchgfx::Drawable* touchgfx::Drawable::getNextSibling()	16	static
../../Middlewares/ST/touchgfx/framework/include/touchgfx/Drawable.hpp:147:23:virtual touchgfx::Drawable* touchgfx::Drawable::getFirstChild()	16	static
../../Middlewares/ST/touchgfx/framework/include/touchgfx/Drawable.hpp:233:10:void touchgfx::Drawable::setPosition(int16_t, int16_t, int16_t, int16_t)	24	static
../../Middlewares/ST/touchgfx/framework/include/touchgfx/Drawable.hpp:273:13:int16_t touchgfx::Drawable::getX() const	16	static
../../Middlewares/ST/touchgfx/framework/include/touchgfx/Drawable.hpp:315:18:virtual void touchgfx::Drawable::setX(int16_t)	16	static
../../Middlewares/ST/touchgfx/framework/include/touchgfx/Drawable.hpp:327:18:virtual void touchgfx::Drawable::setY(int16_t)	16	static
../../Middlewares/ST/touchgfx/framework/include/touchgfx/Drawable.hpp:343:10:void touchgfx::Drawable::setXY(int16_t, int16_t)	16	static
../../Middlewares/ST/touchgfx/framework/include/touchgfx/Drawable.hpp:356:18:virtual void touchgfx::Drawable::setWidth(int16_t)	16	static
../../Middlewares/ST/touchgfx/framework/include/touchgfx/Drawable.hpp:368:18:virtual void touchgfx::Drawable::setHeight(int16_t)	16	static
../../Middlewares/ST/touchgfx/framework/include/touchgfx/Drawable.hpp:378:18:virtual void touchgfx::Drawable::childGeometryChanged()	16	static
../../Middlewares/ST/touchgfx/framework/include/touchgfx/Drawable.hpp:389:18:virtual void touchgfx::Drawable::handleClickEvent(const touchgfx::ClickEvent&)	16	static
../../Middlewares/ST/touchgfx/framework/include/touchgfx/Drawable.hpp:401:18:virtual void touchgfx::Drawable::handleGestureEvent(const touchgfx::GestureEvent&)	16	static
../../Middlewares/ST/touchgfx/framework/include/touchgfx/Drawable.hpp:413:10:void touchgfx::Drawable::setWidthHeight(int16_t, int16_t)	16	static
../../Middlewares/ST/touchgfx/framework/include/touchgfx/Drawable.hpp:490:18:virtual void touchgfx::Drawable::handleDragEvent(const touchgfx::DragEvent&)	16	static
../../Middlewares/ST/touchgfx/framework/include/touchgfx/Drawable.hpp:501:18:virtual void touchgfx::Drawable::handleTickEvent()	16	static
../../Middlewares/ST/touchgfx/framework/include/touchgfx/Drawable.hpp:537:10:bool touchgfx::Drawable::isVisible() const	16	static
../../Middlewares/ST/touchgfx/framework/include/touchgfx/Drawable.hpp:549:10:bool touchgfx::Drawable::isTouchable() const	16	static
../../Middlewares/ST/touchgfx/framework/include/touchgfx/Drawable.hpp:588:18:virtual void touchgfx::Drawable::moveTo(int16_t, int16_t)	16	static
../../Middlewares/ST/touchgfx/framework/include/touchgfx/Drawable.hpp:625:10:void touchgfx::Drawable::resetDrawChainCache()	16	static
../../Middlewares/ST/touchgfx/framework/include/touchgfx/Drawable.hpp:703:18:virtual void touchgfx::Drawable::setupDrawChain(const touchgfx::Rect&, touchgfx::Drawable**)	24	static
../../Middlewares/ST/touchgfx/framework/include/touchgfx/UIEventListener.hpp:44:18:virtual void touchgfx::UIEventListener::handleClickEvent(const touchgfx::ClickEvent&)	16	static
../../Middlewares/ST/touchgfx/framework/include/touchgfx/UIEventListener.hpp:54:18:virtual void touchgfx::UIEventListener::handleDragEvent(const touchgfx::DragEvent&)	16	static
../../Middlewares/ST/touchgfx/framework/include/touchgfx/UIEventListener.hpp:64:18:virtual void touchgfx::UIEventListener::handleGestureEvent(const touchgfx::GestureEvent&)	16	static
../../Middlewares/ST/touchgfx/framework/include/touchgfx/UIEventListener.hpp:74:18:virtual void touchgfx::UIEventListener::handleKeyEvent(uint8_t)	16	static
../../Middlewares/ST/touchgfx/framework/include/touchgfx/UIEventListener.hpp:83:18:virtual void touchgfx::UIEventListener::handleTickEvent()	16	static
../../Middlewares/ST/touchgfx/framework/include/touchgfx/UIEventListener.hpp:88:18:virtual void touchgfx::UIEventListener::handlePendingScreenTransition()	16	static
../../Middlewares/ST/touchgfx/framework/include/touchgfx/UIEventListener.hpp:93:13:touchgfx::UIEventListener::~UIEventListener()	16	static
../../Middlewares/ST/touchgfx/framework/include/touchgfx/UIEventListener.hpp:93:13:virtual touchgfx::UIEventListener::~UIEventListener()	16	static
../../Middlewares/ST/touchgfx/framework/include/touchgfx/widgets/Widget.hpp:45:18:virtual void touchgfx::Widget::getLastChild(int16_t, int16_t, touchgfx::Drawable**)	24	static
../../Middlewares/ST/touchgfx/framework/include/touchgfx/Application.hpp:72:18:virtual void touchgfx::Application::changeToStartScreen()	16	static
../../Middlewares/ST/touchgfx/framework/include/touchgfx/Application.hpp:91:18:virtual void touchgfx::Application::appSwitchScreen(uint8_t)	16	static
../../Middlewares/ST/touchgfx/framework/include/touchgfx/Application.hpp:104:18:virtual void touchgfx::Application::requestRedraw(touchgfx::Rect&)	16	static
../../Middlewares/ST/touchgfx/framework/include/touchgfx/Application.hpp:194:10:void touchgfx::Application::clearAllTimerWidgets()	16	static
../../Middlewares/ST/touchgfx/framework/include/touchgfx/Callback.hpp:179:13:touchgfx::GenericCallback<void>::~GenericCallback()	16	static
../../Middlewares/ST/touchgfx/framework/include/touchgfx/Callback.hpp:179:13:virtual touchgfx::GenericCallback<void>::~GenericCallback()	16	static
../../Middlewares/ST/touchgfx/framework/include/touchgfx/hal/HAL.hpp:110:17:static touchgfx::HAL* touchgfx::HAL::getInstance()	4	static
../../Middlewares/ST/touchgfx/framework/include/touchgfx/hal/HAL.hpp:268:17:static touchgfx::LCD& touchgfx::HAL::lcd()	4	static
../../Middlewares/ST/touchgfx/framework/include/touchgfx/transitions/Transition.hpp:41:5:touchgfx::Transition::Transition()	16	static
../../Middlewares/ST/touchgfx/framework/include/touchgfx/transitions/Transition.hpp:47:13:touchgfx::Transition::~Transition()	16	static
../../Middlewares/ST/touchgfx/framework/include/touchgfx/transitions/Transition.hpp:47:13:virtual touchgfx::Transition::~Transition()	16	static
../../Middlewares/ST/touchgfx/framework/include/touchgfx/transitions/Transition.hpp:52:18:virtual void touchgfx::Transition::handleTickEvent()	16	static
../../Middlewares/ST/touchgfx/framework/include/touchgfx/transitions/Transition.hpp:72:18:virtual void touchgfx::Transition::tearDown()	16	static
../../Middlewares/ST/touchgfx/framework/include/touchgfx/transitions/Transition.hpp:80:18:virtual void touchgfx::Transition::init()	16	static
../../Middlewares/ST/touchgfx/framework/include/touchgfx/transitions/Transition.hpp:89:18:virtual void touchgfx::Transition::invalidate()	16	static
../../Middlewares/ST/touchgfx/framework/include/touchgfx/transitions/Transition.hpp:100:18:virtual void touchgfx::Transition::setScreenContainer(touchgfx::Container&)	16	static
../../Middlewares/ST/touchgfx/framework/include/touchgfx/Application.hpp:41:7:touchgfx::Application::~Application()	16	static
../../Middlewares/ST/touchgfx/framework/include/touchgfx/Application.hpp:41:7:virtual touchgfx::Application::~Application()	16	static
../../Middlewares/ST/touchgfx/framework/include/mvp/MVPApplication.hpp:47:5:touchgfx::MVPApplication::MVPApplication()	16	static
../../Middlewares/ST/touchgfx/framework/include/mvp/MVPApplication.hpp:59:18:virtual void touchgfx::MVPApplication::handlePendingScreenTransition()	16	static
../../Middlewares/ST/touchgfx/framework/include/mvp/MVPApplication.hpp:73:10:void touchgfx::MVPApplication::evaluatePendingScreenTransition()	16	static
../../TouchGFX/gui/include/gui/model/Model.hpp:17:10:void Model::bind(ModelListener*)	16	static
../../Middlewares/ST/touchgfx/framework/include/mvp/MVPApplication.hpp:43:7:touchgfx::MVPApplication::~MVPApplication()	16	static
../../Middlewares/ST/touchgfx/framework/include/mvp/MVPApplication.hpp:43:7:virtual touchgfx::MVPApplication::~MVPApplication()	16	static
../../TouchGFX/generated/gui_generated/include/gui_generated/common/FrontendApplicationBase.hpp:16:13:FrontendApplicationBase::~FrontendApplicationBase()	16	static
../../TouchGFX/generated/gui_generated/include/gui_generated/common/FrontendApplicationBase.hpp:16:13:virtual FrontendApplicationBase::~FrontendApplicationBase()	16	static
../../TouchGFX/generated/gui_generated/include/gui_generated/common/FrontendApplicationBase.hpp:18:18:virtual void FrontendApplicationBase::changeToStartScreen()	16	static
../../Middlewares/ST/touchgfx/framework/include/touchgfx/transitions/NoTransition.hpp:35:18:virtual void touchgfx::NoTransition::handleTickEvent()	16	static
../../TouchGFX/gui/include/gui/model/ModelListener.hpp:13:10:void ModelListener::bind(Model*)	16	static
../../Middlewares/ST/touchgfx/framework/include/touchgfx/widgets/Widget.hpp:36:7:touchgfx::Widget::~Widget()	16	static
../../Middlewares/ST/touchgfx/framework/include/touchgfx/widgets/Widget.hpp:36:7:virtual touchgfx::Widget::~Widget()	16	static
../../Middlewares/ST/touchgfx/framework/include/touchgfx/TypedText.hpp:59:5:touchgfx::TypedText::TypedText(touchgfx::TypedTextId)	16	static
../../Middlewares/ST/touchgfx/framework/include/touchgfx/TypedText.hpp:65:13:touchgfx::TypedText::~TypedText()	16	static
../../Middlewares/ST/touchgfx/framework/include/touchgfx/TypedText.hpp:65:13:virtual touchgfx::TypedText::~TypedText()	16	static
F:/Nejc/Projekti/BLEMeshHomeAutomation/H7MeshProvisioner/TouchGFX/generated/gui_generated/src/common/FrontendApplicationBase.cpp:43:1:FrontendApplicationBase::FrontendApplicationBase(Model&, FrontendHeap&)	24	static
../../Middlewares/ST/touchgfx/framework/include/touchgfx/Callback.hpp:175:7:constexpr touchgfx::GenericCallback<void>& touchgfx::GenericCallback<void>::operator=(const touchgfx::GenericCallback<void>&)	16	static
../../Middlewares/ST/touchgfx/framework/include/touchgfx/Callback.hpp:424:8:constexpr touchgfx::Callback<FrontendApplicationBase>& touchgfx::Callback<FrontendApplicationBase>::operator=(touchgfx::Callback<FrontendApplicationBase>&&)	16	static
F:/Nejc/Projekti/BLEMeshHomeAutomation/H7MeshProvisioner/TouchGFX/generated/gui_generated/src/common/FrontendApplicationBase.cpp:61:6:void FrontendApplicationBase::gotoScreen1ScreenSlideTransitionEast()	48	static
F:/Nejc/Projekti/BLEMeshHomeAutomation/H7MeshProvisioner/TouchGFX/generated/gui_generated/src/common/FrontendApplicationBase.cpp:67:6:void FrontendApplicationBase::gotoScreen1ScreenSlideTransitionEastImpl()	24	static
F:/Nejc/Projekti/BLEMeshHomeAutomation/H7MeshProvisioner/TouchGFX/generated/gui_generated/src/common/FrontendApplicationBase.cpp:74:6:void FrontendApplicationBase::gotoHomeScreenScreenNoTransition()	48	static
F:/Nejc/Projekti/BLEMeshHomeAutomation/H7MeshProvisioner/TouchGFX/generated/gui_generated/src/common/FrontendApplicationBase.cpp:80:6:void FrontendApplicationBase::gotoHomeScreenScreenNoTransitionImpl()	24	static
F:/Nejc/Projekti/BLEMeshHomeAutomation/H7MeshProvisioner/TouchGFX/generated/gui_generated/src/common/FrontendApplicationBase.cpp:85:6:void FrontendApplicationBase::gotoHomeScreenScreenSlideTransitionEast()	48	static
F:/Nejc/Projekti/BLEMeshHomeAutomation/H7MeshProvisioner/TouchGFX/generated/gui_generated/src/common/FrontendApplicationBase.cpp:91:6:void FrontendApplicationBase::gotoHomeScreenScreenSlideTransitionEastImpl()	24	static
F:/Nejc/Projekti/BLEMeshHomeAutomation/H7MeshProvisioner/TouchGFX/generated/gui_generated/src/common/FrontendApplicationBase.cpp:98:6:void FrontendApplicationBase::gotoAddDeviceScreenScreenSlideTransitionEast()	48	static
F:/Nejc/Projekti/BLEMeshHomeAutomation/H7MeshProvisioner/TouchGFX/generated/gui_generated/src/common/FrontendApplicationBase.cpp:104:6:void FrontendApplicationBase::gotoAddDeviceScreenScreenSlideTransitionEastImpl()	24	static
F:/Nejc/Projekti/BLEMeshHomeAutomation/H7MeshProvisioner/TouchGFX/generated/gui_generated/src/common/FrontendApplicationBase.cpp:111:6:void FrontendApplicationBase::gotoConfigureNodeScreenScreenSlideTransitionEast()	48	static
F:/Nejc/Projekti/BLEMeshHomeAutomation/H7MeshProvisioner/TouchGFX/generated/gui_generated/src/common/FrontendApplicationBase.cpp:117:6:void FrontendApplicationBase::gotoConfigureNodeScreenScreenSlideTransitionEastImpl()	24	static
F:/Nejc/Projekti/BLEMeshHomeAutomation/H7MeshProvisioner/TouchGFX/generated/gui_generated/src/common/FrontendApplicationBase.cpp:124:6:void FrontendApplicationBase::gotoDebugScreenScreenSlideTransitionEast()	48	static
F:/Nejc/Projekti/BLEMeshHomeAutomation/H7MeshProvisioner/TouchGFX/generated/gui_generated/src/common/FrontendApplicationBase.cpp:130:6:void FrontendApplicationBase::gotoDebugScreenScreenSlideTransitionEastImpl()	24	static
F:/Nejc/Projekti/BLEMeshHomeAutomation/H7MeshProvisioner/TouchGFX/generated/gui_generated/src/common/FrontendApplicationBase.cpp:137:6:void FrontendApplicationBase::gotoNodesScreenScreenSlideTransitionEast()	48	static
F:/Nejc/Projekti/BLEMeshHomeAutomation/H7MeshProvisioner/TouchGFX/generated/gui_generated/src/common/FrontendApplicationBase.cpp:143:6:void FrontendApplicationBase::gotoNodesScreenScreenSlideTransitionEastImpl()	24	static
F:/Nejc/Projekti/BLEMeshHomeAutomation/H7MeshProvisioner/TouchGFX/generated/gui_generated/src/common/FrontendApplicationBase.cpp:150:6:void FrontendApplicationBase::gotoNodeProperScreenScreenSlideTransitionEast()	48	static
F:/Nejc/Projekti/BLEMeshHomeAutomation/H7MeshProvisioner/TouchGFX/generated/gui_generated/src/common/FrontendApplicationBase.cpp:156:6:void FrontendApplicationBase::gotoNodeProperScreenScreenSlideTransitionEastImpl()	24	static
F:/Nejc/Projekti/BLEMeshHomeAutomation/H7MeshProvisioner/TouchGFX/generated/gui_generated/src/common/FrontendApplicationBase.cpp:163:6:void FrontendApplicationBase::gotoSettingsScreenScreenSlideTransitionEast()	48	static
F:/Nejc/Projekti/BLEMeshHomeAutomation/H7MeshProvisioner/TouchGFX/generated/gui_generated/src/common/FrontendApplicationBase.cpp:169:6:void FrontendApplicationBase::gotoSettingsScreenScreenSlideTransitionEastImpl()	24	static
F:/Nejc/Projekti/BLEMeshHomeAutomation/H7MeshProvisioner/TouchGFX/generated/gui_generated/src/common/FrontendApplicationBase.cpp:176:6:void FrontendApplicationBase::gotoClockSettingsScreenScreenSlideTransitionEast()	48	static
F:/Nejc/Projekti/BLEMeshHomeAutomation/H7MeshProvisioner/TouchGFX/generated/gui_generated/src/common/FrontendApplicationBase.cpp:182:6:void FrontendApplicationBase::gotoClockSettingsScreenScreenSlideTransitionEastImpl()	24	static
F:/Nejc/Projekti/BLEMeshHomeAutomation/H7MeshProvisioner/TouchGFX/generated/gui_generated/src/common/FrontendApplicationBase.cpp:189:6:void FrontendApplicationBase::gotoDeviceInfoScreenScreenSlideTransitionEast()	48	static
F:/Nejc/Projekti/BLEMeshHomeAutomation/H7MeshProvisioner/TouchGFX/generated/gui_generated/src/common/FrontendApplicationBase.cpp:195:6:void FrontendApplicationBase::gotoDeviceInfoScreenScreenSlideTransitionEastImpl()	24	static
F:/Nejc/Projekti/BLEMeshHomeAutomation/H7MeshProvisioner/TouchGFX/generated/gui_generated/src/common/FrontendApplicationBase.cpp:202:6:void FrontendApplicationBase::gotoNodeSesnsorsScreenScreenSlideTransitionEast()	48	static
F:/Nejc/Projekti/BLEMeshHomeAutomation/H7MeshProvisioner/TouchGFX/generated/gui_generated/src/common/FrontendApplicationBase.cpp:208:6:void FrontendApplicationBase::gotoNodeSesnsorsScreenScreenSlideTransitionEastImpl()	24	static
F:/Nejc/Projekti/BLEMeshHomeAutomation/H7MeshProvisioner/TouchGFX/generated/gui_generated/src/common/FrontendApplicationBase.cpp:215:6:void FrontendApplicationBase::gotoRenameScreenScreenSlideTransitionEast()	48	static
F:/Nejc/Projekti/BLEMeshHomeAutomation/H7MeshProvisioner/TouchGFX/generated/gui_generated/src/common/FrontendApplicationBase.cpp:221:6:void FrontendApplicationBase::gotoRenameScreenScreenSlideTransitionEastImpl()	24	static
F:/Nejc/Projekti/BLEMeshHomeAutomation/H7MeshProvisioner/TouchGFX/generated/gui_generated/src/common/FrontendApplicationBase.cpp:228:6:void FrontendApplicationBase::gotoErrorScreenScreenSlideTransitionEast()	48	static
F:/Nejc/Projekti/BLEMeshHomeAutomation/H7MeshProvisioner/TouchGFX/generated/gui_generated/src/common/FrontendApplicationBase.cpp:234:6:void FrontendApplicationBase::gotoErrorScreenScreenSlideTransitionEastImpl()	24	static
F:/Nejc/Projekti/BLEMeshHomeAutomation/H7MeshProvisioner/TouchGFX/generated/gui_generated/src/common/FrontendApplicationBase.cpp:241:6:void FrontendApplicationBase::gotoNodeLevelSetScreenScreenSlideTransitionEast()	48	static
F:/Nejc/Projekti/BLEMeshHomeAutomation/H7MeshProvisioner/TouchGFX/generated/gui_generated/src/common/FrontendApplicationBase.cpp:247:6:void FrontendApplicationBase::gotoNodeLevelSetScreenScreenSlideTransitionEastImpl()	24	static
../../Middlewares/ST/touchgfx/framework/include/touchgfx/Callback.hpp:175:7:constexpr touchgfx::GenericCallback<void>::GenericCallback()	16	static
../../Middlewares/ST/touchgfx/framework/include/touchgfx/Callback.hpp:427:5:touchgfx::Callback<dest_type, void, void, void>::Callback() [with dest_type = FrontendApplicationBase]	16	static
../../Middlewares/ST/touchgfx/framework/include/touchgfx/Callback.hpp:440:5:touchgfx::Callback<dest_type, void, void, void>::Callback(dest_type*, void (dest_type::*)()) [with dest_type = FrontendApplicationBase]	24	static
../../Middlewares/ST/touchgfx/framework/include/mvp/MVPApplication.hpp:161:16:PresenterType* touchgfx::makeTransition(Screen**, Presenter**, MVPHeap&, Transition**, ModelType*) [with ScreenType = Screen1View; PresenterType = Screen1Presenter; TransType = SlideTransition<touchgfx::EAST>; ModelType = Model]	72	static
../../Middlewares/ST/touchgfx/framework/include/touchgfx/transitions/NoTransition.hpp:31:7:touchgfx::NoTransition::NoTransition()	16	static
../../Middlewares/ST/touchgfx/framework/include/mvp/MVPApplication.hpp:161:16:PresenterType* touchgfx::makeTransition(Screen**, Presenter**, MVPHeap&, Transition**, ModelType*) [with ScreenType = HomeScreenView; PresenterType = HomeScreenPresenter; TransType = NoTransition; ModelType = Model]	72	static
../../Middlewares/ST/touchgfx/framework/include/mvp/MVPApplication.hpp:161:16:PresenterType* touchgfx::makeTransition(Screen**, Presenter**, MVPHeap&, Transition**, ModelType*) [with ScreenType = HomeScreenView; PresenterType = HomeScreenPresenter; TransType = SlideTransition<touchgfx::EAST>; ModelType = Model]	72	static
../../Middlewares/ST/touchgfx/framework/include/mvp/MVPApplication.hpp:161:16:PresenterType* touchgfx::makeTransition(Screen**, Presenter**, MVPHeap&, Transition**, ModelType*) [with ScreenType = AddDeviceScreenView; PresenterType = AddDeviceScreenPresenter; TransType = SlideTransition<touchgfx::EAST>; ModelType = Model]	72	static
../../Middlewares/ST/touchgfx/framework/include/mvp/MVPApplication.hpp:161:16:PresenterType* touchgfx::makeTransition(Screen**, Presenter**, MVPHeap&, Transition**, ModelType*) [with ScreenType = ConfigureNodeScreenView; PresenterType = ConfigureNodeScreenPresenter; TransType = SlideTransition<touchgfx::EAST>; ModelType = Model]	72	static
../../Middlewares/ST/touchgfx/framework/include/mvp/MVPApplication.hpp:161:16:PresenterType* touchgfx::makeTransition(Screen**, Presenter**, MVPHeap&, Transition**, ModelType*) [with ScreenType = DebugScreenView; PresenterType = DebugScreenPresenter; TransType = SlideTransition<touchgfx::EAST>; ModelType = Model]	72	static
../../Middlewares/ST/touchgfx/framework/include/mvp/MVPApplication.hpp:161:16:PresenterType* touchgfx::makeTransition(Screen**, Presenter**, MVPHeap&, Transition**, ModelType*) [with ScreenType = NodesScreenView; PresenterType = NodesScreenPresenter; TransType = SlideTransition<touchgfx::EAST>; ModelType = Model]	72	static
../../Middlewares/ST/touchgfx/framework/include/mvp/MVPApplication.hpp:161:16:PresenterType* touchgfx::makeTransition(Screen**, Presenter**, MVPHeap&, Transition**, ModelType*) [with ScreenType = NodeProperScreenView; PresenterType = NodeProperScreenPresenter; TransType = SlideTransition<touchgfx::EAST>; ModelType = Model]	72	static
../../Middlewares/ST/touchgfx/framework/include/mvp/MVPApplication.hpp:161:16:PresenterType* touchgfx::makeTransition(Screen**, Presenter**, MVPHeap&, Transition**, ModelType*) [with ScreenType = SettingsScreenView; PresenterType = SettingsScreenPresenter; TransType = SlideTransition<touchgfx::EAST>; ModelType = Model]	72	static
../../Middlewares/ST/touchgfx/framework/include/mvp/MVPApplication.hpp:161:16:PresenterType* touchgfx::makeTransition(Screen**, Presenter**, MVPHeap&, Transition**, ModelType*) [with ScreenType = ClockSettingsScreenView; PresenterType = ClockSettingsScreenPresenter; TransType = SlideTransition<touchgfx::EAST>; ModelType = Model]	72	static
../../Middlewares/ST/touchgfx/framework/include/mvp/MVPApplication.hpp:161:16:PresenterType* touchgfx::makeTransition(Screen**, Presenter**, MVPHeap&, Transition**, ModelType*) [with ScreenType = DeviceInfoScreenView; PresenterType = DeviceInfoScreenPresenter; TransType = SlideTransition<touchgfx::EAST>; ModelType = Model]	72	static
../../Middlewares/ST/touchgfx/framework/include/mvp/MVPApplication.hpp:161:16:PresenterType* touchgfx::makeTransition(Screen**, Presenter**, MVPHeap&, Transition**, ModelType*) [with ScreenType = NodeSesnsorsScreenView; PresenterType = NodeSesnsorsScreenPresenter; TransType = SlideTransition<touchgfx::EAST>; ModelType = Model]	72	static
../../Middlewares/ST/touchgfx/framework/include/mvp/MVPApplication.hpp:161:16:PresenterType* touchgfx::makeTransition(Screen**, Presenter**, MVPHeap&, Transition**, ModelType*) [with ScreenType = RenameScreenView; PresenterType = RenameScreenPresenter; TransType = SlideTransition<touchgfx::EAST>; ModelType = Model]	72	static
../../Middlewares/ST/touchgfx/framework/include/mvp/MVPApplication.hpp:161:16:PresenterType* touchgfx::makeTransition(Screen**, Presenter**, MVPHeap&, Transition**, ModelType*) [with ScreenType = ErrorScreenView; PresenterType = ErrorScreenPresenter; TransType = SlideTransition<touchgfx::EAST>; ModelType = Model]	72	static
../../Middlewares/ST/touchgfx/framework/include/mvp/MVPApplication.hpp:161:16:PresenterType* touchgfx::makeTransition(Screen**, Presenter**, MVPHeap&, Transition**, ModelType*) [with ScreenType = NodeLevelSetScreenView; PresenterType = NodeLevelSetScreenPresenter; TransType = SlideTransition<touchgfx::EAST>; ModelType = Model]	72	static
../../Middlewares/ST/touchgfx/framework/include/common/AbstractPartition.hpp:135:8:T& touchgfx::AbstractPartition::at(uint16_t) [with T = touchgfx::SlideTransition<touchgfx::EAST>]	16	static
../../Middlewares/ST/touchgfx/framework/include/touchgfx/widgets/SnapshotWidget.hpp:33:7:touchgfx::SnapshotWidget::~SnapshotWidget()	16	static
../../Middlewares/ST/touchgfx/framework/include/touchgfx/widgets/SnapshotWidget.hpp:33:7:virtual touchgfx::SnapshotWidget::~SnapshotWidget()	16	static
../../Middlewares/ST/touchgfx/framework/include/touchgfx/transitions/SlideTransition.hpp:47:5:touchgfx::SlideTransition<templateDirection>::SlideTransition(uint8_t) [with touchgfx::Direction templateDirection = touchgfx::EAST]	24	static
../../Middlewares/ST/touchgfx/framework/include/common/AbstractPartition.hpp:135:8:T& touchgfx::AbstractPartition::at(uint16_t) [with T = Screen1View]	16	static
../../Middlewares/ST/touchgfx/framework/include/common/AbstractPartition.hpp:135:8:T& touchgfx::AbstractPartition::at(uint16_t) [with T = Screen1Presenter]	16	static
../../Middlewares/ST/touchgfx/framework/include/mvp/View.hpp:50:10:void touchgfx::View<T>::bind(T&) [with T = Screen1Presenter]	16	static
../../Middlewares/ST/touchgfx/framework/include/common/AbstractPartition.hpp:135:8:T& touchgfx::AbstractPartition::at(uint16_t) [with T = touchgfx::NoTransition]	16	static
../../Middlewares/ST/touchgfx/framework/include/common/AbstractPartition.hpp:135:8:T& touchgfx::AbstractPartition::at(uint16_t) [with T = HomeScreenView]	16	static
../../Middlewares/ST/touchgfx/framework/include/common/AbstractPartition.hpp:135:8:T& touchgfx::AbstractPartition::at(uint16_t) [with T = HomeScreenPresenter]	16	static
../../Middlewares/ST/touchgfx/framework/include/mvp/View.hpp:50:10:void touchgfx::View<T>::bind(T&) [with T = HomeScreenPresenter]	16	static
../../Middlewares/ST/touchgfx/framework/include/common/AbstractPartition.hpp:135:8:T& touchgfx::AbstractPartition::at(uint16_t) [with T = AddDeviceScreenView]	16	static
../../Middlewares/ST/touchgfx/framework/include/common/AbstractPartition.hpp:135:8:T& touchgfx::AbstractPartition::at(uint16_t) [with T = AddDeviceScreenPresenter]	16	static
../../Middlewares/ST/touchgfx/framework/include/mvp/View.hpp:50:10:void touchgfx::View<T>::bind(T&) [with T = AddDeviceScreenPresenter]	16	static
../../Middlewares/ST/touchgfx/framework/include/common/AbstractPartition.hpp:135:8:T& touchgfx::AbstractPartition::at(uint16_t) [with T = ConfigureNodeScreenView]	16	static
../../Middlewares/ST/touchgfx/framework/include/common/AbstractPartition.hpp:135:8:T& touchgfx::AbstractPartition::at(uint16_t) [with T = ConfigureNodeScreenPresenter]	16	static
../../Middlewares/ST/touchgfx/framework/include/mvp/View.hpp:50:10:void touchgfx::View<T>::bind(T&) [with T = ConfigureNodeScreenPresenter]	16	static
../../Middlewares/ST/touchgfx/framework/include/common/AbstractPartition.hpp:135:8:T& touchgfx::AbstractPartition::at(uint16_t) [with T = DebugScreenView]	16	static
../../Middlewares/ST/touchgfx/framework/include/common/AbstractPartition.hpp:135:8:T& touchgfx::AbstractPartition::at(uint16_t) [with T = DebugScreenPresenter]	16	static
../../Middlewares/ST/touchgfx/framework/include/mvp/View.hpp:50:10:void touchgfx::View<T>::bind(T&) [with T = DebugScreenPresenter]	16	static
../../Middlewares/ST/touchgfx/framework/include/common/AbstractPartition.hpp:135:8:T& touchgfx::AbstractPartition::at(uint16_t) [with T = NodesScreenView]	16	static
../../Middlewares/ST/touchgfx/framework/include/common/AbstractPartition.hpp:135:8:T& touchgfx::AbstractPartition::at(uint16_t) [with T = NodesScreenPresenter]	16	static
../../Middlewares/ST/touchgfx/framework/include/mvp/View.hpp:50:10:void touchgfx::View<T>::bind(T&) [with T = NodesScreenPresenter]	16	static
../../Middlewares/ST/touchgfx/framework/include/common/AbstractPartition.hpp:135:8:T& touchgfx::AbstractPartition::at(uint16_t) [with T = NodeProperScreenView]	16	static
../../Middlewares/ST/touchgfx/framework/include/common/AbstractPartition.hpp:135:8:T& touchgfx::AbstractPartition::at(uint16_t) [with T = NodeProperScreenPresenter]	16	static
../../Middlewares/ST/touchgfx/framework/include/mvp/View.hpp:50:10:void touchgfx::View<T>::bind(T&) [with T = NodeProperScreenPresenter]	16	static
../../Middlewares/ST/touchgfx/framework/include/common/AbstractPartition.hpp:135:8:T& touchgfx::AbstractPartition::at(uint16_t) [with T = SettingsScreenView]	16	static
../../Middlewares/ST/touchgfx/framework/include/common/AbstractPartition.hpp:135:8:T& touchgfx::AbstractPartition::at(uint16_t) [with T = SettingsScreenPresenter]	16	static
../../Middlewares/ST/touchgfx/framework/include/mvp/View.hpp:50:10:void touchgfx::View<T>::bind(T&) [with T = SettingsScreenPresenter]	16	static
../../Middlewares/ST/touchgfx/framework/include/common/AbstractPartition.hpp:135:8:T& touchgfx::AbstractPartition::at(uint16_t) [with T = ClockSettingsScreenView]	16	static
../../Middlewares/ST/touchgfx/framework/include/common/AbstractPartition.hpp:135:8:T& touchgfx::AbstractPartition::at(uint16_t) [with T = ClockSettingsScreenPresenter]	16	static
../../Middlewares/ST/touchgfx/framework/include/mvp/View.hpp:50:10:void touchgfx::View<T>::bind(T&) [with T = ClockSettingsScreenPresenter]	16	static
../../Middlewares/ST/touchgfx/framework/include/common/AbstractPartition.hpp:135:8:T& touchgfx::AbstractPartition::at(uint16_t) [with T = DeviceInfoScreenView]	16	static
../../Middlewares/ST/touchgfx/framework/include/common/AbstractPartition.hpp:135:8:T& touchgfx::AbstractPartition::at(uint16_t) [with T = DeviceInfoScreenPresenter]	16	static
../../Middlewares/ST/touchgfx/framework/include/mvp/View.hpp:50:10:void touchgfx::View<T>::bind(T&) [with T = DeviceInfoScreenPresenter]	16	static
../../Middlewares/ST/touchgfx/framework/include/common/AbstractPartition.hpp:135:8:T& touchgfx::AbstractPartition::at(uint16_t) [with T = NodeSesnsorsScreenView]	16	static
../../Middlewares/ST/touchgfx/framework/include/common/AbstractPartition.hpp:135:8:T& touchgfx::AbstractPartition::at(uint16_t) [with T = NodeSesnsorsScreenPresenter]	16	static
../../Middlewares/ST/touchgfx/framework/include/mvp/View.hpp:50:10:void touchgfx::View<T>::bind(T&) [with T = NodeSesnsorsScreenPresenter]	16	static
../../Middlewares/ST/touchgfx/framework/include/common/AbstractPartition.hpp:135:8:T& touchgfx::AbstractPartition::at(uint16_t) [with T = RenameScreenView]	16	static
../../Middlewares/ST/touchgfx/framework/include/common/AbstractPartition.hpp:135:8:T& touchgfx::AbstractPartition::at(uint16_t) [with T = RenameScreenPresenter]	16	static
../../Middlewares/ST/touchgfx/framework/include/mvp/View.hpp:50:10:void touchgfx::View<T>::bind(T&) [with T = RenameScreenPresenter]	16	static
../../Middlewares/ST/touchgfx/framework/include/common/AbstractPartition.hpp:135:8:T& touchgfx::AbstractPartition::at(uint16_t) [with T = ErrorScreenView]	16	static
../../Middlewares/ST/touchgfx/framework/include/common/AbstractPartition.hpp:135:8:T& touchgfx::AbstractPartition::at(uint16_t) [with T = ErrorScreenPresenter]	16	static
../../Middlewares/ST/touchgfx/framework/include/mvp/View.hpp:50:10:void touchgfx::View<T>::bind(T&) [with T = ErrorScreenPresenter]	16	static
../../Middlewares/ST/touchgfx/framework/include/common/AbstractPartition.hpp:135:8:T& touchgfx::AbstractPartition::at(uint16_t) [with T = NodeLevelSetScreenView]	16	static
../../Middlewares/ST/touchgfx/framework/include/common/AbstractPartition.hpp:135:8:T& touchgfx::AbstractPartition::at(uint16_t) [with T = NodeLevelSetScreenPresenter]	16	static
../../Middlewares/ST/touchgfx/framework/include/mvp/View.hpp:50:10:void touchgfx::View<T>::bind(T&) [with T = NodeLevelSetScreenPresenter]	16	static
../../Middlewares/ST/touchgfx/framework/include/touchgfx/transitions/SlideTransition.hpp:39:7:touchgfx::SlideTransition<touchgfx::EAST>::~SlideTransition()	16	static
../../Middlewares/ST/touchgfx/framework/include/touchgfx/transitions/SlideTransition.hpp:39:7:virtual touchgfx::SlideTransition<touchgfx::EAST>::~SlideTransition()	16	static
../../Middlewares/ST/touchgfx/framework/include/touchgfx/transitions/NoTransition.hpp:31:7:touchgfx::NoTransition::~NoTransition()	16	static
../../Middlewares/ST/touchgfx/framework/include/touchgfx/transitions/NoTransition.hpp:31:7:virtual touchgfx::NoTransition::~NoTransition()	16	static
../../Middlewares/ST/touchgfx/framework/include/touchgfx/Callback.hpp:424:8:touchgfx::Callback<FrontendApplicationBase>::~Callback()	16	static
../../Middlewares/ST/touchgfx/framework/include/touchgfx/Callback.hpp:424:8:virtual touchgfx::Callback<FrontendApplicationBase>::~Callback()	16	static
../../Middlewares/ST/touchgfx/framework/include/touchgfx/widgets/Keyboard.hpp:74:12:touchgfx::Keyboard::Layout::~Layout()	16	static
F:/Nejc/Projekti/BLEMeshHomeAutomation/H7MeshProvisioner/TouchGFX/generated/gui_generated/src/common/FrontendApplicationBase.cpp:250:1:void __static_initialization_and_destruction_0(int, int)	32	static
../../Middlewares/ST/touchgfx/framework/include/touchgfx/transitions/SlideTransition.hpp:87:18:void touchgfx::SlideTransition<templateDirection>::handleTickEvent() [with touchgfx::Direction templateDirection = touchgfx::EAST]	32	static
../../Middlewares/ST/touchgfx/framework/include/touchgfx/transitions/SlideTransition.hpp:146:18:void touchgfx::SlideTransition<templateDirection>::tearDown() [with touchgfx::Direction templateDirection = touchgfx::EAST]	16	static
../../Middlewares/ST/touchgfx/framework/include/touchgfx/transitions/SlideTransition.hpp:154:18:void touchgfx::SlideTransition<templateDirection>::init() [with touchgfx::Direction templateDirection = touchgfx::EAST]	32	static
../../Middlewares/ST/touchgfx/framework/include/touchgfx/Callback.hpp:449:18:void touchgfx::Callback<dest_type, void, void, void>::execute() [with dest_type = FrontendApplicationBase]	16	static
../../Middlewares/ST/touchgfx/framework/include/touchgfx/Callback.hpp:459:18:bool touchgfx::Callback<dest_type, void, void, void>::isValid() const [with dest_type = FrontendApplicationBase]	16	static
F:/Nejc/Projekti/BLEMeshHomeAutomation/H7MeshProvisioner/TouchGFX/generated/gui_generated/src/common/FrontendApplicationBase.cpp:250:1:cpp)	8	static
F:/Nejc/Projekti/BLEMeshHomeAutomation/H7MeshProvisioner/TouchGFX/generated/gui_generated/src/common/FrontendApplicationBase.cpp:250:1:cpp)	8	static
