F:/Nejc/Projekti/BLEMeshHomeAutomation/H7MeshProvisioner/TouchGFX/generated/texts/src/TypedTextDatabase.cpp:121:43:const touchgfx::TypedText::TypedTextData* TypedTextDatabase::getInstance(touchgfx::LanguageId)	16	static
F:/Nejc/Projekti/BLEMeshHomeAutomation/H7MeshProvisioner/TouchGFX/generated/texts/src/TypedTextDatabase.cpp:126:10:uint16_t TypedTextDatabase::getInstanceSize()	4	static
F:/Nejc/Projekti/BLEMeshHomeAutomation/H7MeshProvisioner/TouchGFX/generated/texts/src/TypedTextDatabase.cpp:131:24:const touchgfx::Font** TypedTextDatabase::getFonts()	4	static
F:/Nejc/Projekti/BLEMeshHomeAutomation/H7MeshProvisioner/TouchGFX/generated/texts/src/TypedTextDatabase.cpp:136:23:const touchgfx::Font* TypedTextDatabase::setFont(touchgfx::FontId, const touchgfx::Font*)	24	static
F:/Nejc/Projekti/BLEMeshHomeAutomation/H7MeshProvisioner/TouchGFX/generated/texts/src/TypedTextDatabase.cpp:143:6:void TypedTextDatabase::resetFont(touchgfx::FontId)	16	static
F:/Nejc/Projekti/BLEMeshHomeAutomation/H7MeshProvisioner/TouchGFX/generated/texts/src/TypedTextDatabase.cpp:173:1:void __static_initialization_and_destruction_0(int, int)	16	static
F:/Nejc/Projekti/BLEMeshHomeAutomation/H7MeshProvisioner/TouchGFX/generated/texts/src/TypedTextDatabase.cpp:173:1:cpp)	8	static
