../Application/Core/Libs/communication_ex.c:112:20:debugMessage	16	static
../Application/Core/Libs/communication_ex.c:119:20:Protocol_ConvertMessage	24	static
../Application/Core/Libs/communication_ex.c:129:17:Protocol_CalcChecksum	24	static
../Application/Core/Libs/communication_ex.c:140:12:Protocol_CheckChecksum	24	static
../Application/Core/Libs/communication_ex.c:146:24:_SendData	24	static
../Application/Core/Libs/communication_ex.c:159:24:_ReceiveData	24	static
../Application/Core/Libs/communication_ex.c:172:17:Protocol_Send	32	static
../Application/Core/Libs/communication_ex.c:195:17:Protocol_Receive	24	static
../Application/Core/Libs/communication_ex.c:212:6:FSM_HandleEvent	24	static
../Application/Core/Libs/communication_ex.c:226:6:FSM_RegisterEvent	32	static
../Application/Core/Libs/communication_ex.c:247:20:FSM_GetEvent	24	static
../Application/Core/Libs/communication_ex.c:257:6:FSM_FreeEvent	16	static
../Application/Core/Libs/communication_ex.c:266:6:FSM_FreeEventsDeleteQueue	16	static
../Application/Core/Libs/communication_ex.c:278:6:FSM_Idle	16	static
../Application/Core/Libs/communication_ex.c:286:6:FSM_Setup	16	static
../Application/Core/Libs/communication_ex.c:308:6:FSM_Transmit	24	static
../Application/Core/Libs/communication_ex.c:339:6:FSM_Receive	16	static
../Application/Core/Libs/communication_ex.c:349:6:FSM_Execute	280	static
../Application/Core/Libs/communication_ex.c:385:6:FSM_Error	120	static
../Application/Core/Libs/communication_ex.c:417:13:Protocol_Process_Messsage	8	static
../Application/Core/Libs/communication_ex.c:477:6:HAL_GPIO_EXTI_Callback	16	static
../Application/Core/Libs/communication_ex.c:492:6:HAL_TIM_PeriodElapsedCallback	16	static
