F:/Nejc/Projekti/BLEMeshHomeAutomation/BLE_MeshLightingProvisioner/Middlewares/ST/STM32_WPAN/ble/mesh/MeshModel/Src/config_client.c:199:14:ConfigClient_CompositionDataGet	32	static
F:/Nejc/Projekti/BLEMeshHomeAutomation/BLE_MeshLightingProvisioner/Middlewares/ST/STM32_WPAN/ble/mesh/MeshModel/Src/config_client.c:236:14:ConfigClient_CompositionDataStatusResponse	40	static
F:/Nejc/Projekti/BLEMeshHomeAutomation/BLE_MeshLightingProvisioner/Middlewares/ST/STM32_WPAN/ble/mesh/MeshModel/Src/config_client.c:392:13:GetNodeElementAddress	4	static
F:/Nejc/Projekti/BLEMeshHomeAutomation/BLE_MeshLightingProvisioner/Middlewares/ST/STM32_WPAN/ble/mesh/MeshModel/Src/config_client.c:403:13:GetServerElementAddress	24	static
F:/Nejc/Projekti/BLEMeshHomeAutomation/BLE_MeshLightingProvisioner/Middlewares/ST/STM32_WPAN/ble/mesh/MeshModel/Src/config_client.c:418:12:ConfigClient_GetNodeElements	4	static
F:/Nejc/Projekti/BLEMeshHomeAutomation/BLE_MeshLightingProvisioner/Middlewares/ST/STM32_WPAN/ble/mesh/MeshModel/Src/config_client.c:429:13:GetSIGModelFromCompositionData	24	static
F:/Nejc/Projekti/BLEMeshHomeAutomation/BLE_MeshLightingProvisioner/Middlewares/ST/STM32_WPAN/ble/mesh/MeshModel/Src/config_client.c:444:13:GetVendorModelFromCompositionData	24	static
F:/Nejc/Projekti/BLEMeshHomeAutomation/BLE_MeshLightingProvisioner/Middlewares/ST/STM32_WPAN/ble/mesh/MeshModel/Src/config_client.c:460:12:GetTotalSIGModelsCount	24	static
F:/Nejc/Projekti/BLEMeshHomeAutomation/BLE_MeshLightingProvisioner/Middlewares/ST/STM32_WPAN/ble/mesh/MeshModel/Src/config_client.c:474:12:GetTotalVendorModelsCount	16	static
F:/Nejc/Projekti/BLEMeshHomeAutomation/BLE_MeshLightingProvisioner/Middlewares/ST/STM32_WPAN/ble/mesh/MeshModel/Src/config_client.c:487:6:PackNetkeyAppkeyInto3Bytes	16	static
F:/Nejc/Projekti/BLEMeshHomeAutomation/BLE_MeshLightingProvisioner/Middlewares/ST/STM32_WPAN/ble/mesh/MeshModel/Src/config_client.c:520:6:NetkeyAppkeyUnpack	32	static
F:/Nejc/Projekti/BLEMeshHomeAutomation/BLE_MeshLightingProvisioner/Middlewares/ST/STM32_WPAN/ble/mesh/MeshModel/Src/config_client.c:558:14:ConfigClient_AppKeyAdd	64	static
F:/Nejc/Projekti/BLEMeshHomeAutomation/BLE_MeshLightingProvisioner/Middlewares/ST/STM32_WPAN/ble/mesh/MeshModel/Src/config_client.c:600:14:ConfigClient_AppKeyStatus	32	static
F:/Nejc/Projekti/BLEMeshHomeAutomation/BLE_MeshLightingProvisioner/Middlewares/ST/STM32_WPAN/ble/mesh/MeshModel/Src/config_client.c:645:14:ConfigClient_AppKeyUpdate	24	static
F:/Nejc/Projekti/BLEMeshHomeAutomation/BLE_MeshLightingProvisioner/Middlewares/ST/STM32_WPAN/ble/mesh/MeshModel/Src/config_client.c:663:14:ConfigClient_AppKeyDelete	24	static
F:/Nejc/Projekti/BLEMeshHomeAutomation/BLE_MeshLightingProvisioner/Middlewares/ST/STM32_WPAN/ble/mesh/MeshModel/Src/config_client.c:681:14:ConfigClient_AppKeyGet	24	static
F:/Nejc/Projekti/BLEMeshHomeAutomation/BLE_MeshLightingProvisioner/Middlewares/ST/STM32_WPAN/ble/mesh/MeshModel/Src/config_client.c:700:14:ConfigClient_AppKeyList	24	static
F:/Nejc/Projekti/BLEMeshHomeAutomation/BLE_MeshLightingProvisioner/Middlewares/ST/STM32_WPAN/ble/mesh/MeshModel/Src/config_client.c:718:14:ConfigClient_PublicationSet	56	static
F:/Nejc/Projekti/BLEMeshHomeAutomation/BLE_MeshLightingProvisioner/Middlewares/ST/STM32_WPAN/ble/mesh/MeshModel/Src/config_client.c:842:14:ConfigClient_PublicationStatus	48	static
F:/Nejc/Projekti/BLEMeshHomeAutomation/BLE_MeshLightingProvisioner/Middlewares/ST/STM32_WPAN/ble/mesh/MeshModel/Src/config_client.c:932:14:ConfigClient_SubscriptionAdd	40	static
F:/Nejc/Projekti/BLEMeshHomeAutomation/BLE_MeshLightingProvisioner/Middlewares/ST/STM32_WPAN/ble/mesh/MeshModel/Src/config_client.c:1030:14:ConfigClient_SubscriptionDelete	16	static
F:/Nejc/Projekti/BLEMeshHomeAutomation/BLE_MeshLightingProvisioner/Middlewares/ST/STM32_WPAN/ble/mesh/MeshModel/Src/config_client.c:1048:14:ConfigClient_SubscriptionDeleteAll	16	static
F:/Nejc/Projekti/BLEMeshHomeAutomation/BLE_MeshLightingProvisioner/Middlewares/ST/STM32_WPAN/ble/mesh/MeshModel/Src/config_client.c:1067:14:ConfigClient_SubscriptionOverwrite	16	static
F:/Nejc/Projekti/BLEMeshHomeAutomation/BLE_MeshLightingProvisioner/Middlewares/ST/STM32_WPAN/ble/mesh/MeshModel/Src/config_client.c:1087:14:ConfigClient_SubscriptionStatus	40	static
F:/Nejc/Projekti/BLEMeshHomeAutomation/BLE_MeshLightingProvisioner/Middlewares/ST/STM32_WPAN/ble/mesh/MeshModel/Src/config_client.c:1157:14:ConfigClient_SubscriptionGet	16	static
F:/Nejc/Projekti/BLEMeshHomeAutomation/BLE_MeshLightingProvisioner/Middlewares/ST/STM32_WPAN/ble/mesh/MeshModel/Src/config_client.c:1176:14:ConfigClient_SubscriptionList	16	static
F:/Nejc/Projekti/BLEMeshHomeAutomation/BLE_MeshLightingProvisioner/Middlewares/ST/STM32_WPAN/ble/mesh/MeshModel/Src/config_client.c:1196:14:ConfigClient_ModelAppBind	40	static
F:/Nejc/Projekti/BLEMeshHomeAutomation/BLE_MeshLightingProvisioner/Middlewares/ST/STM32_WPAN/ble/mesh/MeshModel/Src/config_client.c:1272:14:ConfigClient_ModelAppUnbind	16	static
F:/Nejc/Projekti/BLEMeshHomeAutomation/BLE_MeshLightingProvisioner/Middlewares/ST/STM32_WPAN/ble/mesh/MeshModel/Src/config_client.c:1291:14:ConfigClient_ModelAppStatus	40	static
F:/Nejc/Projekti/BLEMeshHomeAutomation/BLE_MeshLightingProvisioner/Middlewares/ST/STM32_WPAN/ble/mesh/MeshModel/Src/config_client.c:1348:14:ConfigClient_NodeReset	40	static
F:/Nejc/Projekti/BLEMeshHomeAutomation/BLE_MeshLightingProvisioner/Middlewares/ST/STM32_WPAN/ble/mesh/MeshModel/Src/config_client.c:1397:14:ConfigClient_NodeResetStatus	24	static
F:/Nejc/Projekti/BLEMeshHomeAutomation/BLE_MeshLightingProvisioner/Middlewares/ST/STM32_WPAN/ble/mesh/MeshModel/Src/config_client.c:1420:14:ConfigClientModel_SendMessage	40	static
F:/Nejc/Projekti/BLEMeshHomeAutomation/BLE_MeshLightingProvisioner/Middlewares/ST/STM32_WPAN/ble/mesh/MeshModel/Src/config_client.c:1445:14:ApplicationGetConfigServerDeviceKey	24	static
F:/Nejc/Projekti/BLEMeshHomeAutomation/BLE_MeshLightingProvisioner/Middlewares/ST/STM32_WPAN/ble/mesh/MeshModel/Src/config_client.c:1467:6:ConfigClient_SaveMsgSendingTime	8	static
F:/Nejc/Projekti/BLEMeshHomeAutomation/BLE_MeshLightingProvisioner/Middlewares/ST/STM32_WPAN/ble/mesh/MeshModel/Src/config_client.c:1479:12:ConfigClient_ChkRetrialState	24	static
F:/Nejc/Projekti/BLEMeshHomeAutomation/BLE_MeshLightingProvisioner/Middlewares/ST/STM32_WPAN/ble/mesh/MeshModel/Src/config_client.c:1516:12:ConfigClient_ChkRetries	16	static
F:/Nejc/Projekti/BLEMeshHomeAutomation/BLE_MeshLightingProvisioner/Middlewares/ST/STM32_WPAN/ble/mesh/MeshModel/Src/config_client.c:1551:6:ConfigClient_ErrorState	4	static
F:/Nejc/Projekti/BLEMeshHomeAutomation/BLE_MeshLightingProvisioner/Middlewares/ST/STM32_WPAN/ble/mesh/MeshModel/Src/config_client.c:1563:6:ConfigClient_ResetTrials	4	static
F:/Nejc/Projekti/BLEMeshHomeAutomation/BLE_MeshLightingProvisioner/Middlewares/ST/STM32_WPAN/ble/mesh/MeshModel/Src/config_client.c:1576:14:ConfigClientModel_GetOpcodeTableCb	16	static
F:/Nejc/Projekti/BLEMeshHomeAutomation/BLE_MeshLightingProvisioner/Middlewares/ST/STM32_WPAN/ble/mesh/MeshModel/Src/config_client.c:1599:14:ConfigClientModel_GetStatusRequestCb	24	static
F:/Nejc/Projekti/BLEMeshHomeAutomation/BLE_MeshLightingProvisioner/Middlewares/ST/STM32_WPAN/ble/mesh/MeshModel/Src/config_client.c:1640:14:ConfigClientModel_ProcessMessageCb	32	static
F:/Nejc/Projekti/BLEMeshHomeAutomation/BLE_MeshLightingProvisioner/Middlewares/ST/STM32_WPAN/ble/mesh/MeshModel/Src/config_client.c:1714:1:GetNewProvNodeDevKey	4	static
