F:/Nejc/Projekti/BLEMeshHomeAutomation/H7MeshProvisioner/Middlewares/Third_Party/LibJPEG/source/jquant1.c:187:1:select_ncolors	24	static
F:/Nejc/Projekti/BLEMeshHomeAutomation/H7MeshProvisioner/Middlewares/Third_Party/LibJPEG/source/jquant1.c:246:1:output_value	0	static
F:/Nejc/Projekti/BLEMeshHomeAutomation/H7MeshProvisioner/Middlewares/Third_Party/LibJPEG/source/jquant1.c:260:1:largest_input_value	0	static
F:/Nejc/Projekti/BLEMeshHomeAutomation/H7MeshProvisioner/Middlewares/Third_Party/LibJPEG/source/jquant1.c:274:1:create_colormap	48	static
F:/Nejc/Projekti/BLEMeshHomeAutomation/H7MeshProvisioner/Middlewares/Third_Party/LibJPEG/source/jquant1.c:334:1:create_colorindex	48	static
F:/Nejc/Projekti/BLEMeshHomeAutomation/H7MeshProvisioner/Middlewares/Third_Party/LibJPEG/source/jquant1.c:397:1:make_odither_array	8	static
F:/Nejc/Projekti/BLEMeshHomeAutomation/H7MeshProvisioner/Middlewares/Third_Party/LibJPEG/source/jquant1.c:433:1:create_odither_tables	16	static
F:/Nejc/Projekti/BLEMeshHomeAutomation/H7MeshProvisioner/Middlewares/Third_Party/LibJPEG/source/jquant1.c:460:1:color_quantize	36	static
F:/Nejc/Projekti/BLEMeshHomeAutomation/H7MeshProvisioner/Middlewares/Third_Party/LibJPEG/source/jquant1.c:488:1:color_quantize3	32	static
F:/Nejc/Projekti/BLEMeshHomeAutomation/H7MeshProvisioner/Middlewares/Third_Party/LibJPEG/source/jquant1.c:566:1:quantize3_ord_dither	72	static
F:/Nejc/Projekti/BLEMeshHomeAutomation/H7MeshProvisioner/Middlewares/Third_Party/LibJPEG/source/jquant1.c:723:1:alloc_fs_workspace	24	static
F:/Nejc/Projekti/BLEMeshHomeAutomation/H7MeshProvisioner/Middlewares/Third_Party/LibJPEG/source/jquant1.c:799:1:finish_pass_1_quant	0	static
F:/Nejc/Projekti/BLEMeshHomeAutomation/H7MeshProvisioner/Middlewares/Third_Party/LibJPEG/source/jquant1.c:811:1:new_color_map_1_quant	8	static
F:/Nejc/Projekti/BLEMeshHomeAutomation/H7MeshProvisioner/Middlewares/Third_Party/LibJPEG/source/jquant1.c:742:1:start_pass_1_quant	24	static
F:/Nejc/Projekti/BLEMeshHomeAutomation/H7MeshProvisioner/Middlewares/Third_Party/LibJPEG/source/jquant1.c:611:1:quantize_fs_dither	80	static
F:/Nejc/Projekti/BLEMeshHomeAutomation/H7MeshProvisioner/Middlewares/Third_Party/LibJPEG/source/jquant1.c:516:1:quantize_ord_dither	72	static
F:/Nejc/Projekti/BLEMeshHomeAutomation/H7MeshProvisioner/Middlewares/Third_Party/LibJPEG/source/jquant1.c:822:1:jinit_1pass_quantizer	8	static
