F:/Nejc/Projekti/BLEMeshHomeAutomation/H7MeshProvisioner/Core/Src/main.c:1026:6:MPU_Config	40	static
F:/Nejc/Projekti/BLEMeshHomeAutomation/H7MeshProvisioner/Core/Src/main.c:744:13:MX_GPIO_Init	104	static
F:/Nejc/Projekti/BLEMeshHomeAutomation/H7MeshProvisioner/Core/Src/main.c:674:13:MX_MDMA_Init	16	static
F:/Nejc/Projekti/BLEMeshHomeAutomation/H7MeshProvisioner/Core/Src/main.c:424:13:MX_LTDC_Init	72	static
F:/Nejc/Projekti/BLEMeshHomeAutomation/H7MeshProvisioner/Core/Src/main.c:358:13:MX_DMA2D_Init	8	static
F:/Nejc/Projekti/BLEMeshHomeAutomation/H7MeshProvisioner/Core/Src/main.c:689:13:MX_FMC_Init	40	static
F:/Nejc/Projekti/BLEMeshHomeAutomation/H7MeshProvisioner/Core/Src/main.c:398:13:MX_JPEG_Init	8	static
F:/Nejc/Projekti/BLEMeshHomeAutomation/H7MeshProvisioner/Core/Src/main.c:327:13:MX_CRC_Init	8	static
F:/Nejc/Projekti/BLEMeshHomeAutomation/H7MeshProvisioner/Core/Src/main.c:531:13:MX_TIM2_Init	48	static
F:/Nejc/Projekti/BLEMeshHomeAutomation/H7MeshProvisioner/Core/Src/main.c:580:13:MX_USART1_UART_Init	16	static
F:/Nejc/Projekti/BLEMeshHomeAutomation/H7MeshProvisioner/Core/Src/main.c:628:13:MX_USART3_UART_Init	16	static
F:/Nejc/Projekti/BLEMeshHomeAutomation/H7MeshProvisioner/Core/Src/main.c:938:6:StartDefaultTask	8	static
F:/Nejc/Projekti/BLEMeshHomeAutomation/H7MeshProvisioner/Core/Src/main.c:1011:6:LEDIndicator_TaskEntryPoint	8	static
F:/Nejc/Projekti/BLEMeshHomeAutomation/H7MeshProvisioner/Core/Src/main.c:976:6:FSM_TaskEntryPoint	64	static
F:/Nejc/Projekti/BLEMeshHomeAutomation/H7MeshProvisioner/Core/Src/main.c:268:6:SystemClock_Config	128	static
F:/Nejc/Projekti/BLEMeshHomeAutomation/H7MeshProvisioner/Core/Src/main.c:149:5:main	8	static,ignoring_inline_asm
F:/Nejc/Projekti/BLEMeshHomeAutomation/H7MeshProvisioner/Core/Src/main.c:864:6:HAL_UART_RxCpltCallback	8	static
F:/Nejc/Projekti/BLEMeshHomeAutomation/H7MeshProvisioner/Core/Src/main.c:897:6:HAL_UART_TxCpltCallback	8	static
F:/Nejc/Projekti/BLEMeshHomeAutomation/H7MeshProvisioner/Core/Src/main.c:1104:6:HAL_TIM_PeriodElapsedCallback	8	static
F:/Nejc/Projekti/BLEMeshHomeAutomation/H7MeshProvisioner/Core/Src/main.c:1121:6:Error_Handler	0	static
