F:/Nejc/Projekti/BLEMeshHomeAutomation/H7MeshProvisioner/Core/Src/main.c:149:5:main	24	static,ignoring_inline_asm
F:/Nejc/Projekti/BLEMeshHomeAutomation/H7MeshProvisioner/Core/Src/main.c:268:6:SystemClock_Config	120	static
F:/Nejc/Projekti/BLEMeshHomeAutomation/H7MeshProvisioner/Core/Src/main.c:327:13:MX_CRC_Init	8	static
F:/Nejc/Projekti/BLEMeshHomeAutomation/H7MeshProvisioner/Core/Src/main.c:358:13:MX_DMA2D_Init	8	static
F:/Nejc/Projekti/BLEMeshHomeAutomation/H7MeshProvisioner/Core/Src/main.c:398:13:MX_JPEG_Init	8	static
F:/Nejc/Projekti/BLEMeshHomeAutomation/H7MeshProvisioner/Core/Src/main.c:424:13:MX_LTDC_Init	64	static
F:/Nejc/Projekti/BLEMeshHomeAutomation/H7MeshProvisioner/Core/Src/main.c:486:13:MX_QUADSPI_Init	16	static
F:/Nejc/Projekti/BLEMeshHomeAutomation/H7MeshProvisioner/Core/Src/main.c:531:13:MX_TIM2_Init	40	static
F:/Nejc/Projekti/BLEMeshHomeAutomation/H7MeshProvisioner/Core/Src/main.c:580:13:MX_USART1_UART_Init	8	static
F:/Nejc/Projekti/BLEMeshHomeAutomation/H7MeshProvisioner/Core/Src/main.c:628:13:MX_USART3_UART_Init	8	static
F:/Nejc/Projekti/BLEMeshHomeAutomation/H7MeshProvisioner/Core/Src/main.c:674:13:MX_MDMA_Init	16	static
F:/Nejc/Projekti/BLEMeshHomeAutomation/H7MeshProvisioner/Core/Src/main.c:689:13:MX_FMC_Init	40	static
F:/Nejc/Projekti/BLEMeshHomeAutomation/H7MeshProvisioner/Core/Src/main.c:744:13:MX_GPIO_Init	72	static
F:/Nejc/Projekti/BLEMeshHomeAutomation/H7MeshProvisioner/Core/Src/main.c:864:6:HAL_UART_RxCpltCallback	16	static
F:/Nejc/Projekti/BLEMeshHomeAutomation/H7MeshProvisioner/Core/Src/main.c:897:6:HAL_UART_TxCpltCallback	16	static
F:/Nejc/Projekti/BLEMeshHomeAutomation/H7MeshProvisioner/Core/Src/main.c:938:6:StartDefaultTask	16	static
F:/Nejc/Projekti/BLEMeshHomeAutomation/H7MeshProvisioner/Core/Src/main.c:971:6:FSM_TaskEntryPoint	80	static
F:/Nejc/Projekti/BLEMeshHomeAutomation/H7MeshProvisioner/Core/Src/main.c:1006:6:LEDIndicator_TaskEntryPoint	24	static
F:/Nejc/Projekti/BLEMeshHomeAutomation/H7MeshProvisioner/Core/Src/main.c:1021:6:MPU_Config	24	static
F:/Nejc/Projekti/BLEMeshHomeAutomation/H7MeshProvisioner/Core/Src/main.c:1099:6:HAL_TIM_PeriodElapsedCallback	16	static
F:/Nejc/Projekti/BLEMeshHomeAutomation/H7MeshProvisioner/Core/Src/main.c:1116:6:Error_Handler	4	static
