F:/Nejc/Projekti/BLEMeshHomeAutomation/H7MeshProvisioner/Core/Src/main.c:143:5:main	5
F:/Nejc/Projekti/BLEMeshHomeAutomation/H7MeshProvisioner/Core/Src/main.c:261:6:SystemClock_Config	4
F:/Nejc/Projekti/BLEMeshHomeAutomation/H7MeshProvisioner/Core/Src/main.c:320:13:MX_CRC_Init	2
F:/Nejc/Projekti/BLEMeshHomeAutomation/H7MeshProvisioner/Core/Src/main.c:351:13:MX_DMA2D_Init	3
F:/Nejc/Projekti/BLEMeshHomeAutomation/H7MeshProvisioner/Core/Src/main.c:391:13:MX_JPEG_Init	2
F:/Nejc/Projekti/BLEMeshHomeAutomation/H7MeshProvisioner/Core/Src/main.c:417:13:MX_LTDC_Init	3
F:/Nejc/Projekti/BLEMeshHomeAutomation/H7MeshProvisioner/Core/Src/main.c:479:13:MX_QUADSPI_Init	4
F:/Nejc/Projekti/BLEMeshHomeAutomation/H7MeshProvisioner/Core/Src/main.c:524:13:MX_TIM2_Init	5
F:/Nejc/Projekti/BLEMeshHomeAutomation/H7MeshProvisioner/Core/Src/main.c:573:13:MX_USART1_UART_Init	5
F:/Nejc/Projekti/BLEMeshHomeAutomation/H7MeshProvisioner/Core/Src/main.c:621:13:MX_USART3_UART_Init	5
F:/Nejc/Projekti/BLEMeshHomeAutomation/H7MeshProvisioner/Core/Src/main.c:667:13:MX_MDMA_Init	1
F:/Nejc/Projekti/BLEMeshHomeAutomation/H7MeshProvisioner/Core/Src/main.c:682:13:MX_FMC_Init	3
F:/Nejc/Projekti/BLEMeshHomeAutomation/H7MeshProvisioner/Core/Src/main.c:737:13:MX_GPIO_Init	1
F:/Nejc/Projekti/BLEMeshHomeAutomation/H7MeshProvisioner/Core/Src/main.c:857:6:HAL_UART_RxCpltCallback	3
F:/Nejc/Projekti/BLEMeshHomeAutomation/H7MeshProvisioner/Core/Src/main.c:890:6:HAL_UART_TxCpltCallback	3
F:/Nejc/Projekti/BLEMeshHomeAutomation/H7MeshProvisioner/Core/Src/main.c:931:6:StartDefaultTask	1
F:/Nejc/Projekti/BLEMeshHomeAutomation/H7MeshProvisioner/Core/Src/main.c:963:6:FSM_TaskEntryPoint	5
F:/Nejc/Projekti/BLEMeshHomeAutomation/H7MeshProvisioner/Core/Src/main.c:998:6:LEDIndicator_TaskEntryPoint	1
F:/Nejc/Projekti/BLEMeshHomeAutomation/H7MeshProvisioner/Core/Src/main.c:1013:6:MPU_Config	1
F:/Nejc/Projekti/BLEMeshHomeAutomation/H7MeshProvisioner/Core/Src/main.c:1091:6:HAL_TIM_PeriodElapsedCallback	2
F:/Nejc/Projekti/BLEMeshHomeAutomation/H7MeshProvisioner/Core/Src/main.c:1108:6:Error_Handler	1
