F:/Nejc/Projekti/BLEMeshHomeAutomation/H7MeshProvisioner/Core/Src/stm32h7xx_hal_msp.c:67:6:HAL_MspInit	16	static
F:/Nejc/Projekti/BLEMeshHomeAutomation/H7MeshProvisioner/Core/Src/stm32h7xx_hal_msp.c:91:6:HAL_CRC_MspInit	24	static
F:/Nejc/Projekti/BLEMeshHomeAutomation/H7MeshProvisioner/Core/Src/stm32h7xx_hal_msp.c:113:6:HAL_CRC_MspDeInit	16	static
F:/Nejc/Projekti/BLEMeshHomeAutomation/H7MeshProvisioner/Core/Src/stm32h7xx_hal_msp.c:135:6:HAL_DMA2D_MspInit	24	static
F:/Nejc/Projekti/BLEMeshHomeAutomation/H7MeshProvisioner/Core/Src/stm32h7xx_hal_msp.c:160:6:HAL_DMA2D_MspDeInit	16	static
F:/Nejc/Projekti/BLEMeshHomeAutomation/H7MeshProvisioner/Core/Src/stm32h7xx_hal_msp.c:185:6:HAL_JPEG_MspInit	24	static
F:/Nejc/Projekti/BLEMeshHomeAutomation/H7MeshProvisioner/Core/Src/stm32h7xx_hal_msp.c:269:6:HAL_JPEG_MspDeInit	16	static
F:/Nejc/Projekti/BLEMeshHomeAutomation/H7MeshProvisioner/Core/Src/stm32h7xx_hal_msp.c:298:6:HAL_LTDC_MspInit	256	static
F:/Nejc/Projekti/BLEMeshHomeAutomation/H7MeshProvisioner/Core/Src/stm32h7xx_hal_msp.c:410:6:HAL_LTDC_MspDeInit	16	static
F:/Nejc/Projekti/BLEMeshHomeAutomation/H7MeshProvisioner/Core/Src/stm32h7xx_hal_msp.c:478:6:HAL_QSPI_MspInit	256	static
F:/Nejc/Projekti/BLEMeshHomeAutomation/H7MeshProvisioner/Core/Src/stm32h7xx_hal_msp.c:571:6:HAL_QSPI_MspDeInit	16	static
F:/Nejc/Projekti/BLEMeshHomeAutomation/H7MeshProvisioner/Core/Src/stm32h7xx_hal_msp.c:614:6:HAL_TIM_Base_MspInit	24	static
F:/Nejc/Projekti/BLEMeshHomeAutomation/H7MeshProvisioner/Core/Src/stm32h7xx_hal_msp.c:639:6:HAL_TIM_Base_MspDeInit	16	static
F:/Nejc/Projekti/BLEMeshHomeAutomation/H7MeshProvisioner/Core/Src/stm32h7xx_hal_msp.c:664:6:HAL_UART_MspInit	248	static
F:/Nejc/Projekti/BLEMeshHomeAutomation/H7MeshProvisioner/Core/Src/stm32h7xx_hal_msp.c:755:6:HAL_UART_MspDeInit	16	static
F:/Nejc/Projekti/BLEMeshHomeAutomation/H7MeshProvisioner/Core/Src/stm32h7xx_hal_msp.c:800:13:HAL_FMC_MspInit	232	static
F:/Nejc/Projekti/BLEMeshHomeAutomation/H7MeshProvisioner/Core/Src/stm32h7xx_hal_msp.c:909:6:HAL_SDRAM_MspInit	16	static
F:/Nejc/Projekti/BLEMeshHomeAutomation/H7MeshProvisioner/Core/Src/stm32h7xx_hal_msp.c:921:13:HAL_FMC_MspDeInit	8	static
F:/Nejc/Projekti/BLEMeshHomeAutomation/H7MeshProvisioner/Core/Src/stm32h7xx_hal_msp.c:993:6:HAL_SDRAM_MspDeInit	16	static
