F:/Nejc/Projekti/BLEMeshHomeAutomation/H7MeshProvisioner/Drivers/BSP/STM32H750B-DK/stm32h750b_discovery_ts.c:627:16:FT5336_Probe	40	static
F:/Nejc/Projekti/BLEMeshHomeAutomation/H7MeshProvisioner/Drivers/BSP/STM32H750B-DK/stm32h750b_discovery_ts.c:128:9:BSP_TS_Init	40	static
F:/Nejc/Projekti/BLEMeshHomeAutomation/H7MeshProvisioner/Drivers/BSP/STM32H750B-DK/stm32h750b_discovery_ts.c:181:9:BSP_TS_DeInit	8	static
F:/Nejc/Projekti/BLEMeshHomeAutomation/H7MeshProvisioner/Drivers/BSP/STM32H750B-DK/stm32h750b_discovery_ts.c:206:9:BSP_TS_GetCapabilities	8	static
F:/Nejc/Projekti/BLEMeshHomeAutomation/H7MeshProvisioner/Drivers/BSP/STM32H750B-DK/stm32h750b_discovery_ts.c:227:9:BSP_TS_EnableIT	40	static
F:/Nejc/Projekti/BLEMeshHomeAutomation/H7MeshProvisioner/Drivers/BSP/STM32H750B-DK/stm32h750b_discovery_ts.c:277:9:BSP_TS_DisableIT	32	static
F:/Nejc/Projekti/BLEMeshHomeAutomation/H7MeshProvisioner/Drivers/BSP/STM32H750B-DK/stm32h750b_discovery_ts.c:309:6:BSP_TS_IRQHandler	8	static
F:/Nejc/Projekti/BLEMeshHomeAutomation/H7MeshProvisioner/Drivers/BSP/STM32H750B-DK/stm32h750b_discovery_ts.c:319:13:BSP_TS_Callback	0	static
F:/Nejc/Projekti/BLEMeshHomeAutomation/H7MeshProvisioner/Drivers/BSP/STM32H750B-DK/stm32h750b_discovery_ts.c:672:13:TS_EXTI_Callback	8	static
F:/Nejc/Projekti/BLEMeshHomeAutomation/H7MeshProvisioner/Drivers/BSP/STM32H750B-DK/stm32h750b_discovery_ts.c:334:9:BSP_TS_GetState	32	static
F:/Nejc/Projekti/BLEMeshHomeAutomation/H7MeshProvisioner/Drivers/BSP/STM32H750B-DK/stm32h750b_discovery_ts.c:597:9:BSP_TS_Set_Orientation	0	static
F:/Nejc/Projekti/BLEMeshHomeAutomation/H7MeshProvisioner/Drivers/BSP/STM32H750B-DK/stm32h750b_discovery_ts.c:609:9:BSP_TS_Get_Orientation	0	static
