../../Drivers/STM32WBxx_HAL_Driver/Inc/stm32wbxx_ll_rcc.h:1679:22:LL_RCC_LSE_SetDriveCapability	1
../../Drivers/STM32WBxx_HAL_Driver/Inc/stm32wbxx_ll_bus.h:364:22:LL_AHB1_GRP1_EnableClock	1
../../Drivers/STM32WBxx_HAL_Driver/Inc/stm32wbxx_ll_bus.h:539:22:LL_AHB2_GRP1_EnableClock	1
F:/Nejc/Projekti/BLEMeshHomeAutomation/BLE_MeshLightingProvisioner/Core/Src/main.c:116:5:main	1
F:/Nejc/Projekti/BLEMeshHomeAutomation/BLE_MeshLightingProvisioner/Core/Src/main.c:203:6:SystemClock_Config	3
F:/Nejc/Projekti/BLEMeshHomeAutomation/BLE_MeshLightingProvisioner/Core/Src/main.c:255:6:PeriphCommonClock_Config	2
F:/Nejc/Projekti/BLEMeshHomeAutomation/BLE_MeshLightingProvisioner/Core/Src/main.c:280:13:MX_IPCC_Init	2
F:/Nejc/Projekti/BLEMeshHomeAutomation/BLE_MeshLightingProvisioner/Core/Src/main.c:306:6:MX_LPUART1_UART_Init	5
F:/Nejc/Projekti/BLEMeshHomeAutomation/BLE_MeshLightingProvisioner/Core/Src/main.c:354:6:MX_USART1_UART_Init	5
F:/Nejc/Projekti/BLEMeshHomeAutomation/BLE_MeshLightingProvisioner/Core/Src/main.c:402:13:MX_RF_Init	1
F:/Nejc/Projekti/BLEMeshHomeAutomation/BLE_MeshLightingProvisioner/Core/Src/main.c:423:13:MX_RNG_Init	2
F:/Nejc/Projekti/BLEMeshHomeAutomation/BLE_MeshLightingProvisioner/Core/Src/main.c:450:13:MX_RTC_Init	3
F:/Nejc/Projekti/BLEMeshHomeAutomation/BLE_MeshLightingProvisioner/Core/Src/main.c:491:13:MX_DMA_Init	1
F:/Nejc/Projekti/BLEMeshHomeAutomation/BLE_MeshLightingProvisioner/Core/Src/main.c:514:13:MX_GPIO_Init	1
F:/Nejc/Projekti/BLEMeshHomeAutomation/BLE_MeshLightingProvisioner/Core/Src/main.c:580:13:MX_SPI1_Init	2
F:/Nejc/Projekti/BLEMeshHomeAutomation/BLE_MeshLightingProvisioner/Core/Src/main.c:620:6:Error_Handler	1
