../../Drivers/STM32WBxx_HAL_Driver/Inc/stm32wbxx_ll_rcc.h:1679:22:LL_RCC_LSE_SetDriveCapability	16	static
../../Drivers/STM32WBxx_HAL_Driver/Inc/stm32wbxx_ll_bus.h:364:22:LL_AHB1_GRP1_EnableClock	24	static
../../Drivers/STM32WBxx_HAL_Driver/Inc/stm32wbxx_ll_bus.h:539:22:LL_AHB2_GRP1_EnableClock	24	static
F:/Nejc/Projekti/BLEMeshHomeAutomation/BLE_MeshLightingProvisioner/Core/Src/main.c:116:5:main	8	static
F:/Nejc/Projekti/BLEMeshHomeAutomation/BLE_MeshLightingProvisioner/Core/Src/main.c:203:6:SystemClock_Config	112	static
F:/Nejc/Projekti/BLEMeshHomeAutomation/BLE_MeshLightingProvisioner/Core/Src/main.c:255:6:PeriphCommonClock_Config	88	static
F:/Nejc/Projekti/BLEMeshHomeAutomation/BLE_MeshLightingProvisioner/Core/Src/main.c:280:13:MX_IPCC_Init	8	static
F:/Nejc/Projekti/BLEMeshHomeAutomation/BLE_MeshLightingProvisioner/Core/Src/main.c:306:6:MX_LPUART1_UART_Init	8	static
F:/Nejc/Projekti/BLEMeshHomeAutomation/BLE_MeshLightingProvisioner/Core/Src/main.c:354:6:MX_USART1_UART_Init	8	static
F:/Nejc/Projekti/BLEMeshHomeAutomation/BLE_MeshLightingProvisioner/Core/Src/main.c:402:13:MX_RF_Init	4	static
F:/Nejc/Projekti/BLEMeshHomeAutomation/BLE_MeshLightingProvisioner/Core/Src/main.c:423:13:MX_RNG_Init	8	static
F:/Nejc/Projekti/BLEMeshHomeAutomation/BLE_MeshLightingProvisioner/Core/Src/main.c:450:13:MX_RTC_Init	8	static
F:/Nejc/Projekti/BLEMeshHomeAutomation/BLE_MeshLightingProvisioner/Core/Src/main.c:491:13:MX_DMA_Init	8	static
F:/Nejc/Projekti/BLEMeshHomeAutomation/BLE_MeshLightingProvisioner/Core/Src/main.c:514:13:MX_GPIO_Init	32	static
F:/Nejc/Projekti/BLEMeshHomeAutomation/BLE_MeshLightingProvisioner/Core/Src/main.c:580:13:MX_SPI1_Init	8	static
F:/Nejc/Projekti/BLEMeshHomeAutomation/BLE_MeshLightingProvisioner/Core/Src/main.c:620:6:Error_Handler	8	static
