F:/Nejc/Projekti/BLEMeshHomeAutomation/BLE_MeshLightingProvisioner/Core/Src/stm32wbxx_it.c:83:6:NMI_Handler	4	static
F:/Nejc/Projekti/BLEMeshHomeAutomation/BLE_MeshLightingProvisioner/Core/Src/stm32wbxx_it.c:96:6:HardFault_Handler	8	static
F:/Nejc/Projekti/BLEMeshHomeAutomation/BLE_MeshLightingProvisioner/Core/Src/stm32wbxx_it.c:114:6:MemManage_Handler	4	static
F:/Nejc/Projekti/BLEMeshHomeAutomation/BLE_MeshLightingProvisioner/Core/Src/stm32wbxx_it.c:129:6:BusFault_Handler	4	static
F:/Nejc/Projekti/BLEMeshHomeAutomation/BLE_MeshLightingProvisioner/Core/Src/stm32wbxx_it.c:144:6:UsageFault_Handler	4	static
F:/Nejc/Projekti/BLEMeshHomeAutomation/BLE_MeshLightingProvisioner/Core/Src/stm32wbxx_it.c:159:6:SVC_Handler	4	static
F:/Nejc/Projekti/BLEMeshHomeAutomation/BLE_MeshLightingProvisioner/Core/Src/stm32wbxx_it.c:172:6:DebugMon_Handler	4	static
F:/Nejc/Projekti/BLEMeshHomeAutomation/BLE_MeshLightingProvisioner/Core/Src/stm32wbxx_it.c:185:6:PendSV_Handler	4	static
F:/Nejc/Projekti/BLEMeshHomeAutomation/BLE_MeshLightingProvisioner/Core/Src/stm32wbxx_it.c:198:6:SysTick_Handler	8	static
F:/Nejc/Projekti/BLEMeshHomeAutomation/BLE_MeshLightingProvisioner/Core/Src/stm32wbxx_it.c:219:6:RTC_WKUP_IRQHandler	8	static
F:/Nejc/Projekti/BLEMeshHomeAutomation/BLE_MeshLightingProvisioner/Core/Src/stm32wbxx_it.c:233:6:DMA1_Channel4_IRQHandler	8	static
F:/Nejc/Projekti/BLEMeshHomeAutomation/BLE_MeshLightingProvisioner/Core/Src/stm32wbxx_it.c:247:6:USART1_IRQHandler	8	static
F:/Nejc/Projekti/BLEMeshHomeAutomation/BLE_MeshLightingProvisioner/Core/Src/stm32wbxx_it.c:261:6:LPUART1_IRQHandler	8	static
F:/Nejc/Projekti/BLEMeshHomeAutomation/BLE_MeshLightingProvisioner/Core/Src/stm32wbxx_it.c:275:6:IPCC_C1_RX_IRQHandler	8	static
F:/Nejc/Projekti/BLEMeshHomeAutomation/BLE_MeshLightingProvisioner/Core/Src/stm32wbxx_it.c:289:6:IPCC_C1_TX_IRQHandler	8	static
F:/Nejc/Projekti/BLEMeshHomeAutomation/BLE_MeshLightingProvisioner/Core/Src/stm32wbxx_it.c:303:6:HSEM_IRQHandler	8	static
F:/Nejc/Projekti/BLEMeshHomeAutomation/BLE_MeshLightingProvisioner/Core/Src/stm32wbxx_it.c:317:6:DMA2_Channel4_IRQHandler	8	static
F:/Nejc/Projekti/BLEMeshHomeAutomation/BLE_MeshLightingProvisioner/Core/Src/stm32wbxx_it.c:335:6:EXTI4_IRQHandler	8	static
F:/Nejc/Projekti/BLEMeshHomeAutomation/BLE_MeshLightingProvisioner/Core/Src/stm32wbxx_it.c:346:6:EXTI0_IRQHandler	8	static
F:/Nejc/Projekti/BLEMeshHomeAutomation/BLE_MeshLightingProvisioner/Core/Src/stm32wbxx_it.c:357:6:EXTI1_IRQHandler	8	static
F:/Nejc/Projekti/BLEMeshHomeAutomation/BLE_MeshLightingProvisioner/Core/Src/stm32wbxx_it.c:365:6:SPI1_IRQHandler	8	static
F:/Nejc/Projekti/BLEMeshHomeAutomation/BLE_MeshLightingProvisioner/Core/Src/stm32wbxx_it.c:379:6:EXTI9_5_IRQHandler	8	static
