23:27:35 **** Incremental Build of configuration Debug for project BLE_MeshLightingProvisioner ****
make -j12 all 
arm-none-eabi-gcc "F:/Nejc/Projekti/BLEMeshHomeAutomation/BLE_MeshLightingProvisioner/Middlewares/ST/STM32_WPAN/ble/mesh/Src/mesh_cfg.c" -mcpu=cortex-m4 -std=gnu11 -g3 -DUSE_HAL_DRIVER -DUSE_STM32WBXX_NUCLEO -DENABLE_USART -DSTM32WB55xx -DCLIENT -c -I../../Drivers/CMSIS/Device/ST/STM32WBxx/Include -I"F:/Nejc/Projekti/BLEMeshHomeAutomation/BLE_MeshLightingProvisioner/STM32CubeIDE/Application/Core/Libs" -I../../Drivers/CMSIS/Include -I../../Drivers/STM32WBxx_HAL_Driver/Inc -I../../Drivers/BSP/P-NUCLEO-WB55.Nucleo -I../../Middlewares/ST/STM32_WPAN/ble/mesh/Inc -I../../Core/Inc -I../../Middlewares/ST/STM32_WPAN -I../../Middlewares/ST/STM32_WPAN/ble/core/auto -I../../Middlewares/ST/STM32_WPAN/utilities -I../../Utilities/lpm/tiny_lpm -I../../Utilities/sequencer -I../../Middlewares/ST/STM32_WPAN/ble/core/template -I../../Middlewares/ST/STM32_WPAN/ble/core -I../../Middlewares/ST/STM32_WPAN/interface/patterns/ble_thread/tl -I../../Middlewares/ST/STM32_WPAN/interface/patterns/ble_thread/shci -I../../Middlewares/ST/STM32_WPAN/ble/mesh/MeshModel/Inc -I../../Middlewares/ST/STM32_WPAN/interface/patterns/ble_thread -I../../STM32_WPAN/app -I../../Middlewares/ST/STM32_WPAN/ble -O0 -ffunction-sections -fdata-sections -Wall -fstack-usage -fcyclomatic-complexity -MMD -MP -MF"Middlewares/STM32_WPAN/ble/blesvc/mesh_cfg.d" -MT"Middlewares/STM32_WPAN/ble/blesvc/mesh_cfg.o" --specs=nano.specs -mfpu=fpv4-sp-d16 -mfloat-abi=hard -mthumb -o "Middlewares/STM32_WPAN/ble/blesvc/mesh_cfg.o"
arm-none-eabi-gcc "F:/Nejc/Projekti/BLEMeshHomeAutomation/BLE_MeshLightingProvisioner/STM32_WPAN/app/appli_mesh.c" -mcpu=cortex-m4 -std=gnu11 -g3 -DUSE_HAL_DRIVER -DUSE_STM32WBXX_NUCLEO -DENABLE_USART -DSTM32WB55xx -DCLIENT -c -I../../Drivers/CMSIS/Device/ST/STM32WBxx/Include -I"F:/Nejc/Projekti/BLEMeshHomeAutomation/BLE_MeshLightingProvisioner/STM32CubeIDE/Application/Core/Libs" -I../../Drivers/CMSIS/Include -I../../Drivers/STM32WBxx_HAL_Driver/Inc -I../../Drivers/BSP/P-NUCLEO-WB55.Nucleo -I../../Middlewares/ST/STM32_WPAN/ble/mesh/Inc -I../../Core/Inc -I../../Middlewares/ST/STM32_WPAN -I../../Middlewares/ST/STM32_WPAN/ble/core/auto -I../../Middlewares/ST/STM32_WPAN/utilities -I../../Utilities/lpm/tiny_lpm -I../../Utilities/sequencer -I../../Middlewares/ST/STM32_WPAN/ble/core/template -I../../Middlewares/ST/STM32_WPAN/ble/core -I../../Middlewares/ST/STM32_WPAN/interface/patterns/ble_thread/tl -I../../Middlewares/ST/STM32_WPAN/interface/patterns/ble_thread/shci -I../../Middlewares/ST/STM32_WPAN/ble/mesh/MeshModel/Inc -I../../Middlewares/ST/STM32_WPAN/interface/patterns/ble_thread -I../../STM32_WPAN/app -I../../Middlewares/ST/STM32_WPAN/ble -O0 -ffunction-sections -fdata-sections -Wall -fstack-usage -fcyclomatic-complexity -MMD -MP -MF"Application/STM32_WPAN/app/appli_mesh.d" -MT"Application/STM32_WPAN/app/appli_mesh.o" --specs=nano.specs -mfpu=fpv4-sp-d16 -mfloat-abi=hard -mthumb -o "Application/STM32_WPAN/app/appli_mesh.o"
arm-none-eabi-gcc "../Application/Core/Libs/comm_uart.c" -mcpu=cortex-m4 -std=gnu11 -g3 -DUSE_HAL_DRIVER -DUSE_STM32WBXX_NUCLEO -DENABLE_USART -DSTM32WB55xx -DCLIENT -c -I../../Drivers/CMSIS/Device/ST/STM32WBxx/Include -I"F:/Nejc/Projekti/BLEMeshHomeAutomation/BLE_MeshLightingProvisioner/STM32CubeIDE/Application/Core/Libs" -I../../Drivers/CMSIS/Include -I../../Drivers/STM32WBxx_HAL_Driver/Inc -I../../Drivers/BSP/P-NUCLEO-WB55.Nucleo -I../../Middlewares/ST/STM32_WPAN/ble/mesh/Inc -I../../Core/Inc -I../../Middlewares/ST/STM32_WPAN -I../../Middlewares/ST/STM32_WPAN/ble/core/auto -I../../Middlewares/ST/STM32_WPAN/utilities -I../../Utilities/lpm/tiny_lpm -I../../Utilities/sequencer -I../../Middlewares/ST/STM32_WPAN/ble/core/template -I../../Middlewares/ST/STM32_WPAN/ble/core -I../../Middlewares/ST/STM32_WPAN/interface/patterns/ble_thread/tl -I../../Middlewares/ST/STM32_WPAN/interface/patterns/ble_thread/shci -I../../Middlewares/ST/STM32_WPAN/ble/mesh/MeshModel/Inc -I../../Middlewares/ST/STM32_WPAN/interface/patterns/ble_thread -I../../STM32_WPAN/app -I../../Middlewares/ST/STM32_WPAN/ble -O0 -ffunction-sections -fdata-sections -Wall -fstack-usage -fcyclomatic-complexity -MMD -MP -MF"Application/Core/Libs/comm_uart.d" -MT"Application/Core/Libs/comm_uart.o" --specs=nano.specs -mfpu=fpv4-sp-d16 -mfloat-abi=hard -mthumb -o "Application/Core/Libs/comm_uart.o"
arm-none-eabi-gcc "../Application/Core/Libs/communication_ex.c" -mcpu=cortex-m4 -std=gnu11 -g3 -DUSE_HAL_DRIVER -DUSE_STM32WBXX_NUCLEO -DENABLE_USART -DSTM32WB55xx -DCLIENT -c -I../../Drivers/CMSIS/Device/ST/STM32WBxx/Include -I"F:/Nejc/Projekti/BLEMeshHomeAutomation/BLE_MeshLightingProvisioner/STM32CubeIDE/Application/Core/Libs" -I../../Drivers/CMSIS/Include -I../../Drivers/STM32WBxx_HAL_Driver/Inc -I../../Drivers/BSP/P-NUCLEO-WB55.Nucleo -I../../Middlewares/ST/STM32_WPAN/ble/mesh/Inc -I../../Core/Inc -I../../Middlewares/ST/STM32_WPAN -I../../Middlewares/ST/STM32_WPAN/ble/core/auto -I../../Middlewares/ST/STM32_WPAN/utilities -I../../Utilities/lpm/tiny_lpm -I../../Utilities/sequencer -I../../Middlewares/ST/STM32_WPAN/ble/core/template -I../../Middlewares/ST/STM32_WPAN/ble/core -I../../Middlewares/ST/STM32_WPAN/interface/patterns/ble_thread/tl -I../../Middlewares/ST/STM32_WPAN/interface/patterns/ble_thread/shci -I../../Middlewares/ST/STM32_WPAN/ble/mesh/MeshModel/Inc -I../../Middlewares/ST/STM32_WPAN/interface/patterns/ble_thread -I../../STM32_WPAN/app -I../../Middlewares/ST/STM32_WPAN/ble -O0 -ffunction-sections -fdata-sections -Wall -fstack-usage -fcyclomatic-complexity -MMD -MP -MF"Application/Core/Libs/communication_ex.d" -MT"Application/Core/Libs/communication_ex.o" --specs=nano.specs -mfpu=fpv4-sp-d16 -mfloat-abi=hard -mthumb -o "Application/Core/Libs/communication_ex.o"
arm-none-eabi-gcc "../Application/Core/Libs/hw_spi.c" -mcpu=cortex-m4 -std=gnu11 -g3 -DUSE_HAL_DRIVER -DUSE_STM32WBXX_NUCLEO -DENABLE_USART -DSTM32WB55xx -DCLIENT -c -I../../Drivers/CMSIS/Device/ST/STM32WBxx/Include -I"F:/Nejc/Projekti/BLEMeshHomeAutomation/BLE_MeshLightingProvisioner/STM32CubeIDE/Application/Core/Libs" -I../../Drivers/CMSIS/Include -I../../Drivers/STM32WBxx_HAL_Driver/Inc -I../../Drivers/BSP/P-NUCLEO-WB55.Nucleo -I../../Middlewares/ST/STM32_WPAN/ble/mesh/Inc -I../../Core/Inc -I../../Middlewares/ST/STM32_WPAN -I../../Middlewares/ST/STM32_WPAN/ble/core/auto -I../../Middlewares/ST/STM32_WPAN/utilities -I../../Utilities/lpm/tiny_lpm -I../../Utilities/sequencer -I../../Middlewares/ST/STM32_WPAN/ble/core/template -I../../Middlewares/ST/STM32_WPAN/ble/core -I../../Middlewares/ST/STM32_WPAN/interface/patterns/ble_thread/tl -I../../Middlewares/ST/STM32_WPAN/interface/patterns/ble_thread/shci -I../../Middlewares/ST/STM32_WPAN/ble/mesh/MeshModel/Inc -I../../Middlewares/ST/STM32_WPAN/interface/patterns/ble_thread -I../../STM32_WPAN/app -I../../Middlewares/ST/STM32_WPAN/ble -O0 -ffunction-sections -fdata-sections -Wall -fstack-usage -fcyclomatic-complexity -MMD -MP -MF"Application/Core/Libs/hw_spi.d" -MT"Application/Core/Libs/hw_spi.o" --specs=nano.specs -mfpu=fpv4-sp-d16 -mfloat-abi=hard -mthumb -o "Application/Core/Libs/hw_spi.o"
arm-none-eabi-gcc "F:/Nejc/Projekti/BLEMeshHomeAutomation/BLE_MeshLightingProvisioner/Core/Src/hw_uart.c" -mcpu=cortex-m4 -std=gnu11 -g3 -DUSE_HAL_DRIVER -DUSE_STM32WBXX_NUCLEO -DENABLE_USART -DSTM32WB55xx -DCLIENT -c -I../../Drivers/CMSIS/Device/ST/STM32WBxx/Include -I"F:/Nejc/Projekti/BLEMeshHomeAutomation/BLE_MeshLightingProvisioner/STM32CubeIDE/Application/Core/Libs" -I../../Drivers/CMSIS/Include -I../../Drivers/STM32WBxx_HAL_Driver/Inc -I../../Drivers/BSP/P-NUCLEO-WB55.Nucleo -I../../Middlewares/ST/STM32_WPAN/ble/mesh/Inc -I../../Core/Inc -I../../Middlewares/ST/STM32_WPAN -I../../Middlewares/ST/STM32_WPAN/ble/core/auto -I../../Middlewares/ST/STM32_WPAN/utilities -I../../Utilities/lpm/tiny_lpm -I../../Utilities/sequencer -I../../Middlewares/ST/STM32_WPAN/ble/core/template -I../../Middlewares/ST/STM32_WPAN/ble/core -I../../Middlewares/ST/STM32_WPAN/interface/patterns/ble_thread/tl -I../../Middlewares/ST/STM32_WPAN/interface/patterns/ble_thread/shci -I../../Middlewares/ST/STM32_WPAN/ble/mesh/MeshModel/Inc -I../../Middlewares/ST/STM32_WPAN/interface/patterns/ble_thread -I../../STM32_WPAN/app -I../../Middlewares/ST/STM32_WPAN/ble -O0 -ffunction-sections -fdata-sections -Wall -fstack-usage -fcyclomatic-complexity -MMD -MP -MF"Application/Core/hw_uart.d" -MT"Application/Core/hw_uart.o" --specs=nano.specs -mfpu=fpv4-sp-d16 -mfloat-abi=hard -mthumb -o "Application/Core/hw_uart.o"
arm-none-eabi-gcc -o "BLE_MeshLightingProvisioner.elf" @"objects.list"  -l:libBle_Mesh_CM4_GCC.a -mcpu=cortex-m4 -T"F:\Nejc\Projekti\BLEMeshHomeAutomation\BLE_MeshLightingProvisioner\STM32CubeIDE\STM32WB55RGVX_FLASH.ld" --specs=nosys.specs -Wl,-Map="BLE_MeshLightingProvisioner.map" -Wl,--gc-sections -static -L../../Middlewares/ST/STM32_WPAN/ble/mesh/Library --specs=nano.specs -mfpu=fpv4-sp-d16 -mfloat-abi=hard -mthumb -u _printf_float -Wl,--start-group -lc -lm -Wl,--end-group
F:/Nejc/Programi/STM32CubeIDE_1.10.1/STM32CubeIDE/plugins/com.st.stm32cube.ide.mcu.externaltools.gnu-tools-for-stm32.12.3.rel1.win32_1.0.100.202403111256/tools/bin/../lib/gcc/arm-none-eabi/12.3.1/../../../../arm-none-eabi/bin/ld.exe: warning: BLE_MeshLightingProvisioner.elf has a LOAD segment with RWX permissions
Finished building target: BLE_MeshLightingProvisioner.elf
 
arm-none-eabi-size  BLE_MeshLightingProvisioner.elf 
arm-none-eabi-objdump -h -S BLE_MeshLightingProvisioner.elf  > "BLE_MeshLightingProvisioner.list"
arm-none-eabi-objcopy  -O ihex BLE_MeshLightingProvisioner.elf  "BLE_MeshLightingProvisioner.hex"
   text	   data	    bss	    dec	    hex	filename
 224336	   1258	  40775	 266369	  41081	BLE_MeshLightingProvisioner.elf
Finished building: default.size.stdout
 
Finished building: BLE_MeshLightingProvisioner.hex
 
Finished building: BLE_MeshLightingProvisioner.list
 

23:27:37 Build Finished. 0 errors, 1 warnings. (took 1s.850ms)

